Archive member included to satisfy reference by file (symbol)

c:/program files (x86)/atmel/studio/7.0/toolchain/avr8/avr8-gnu-toolchain/bin/../lib/gcc/avr/5.4.0/../../../../avr/lib/avr6\libm.a(addsf3.o)
                              Main.o (__subsf3)
c:/program files (x86)/atmel/studio/7.0/toolchain/avr8/avr8-gnu-toolchain/bin/../lib/gcc/avr/5.4.0/../../../../avr/lib/avr6\libm.a(addsf3x.o)
                              c:/program files (x86)/atmel/studio/7.0/toolchain/avr8/avr8-gnu-toolchain/bin/../lib/gcc/avr/5.4.0/../../../../avr/lib/avr6\libm.a(addsf3.o) (__addsf3x)
c:/program files (x86)/atmel/studio/7.0/toolchain/avr8/avr8-gnu-toolchain/bin/../lib/gcc/avr/5.4.0/../../../../avr/lib/avr6\libm.a(cmpsf2.o)
                              Main.o (__ltsf2)
c:/program files (x86)/atmel/studio/7.0/toolchain/avr8/avr8-gnu-toolchain/bin/../lib/gcc/avr/5.4.0/../../../../avr/lib/avr6\libm.a(fixsfsi.o)
                              Main.o (__fixsfsi)
c:/program files (x86)/atmel/studio/7.0/toolchain/avr8/avr8-gnu-toolchain/bin/../lib/gcc/avr/5.4.0/../../../../avr/lib/avr6\libm.a(fixunssfsi.o)
                              c:/program files (x86)/atmel/studio/7.0/toolchain/avr8/avr8-gnu-toolchain/bin/../lib/gcc/avr/5.4.0/../../../../avr/lib/avr6\libm.a(fixsfsi.o) (__fixunssfsi)
c:/program files (x86)/atmel/studio/7.0/toolchain/avr8/avr8-gnu-toolchain/bin/../lib/gcc/avr/5.4.0/../../../../avr/lib/avr6\libm.a(floatsisf.o)
                              Main.o (__floatunsisf)
c:/program files (x86)/atmel/studio/7.0/toolchain/avr8/avr8-gnu-toolchain/bin/../lib/gcc/avr/5.4.0/../../../../avr/lib/avr6\libm.a(fp_cmp.o)
                              c:/program files (x86)/atmel/studio/7.0/toolchain/avr8/avr8-gnu-toolchain/bin/../lib/gcc/avr/5.4.0/../../../../avr/lib/avr6\libm.a(cmpsf2.o) (__fp_cmp)
c:/program files (x86)/atmel/studio/7.0/toolchain/avr8/avr8-gnu-toolchain/bin/../lib/gcc/avr/5.4.0/../../../../avr/lib/avr6\libm.a(fp_inf.o)
                              c:/program files (x86)/atmel/studio/7.0/toolchain/avr8/avr8-gnu-toolchain/bin/../lib/gcc/avr/5.4.0/../../../../avr/lib/avr6\libm.a(addsf3x.o) (__fp_inf)
c:/program files (x86)/atmel/studio/7.0/toolchain/avr8/avr8-gnu-toolchain/bin/../lib/gcc/avr/5.4.0/../../../../avr/lib/avr6\libm.a(fp_nan.o)
                              c:/program files (x86)/atmel/studio/7.0/toolchain/avr8/avr8-gnu-toolchain/bin/../lib/gcc/avr/5.4.0/../../../../avr/lib/avr6\libm.a(addsf3x.o) (__fp_nan)
c:/program files (x86)/atmel/studio/7.0/toolchain/avr8/avr8-gnu-toolchain/bin/../lib/gcc/avr/5.4.0/../../../../avr/lib/avr6\libm.a(fp_pscA.o)
                              c:/program files (x86)/atmel/studio/7.0/toolchain/avr8/avr8-gnu-toolchain/bin/../lib/gcc/avr/5.4.0/../../../../avr/lib/avr6\libm.a(addsf3x.o) (__fp_pscA)
c:/program files (x86)/atmel/studio/7.0/toolchain/avr8/avr8-gnu-toolchain/bin/../lib/gcc/avr/5.4.0/../../../../avr/lib/avr6\libm.a(fp_pscB.o)
                              c:/program files (x86)/atmel/studio/7.0/toolchain/avr8/avr8-gnu-toolchain/bin/../lib/gcc/avr/5.4.0/../../../../avr/lib/avr6\libm.a(addsf3x.o) (__fp_pscB)
c:/program files (x86)/atmel/studio/7.0/toolchain/avr8/avr8-gnu-toolchain/bin/../lib/gcc/avr/5.4.0/../../../../avr/lib/avr6\libm.a(fp_round.o)
                              c:/program files (x86)/atmel/studio/7.0/toolchain/avr8/avr8-gnu-toolchain/bin/../lib/gcc/avr/5.4.0/../../../../avr/lib/avr6\libm.a(addsf3.o) (__fp_round)
c:/program files (x86)/atmel/studio/7.0/toolchain/avr8/avr8-gnu-toolchain/bin/../lib/gcc/avr/5.4.0/../../../../avr/lib/avr6\libm.a(fp_split3.o)
                              c:/program files (x86)/atmel/studio/7.0/toolchain/avr8/avr8-gnu-toolchain/bin/../lib/gcc/avr/5.4.0/../../../../avr/lib/avr6\libm.a(addsf3x.o) (__fp_split3)
c:/program files (x86)/atmel/studio/7.0/toolchain/avr8/avr8-gnu-toolchain/bin/../lib/gcc/avr/5.4.0/../../../../avr/lib/avr6\libm.a(fp_zero.o)
                              c:/program files (x86)/atmel/studio/7.0/toolchain/avr8/avr8-gnu-toolchain/bin/../lib/gcc/avr/5.4.0/../../../../avr/lib/avr6\libm.a(addsf3x.o) (__fp_zero)
c:/program files (x86)/atmel/studio/7.0/toolchain/avr8/avr8-gnu-toolchain/bin/../lib/gcc/avr/5.4.0/../../../../avr/lib/avr6\libm.a(mulsf3.o)
                              Main.o (__mulsf3)
c:/program files (x86)/atmel/studio/7.0/toolchain/avr8/avr8-gnu-toolchain/bin/../lib/gcc/avr/5.4.0/../../../../avr/lib/avr6\libm.a(mulsf3x.o)
                              c:/program files (x86)/atmel/studio/7.0/toolchain/avr8/avr8-gnu-toolchain/bin/../lib/gcc/avr/5.4.0/../../../../avr/lib/avr6\libm.a(mulsf3.o) (__mulsf3x)
c:/program files (x86)/atmel/studio/7.0/toolchain/avr8/avr8-gnu-toolchain/bin/../lib/gcc/avr/5.4.0/../../../../avr/lib/avr6\libm.a(pow.o)
                              Main.o (pow)
c:/program files (x86)/atmel/studio/7.0/toolchain/avr8/avr8-gnu-toolchain/bin/../lib/gcc/avr/5.4.0/../../../../avr/lib/avr6\libm.a(exp.o)
[...]
Memory Configuration

Name             Origin             Length             Attributes
text             0x00000000         0x00100000         xr
data             0x00800200         0x0000fe00         rw !x
eeprom           0x00810000         0x00010000         rw !x
fuse             0x00820000         0x00000003         rw !x
lock             0x00830000         0x00000400         rw !x
signature        0x00840000         0x00000400         rw !x
user_signatures  0x00850000         0x00000400         rw !x
*default*        0x00000000         0xffffffff

Linker script and memory map

Address of section .data set to 0x800200
LOAD C:/Program Files (x86)/Atmel/Studio/7.0/Packs/atmel/ATmega_DFP/1.2.209/gcc/dev/atmega2560/avr6/crtatmega2560.o
LOAD Main.o
START GROUP
LOAD c:/program files (x86)/atmel/studio/7.0/toolchain/avr8/avr8-gnu-toolchain/bin/../lib/gcc/avr/5.4.0/../../../../avr/lib/avr6\libm.a
LOAD C:\Users\marotron\Documents\Atmel Studio\7.0\MEng_Project_Arm\MEng_Project_Work\ArduinoCore\Debug\libArduinoCore.a
END GROUP
LOAD c:/program files (x86)/atmel/studio/7.0/toolchain/avr8/avr8-gnu-toolchain/bin/../lib/gcc/avr/5.4.0/avr6\libgcc.a
LOAD c:/program files (x86)/atmel/studio/7.0/toolchain/avr8/avr8-gnu-toolchain/bin/../lib/gcc/avr/5.4.0/../../../../avr/lib/avr6\libm.a
START GROUP
LOAD c:/program files (x86)/atmel/studio/7.0/toolchain/avr8/avr8-gnu-toolchain/bin/../lib/gcc/avr/5.4.0/avr6\libgcc.a
LOAD c:/program files (x86)/atmel/studio/7.0/toolchain/avr8/avr8-gnu-toolchain/bin/../lib/gcc/avr/5.4.0/../../../../avr/lib/avr6\libm.a
LOAD c:/program files (x86)/atmel/studio/7.0/toolchain/avr8/avr8-gnu-toolchain/bin/../lib/gcc/avr/5.4.0/../../../../avr/lib/avr6\libc.a
LOAD C:/Program Files (x86)/Atmel/Studio/7.0/Packs/atmel/ATmega_DFP/1.2.209/gcc/dev/atmega2560/avr6\libatmega2560.a
END GROUP
                0x00100000                __TEXT_REGION_LENGTH__ = DEFINED (__TEXT_REGION_LENGTH__)?__TEXT_REGION_LENGTH__:0x100000
                0x0000fe00                __DATA_REGION_LENGTH__ = DEFINED (__DATA_REGION_LENGTH__)?__DATA_REGION_LENGTH__:0xfe00
                0x00010000                __EEPROM_REGION_LENGTH__ = DEFINED (__EEPROM_REGION_LENGTH__)?__EEPROM_REGION_LENGTH__:0x10000
                [0x00000003]                __FUSE_REGION_LENGTH__ = DEFINED (__FUSE_REGION_LENGTH__)?__FUSE_REGION_LENGTH__:0x400
                0x00000400                __LOCK_REGION_LENGTH__ = DEFINED (__LOCK_REGION_LENGTH__)?__LOCK_REGION_LENGTH__:0x400
                0x00000400                __SIGNATURE_REGION_LENGTH__ = DEFINED (__SIGNATURE_REGION_LENGTH__)?__SIGNATURE_REGION_LENGTH__:0x400
                0x00000400                __USER_SIGNATURE_REGION_LENGTH__ = DEFINED (__USER_SIGNATURE_REGION_LENGTH__)?__USER_SIGNATURE_REGION_LENGTH__:0x400

.hash
 *(.hash)

.dynsym
 *(.dynsym)

.dynstr
 *(.dynstr)

.gnu.version
 *(.gnu.version)

.gnu.version_d
 *(.gnu.version_d)

.gnu.version_r
 *(.gnu.version_r)

.rel.init
 *(.rel.init)

.rela.init
 *(.rela.init)

.rel.text
 *(.rel.text)
 *(.rel.text.*)
 *(.rel.gnu.linkonce.t*)

.rela.text
 *(.rela.text)
 *(.rela.text.*)
 *(.rela.gnu.linkonce.t*)

.rel.fini
 *(.rel.fini)

.rela.fini
 *(.rela.fini)

.rel.rodata
 *(.rel.rodata)
 *(.rel.rodata.*)
 *(.rel.gnu.linkonce.r*)

.rela.rodata
 *(.rela.rodata)
 *(.rela.rodata.*)
 *(.rela.gnu.linkonce.r*)

.rel.data
 *(.rel.data)
 *(.rel.data.*)
 *(.rel.gnu.linkonce.d*)

.rela.data
 *(.rela.data)
 *(.rela.data.*)
 *(.rela.gnu.linkonce.d*)

.rel.ctors
 *(.rel.ctors)

.rela.ctors
 *(.rela.ctors)

.rel.dtors
 *(.rel.dtors)

.rela.dtors
 *(.rela.dtors)

.rel.got
 *(.rel.got)

.rela.got
 *(.rela.got)

.rel.bss
 *(.rel.bss)

.rela.bss
 *(.rela.bss)

.rel.plt
 *(.rel.plt)

.rela.plt
 *(.rela.plt)

.text           0x00000000     0x394c
 *(.vectors)
 .vectors       0x00000000       0xe4 C:/Program Files (x86)/Atmel/Studio/7.0/Packs/atmel/ATmega_DFP/1.2.209/gcc/dev/atmega2560/avr6/crtatmega2560.o
                0x00000000                __vector_default
                0x00000000                __vectors
 *(.vectors)
 *(.progmem.gcc*)
 .progmem.gcc_fplib
                0x000000e4       0x28 c:/program files (x86)/atmel/studio/7.0/toolchain/avr8/avr8-gnu-toolchain/bin/../lib/gcc/avr/5.4.0/../../../../avr/lib/avr6\libm.a(exp.o)
 .progmem.gcc_fplib
                0x0000010c       0x5a c:/program files (x86)/atmel/studio/7.0/toolchain/avr8/avr8-gnu-toolchain/bin/../lib/gcc/avr/5.4.0/../../../../avr/lib/avr6\libm.a(log.o)
 .progmem.gcc_sw_table.turnOffPWM
                0x00000166       0x24 C:\Users\marotron\Documents\Atmel Studio\7.0\MEng_Project_Arm\MEng_Project_Work\ArduinoCore\Debug\libArduinoCore.a(wiring_digital.o)
                0x0000018a                . = ALIGN (0x2)
                0x0000018a                __trampolines_start = .
 *(.trampolines)
 .trampolines   0x0000018a        0x0 linker stubs
 *(.trampolines*)
                0x0000018a                __trampolines_end = .
 *libprintf_flt.a:*(.progmem.data)
 *libc.a:*(.progmem.data)
 *(.progmem*)
 .progmem.data.digital_pin_to_timer_PGM
                0x0000018a       0x46 C:\Users\marotron\Documents\Atmel Studio\7.0\MEng_Project_Arm\MEng_Project_Work\ArduinoCore\Debug\libArduinoCore.a(wiring_digital.o)
                0x0000018a                digital_pin_to_timer_PGM
 .progmem.data.digital_pin_to_bit_mask_PGM
                0x000001d0       0x46 C:\Users\marotron\Documents\Atmel Studio\7.0\MEng_Project_Arm\MEng_Project_Work\ArduinoCore\Debug\libArduinoCore.a(wiring_digital.o)
                0x000001d0                digital_pin_to_bit_mask_PGM
 .progmem.data.digital_pin_to_port_PGM
                0x00000216       0x46 C:\Users\marotron\Documents\Atmel Studio\7.0\MEng_Project_Arm\MEng_Project_Work\ArduinoCore\Debug\libArduinoCore.a(wiring_digital.o)
                0x00000216                digital_pin_to_port_PGM
 .progmem.data.port_to_output_PGM
                0x0000025c       0x1a C:\Users\marotron\Documents\Atmel Studio\7.0\MEng_Project_Arm\MEng_Project_Work\ArduinoCore\Debug\libArduinoCore.a(wiring_digital.o)
                0x0000025c                port_to_output_PGM
 .progmem.data.port_to_mode_PGM
                0x00000276       0x1a C:\Users\marotron\Documents\Atmel Studio\7.0\MEng_Project_Arm\MEng_Project_Work\ArduinoCore\Debug\libArduinoCore.a(wiring_digital.o)
                0x00000276                port_to_mode_PGM
                0x00000290                . = ALIGN (0x2)
 *(.jumptables)
 *(.jumptables*)
 *(.lowtext)
 *(.lowtext*)
                0x00000290                __ctors_start = .
 *(.ctors)
 .ctors         0x00000290        0x2 Main.o
 .ctors         0x00000292        0x2 C:\Users\marotron\Documents\Atmel Studio\7.0\MEng_Project_Arm\MEng_Project_Work\ArduinoCore\Debug\libArduinoCore.a(HardwareSerial0.o)
 .ctors         0x00000294        0x2 C:\Users\marotron\Documents\Atmel Studio\7.0\MEng_Project_Arm\MEng_Project_Work\ArduinoCore\Debug\libArduinoCore.a(HardwareSerial1.o)
 .ctors         0x00000296        0x2 C:\Users\marotron\Documents\Atmel Studio\7.0\MEng_Project_Arm\MEng_Project_Work\ArduinoCore\Debug\libArduinoCore.a(Wire.o)
                0x00000298                __ctors_end = .
                0x00000298                __dtors_start = .
 *(.dtors)
                0x00000298                __dtors_end = .
 SORT(*)(.ctors)
 SORT(*)(.dtors)
 *(.init0)
 .init0         0x00000298        0x0 C:/Program Files (x86)/Atmel/Studio/7.0/Packs/atmel/ATmega_DFP/1.2.209/gcc/dev/atmega2560/avr6/crtatmega2560.o
                0x00000298                __init
 *(.init0)
 *(.init1)
 *(.init1)
 *(.init2)
 .init2         0x00000298       0x10 C:/Program Files (x86)/Atmel/Studio/7.0/Packs/atmel/ATmega_DFP/1.2.209/gcc/dev/atmega2560/avr6/crtatmega2560.o
 *(.init2)
 *(.init3)
 *(.init3)
 *(.init4)
 .init4         0x000002a8       0x1a c:/program files (x86)/atmel/studio/7.0/toolchain/avr8/avr8-gnu-toolchain/bin/../lib/gcc/avr/5.4.0/avr6\libgcc.a(_copy_data.o)
                0x000002a8                __do_copy_data
 .init4         0x000002c2       0x10 c:/program files (x86)/atmel/studio/7.0/toolchain/avr8/avr8-gnu-toolchain/bin/../lib/gcc/avr/5.4.0/avr6\libgcc.a(_clear_bss.o)
                0x000002c2                __do_clear_bss
 *(.init4)
 *(.init5)
 *(.init5)
 *(.init6)
 .init6         0x000002d2       0x20 c:/program files (x86)/atmel/studio/7.0/toolchain/avr8/avr8-gnu-toolchain/bin/../lib/gcc/avr/5.4.0/avr6\libgcc.a(_ctors.o)
                0x000002d2                __do_global_ctors
 *(.init6)
 *(.init7)
 *(.init7)
 *(.init8)
 *(.init8)
 *(.init9)
 .init9         0x000002f2        0x8 C:/Program Files (x86)/Atmel/Studio/7.0/Packs/atmel/ATmega_DFP/1.2.209/gcc/dev/atmega2560/avr6/crtatmega2560.o
 *(.init9)
 *(.text)
 .text          0x000002fa        0x2 C:/Program Files (x86)/Atmel/Studio/7.0/Packs/atmel/ATmega_DFP/1.2.209/gcc/dev/atmega2560/avr6/crtatmega2560.o
                0x000002fa                __vector_38
                0x000002fa                __vector_22
                0x000002fa                __vector_28
                0x000002fa                __vector_1
                0x000002fa                __vector_32
                0x000002fa                __vector_34
                0x000002fa                __vector_24
                0x000002fa                __vector_12
                0x000002fa                __vector_55
                0x000002fa                __vector_46
                0x000002fa                __bad_interrupt
                0x000002fa                __vector_6
                0x000002fa                __vector_31
                0x000002fa                __vector_35
                0x000002fa                __vector_3
                0x000002fa                __vector_30
                0x000002fa                __vector_45
                0x000002fa                __vector_11
                0x000002fa                __vector_54
                0x000002fa                __vector_13
                0x000002fa                __vector_17
                0x000002fa                __vector_19
                0x000002fa                __vector_56
                0x000002fa                __vector_7
                0x000002fa                __vector_49
                0x000002fa                __vector_41
                0x000002fa                __vector_43
                0x000002fa                __vector_27
                0x000002fa                __vector_5
                0x000002fa                __vector_33
                0x000002fa                __vector_47
                0x000002fa                __vector_52
                0x000002fa                __vector_4
                0x000002fa                __vector_44
                0x000002fa                __vector_51
                0x000002fa                __vector_2
                0x000002fa                __vector_21
                0x000002fa                __vector_15
                0x000002fa                __vector_29
                0x000002fa                __vector_40
                0x000002fa                __vector_8
                0x000002fa                __vector_48
                0x000002fa                __vector_14
                0x000002fa                __vector_53
                0x000002fa                __vector_10
                0x000002fa                __vector_50
                0x000002fa                __vector_16
                0x000002fa                __vector_18
                0x000002fa                __vector_20
                0x000002fa                __vector_42
                0x000002fc                . = ALIGN (0x2)
 *(.text.*)
 .text._ZN14HardwareSerial5writeEi
                0x000002fc        0xe Main.o
                0x000002fc                _ZN14HardwareSerial5writeEi
 .text._Z8printLCDhhih
                0x0000030a      0x122 Main.o
                0x0000030a                _Z8printLCDhhih
 .text._Z13setupSwitchesv
                0x0000042c       0x22 Main.o
                0x0000042c                _Z13setupSwitchesv
 .text._Z13checkPositionhi
                0x0000044e       0x54 Main.o
                0x0000044e                _Z13checkPositionhi
 .text._Z11printSerial6Stringi
                0x000004a2       0x2e Main.o
                0x000004a2                _Z11printSerial6Stringi
 .text._Z12error_decodeh
                0x000004d0      0x122 Main.o
                0x000004d0                _Z12error_decodeh
 .text._Z8sumBytesPhh
                0x000005f2       0x1a Main.o
                0x000005f2                _Z8sumBytesPhh
 .text.startup._GLOBAL__sub_I_position_old
                0x0000060c       0x1e Main.o
 .text._Z11printBufferv
                0x0000062a       0x96 Main.o
                0x0000062a                _Z11printBufferv
 .text._Z12printDataLCDv
                0x000006c0      0x40c Main.o
                0x000006c0                _Z12printDataLCDv
 .text._Z10writeServohhPhh
                0x00000acc      0x100 Main.o
                0x00000acc                _Z10writeServohhPhh
 .text._Z9moveSpeedhii
                0x00000bcc       0x68 Main.o
                0x00000bcc                _Z9moveSpeedhii
 .text._Z14setTorqueLimithi
                0x00000c34       0x26 Main.o
                0x00000c34                _Z14setTorqueLimithi
 .text._Z7setModehh
                0x00000c5a       0x8c Main.o
                0x00000c5a                _Z7setModehh
 .text._Z12setModeWheelh
                0x00000ce6        0x4 Main.o
                0x00000ce6                _Z12setModeWheelh
 .text._Z12setModeJointh
                0x00000cea        0x4 Main.o
                0x00000cea                _Z12setModeJointh
 .text._Z16setModeMultiTurnh
                0x00000cee        0x4 Main.o
                0x00000cee                _Z16setModeMultiTurnh
 .text.__vector_9
                0x00000cf2      0x1ca Main.o
                0x00000cf2                __vector_9
 .text._Z9readServohhh
                0x00000ebc       0xc2 Main.o
                0x00000ebc                _Z9readServohhh
 .text._Z7getDatahh
                0x00000f7e      0x22c Main.o
                0x00000f7e                _Z7getDatahh
 .text.loop     0x000011aa      0x106 Main.o
                0x000011aa                loop
 .text.setup    0x000012b0      0x176 Main.o
                0x000012b0                setup
 .text.avr-libc.fplib
                0x00001426        0xa c:/program files (x86)/atmel/studio/7.0/toolchain/avr8/avr8-gnu-toolchain/bin/../lib/gcc/avr/5.4.0/../../../../avr/lib/avr6\libm.a(addsf3.o)
                0x00001426                __subsf3
                0x00001428                __addsf3
 .text.avr-libc.fplib
                0x00001430       0xc0 c:/program files (x86)/atmel/studio/7.0/toolchain/avr8/avr8-gnu-toolchain/bin/../lib/gcc/avr/5.4.0/../../../../avr/lib/avr6\libm.a(addsf3x.o)
                0x0000144a                __addsf3x
 .text.avr-libc.fplib
                0x000014f0        0x8 c:/program files (x86)/atmel/studio/7.0/toolchain/avr8/avr8-gnu-toolchain/bin/../lib/gcc/avr/5.4.0/../../../../avr/lib/avr6\libm.a(cmpsf2.o)
                0x000014f0                __nesf2
                0x000014f0                __eqsf2
                0x000014f0                __cmpsf2
                0x000014f0                __ltsf2
                0x000014f0                __lesf2
 .text.avr-libc.fplib
                0x000014f8        0xa c:/program files (x86)/atmel/studio/7.0/toolchain/avr8/avr8-gnu-toolchain/bin/../lib/gcc/avr/5.4.0/../../../../avr/lib/avr6\libm.a(fixsfsi.o)
                0x000014f8                __fixsfsi
 .text.avr-libc.fplib
                0x00001502       0x58 c:/program files (x86)/atmel/studio/7.0/toolchain/avr8/avr8-gnu-toolchain/bin/../lib/gcc/avr/5.4.0/../../../../avr/lib/avr6\libm.a(fixunssfsi.o)
                0x00001502                __fixunssfsi
 .text.avr-libc.fplib
                0x0000155a       0x7a c:/program files (x86)/atmel/studio/7.0/toolchain/avr8/avr8-gnu-toolchain/bin/../lib/gcc/avr/5.4.0/../../../../avr/lib/avr6\libm.a(floatsisf.o)
                0x0000155a                __floatunsisf
                0x0000155e                __floatsisf
 .text.avr-libc.fplib
                0x000015d4       0x48 c:/program files (x86)/atmel/studio/7.0/toolchain/avr8/avr8-gnu-toolchain/bin/../lib/gcc/avr/5.4.0/../../../../avr/lib/avr6\libm.a(fp_cmp.o)
                0x000015d4                __fp_cmp
 .text.avr-libc.fplib
                0x0000161c        0xc c:/program files (x86)/atmel/studio/7.0/toolchain/avr8/avr8-gnu-toolchain/bin/../lib/gcc/avr/5.4.0/../../../../avr/lib/avr6\libm.a(fp_inf.o)
                0x0000161c                __fp_inf
 .text.avr-libc.fplib
                0x00001628        0x6 c:/program files (x86)/atmel/studio/7.0/toolchain/avr8/avr8-gnu-toolchain/bin/../lib/gcc/avr/5.4.0/../../../../avr/lib/avr6\libm.a(fp_nan.o)
                0x00001628                __fp_nan
 .text.avr-libc.fplib
                0x0000162e        0xe c:/program files (x86)/atmel/studio/7.0/toolchain/avr8/avr8-gnu-toolchain/bin/../lib/gcc/avr/5.4.0/../../../../avr/lib/avr6\libm.a(fp_pscA.o)
                0x0000162e                __fp_pscA
 .text.avr-libc.fplib
                0x0000163c        0xe c:/program files (x86)/atmel/studio/7.0/toolchain/avr8/avr8-gnu-toolchain/bin/../lib/gcc/avr/5.4.0/../../../../avr/lib/avr6\libm.a(fp_pscB.o)
                0x0000163c                __fp_pscB
 .text.avr-libc.fplib
                0x0000164a       0x22 c:/program files (x86)/atmel/studio/7.0/toolchain/avr8/avr8-gnu-toolchain/bin/../lib/gcc/avr/5.4.0/../../../../avr/lib/avr6\libm.a(fp_round.o)
                0x0000164a                __fp_round
 .text.avr-libc.fplib
                0x0000166c       0x44 c:/program files (x86)/atmel/studio/7.0/toolchain/avr8/avr8-gnu-toolchain/bin/../lib/gcc/avr/5.4.0/../../../../avr/lib/avr6\libm.a(fp_split3.o)
                0x0000166c                __fp_split3
                0x0000167c                __fp_splitA
 .text.avr-libc.fplib
                0x000016b0        0xe c:/program files (x86)/atmel/studio/7.0/toolchain/avr8/avr8-gnu-toolchain/bin/../lib/gcc/avr/5.4.0/../../../../avr/lib/avr6\libm.a(fp_zero.o)
                0x000016b0                __fp_zero
                0x000016b2                __fp_szero
 .text.avr-libc.fplib
                0x000016be        0x4 c:/program files (x86)/atmel/studio/7.0/toolchain/avr8/avr8-gnu-toolchain/bin/../lib/gcc/avr/5.4.0/../../../../avr/lib/avr6\libm.a(mulsf3.o)
                0x000016be                __mulsf3
 .text.avr-libc.fplib
                0x000016c2       0xc2 c:/program files (x86)/atmel/studio/7.0/toolchain/avr8/avr8-gnu-toolchain/bin/../lib/gcc/avr/5.4.0/../../../../avr/lib/avr6\libm.a(mulsf3x.o)
                0x000016d6                __mulsf3x
                0x000016da                __mulsf3_pse
 .text.avr-libc.fplib
                0x00001784       0x98 c:/program files (x86)/atmel/studio/7.0/toolchain/avr8/avr8-gnu-toolchain/bin/../lib/gcc/avr/5.4.0/../../../../avr/lib/avr6\libm.a(pow.o)
                0x00001784                pow
 .text.avr-libc.fplib
                0x0000181c       0x62 c:/program files (x86)/atmel/studio/7.0/toolchain/avr8/avr8-gnu-toolchain/bin/../lib/gcc/avr/5.4.0/../../../../avr/lib/avr6\libm.a(exp.o)
                0x00001826                exp
 .text.avr-libc.fplib
                0x0000187e       0x4a c:/program files (x86)/atmel/studio/7.0/toolchain/avr8/avr8-gnu-toolchain/bin/../lib/gcc/avr/5.4.0/../../../../avr/lib/avr6\libm.a(fp_powser.o)
                0x0000187e                __fp_powser
 .text.avr-libc.fplib
                0x000018c8        0xe c:/program files (x86)/atmel/studio/7.0/toolchain/avr8/avr8-gnu-toolchain/bin/../lib/gcc/avr/5.4.0/../../../../avr/lib/avr6\libm.a(inverse.o)
                0x000018c8                inverse
 .text.avr-libc.fplib
                0x000018d6       0x6c c:/program files (x86)/atmel/studio/7.0/toolchain/avr8/avr8-gnu-toolchain/bin/../lib/gcc/avr/5.4.0/../../../../avr/lib/avr6\libm.a(ldexp.o)
                0x000018da                ldexp
 .text.avr-libc.fplib
                0x00001942       0x8a c:/program files (x86)/atmel/studio/7.0/toolchain/avr8/avr8-gnu-toolchain/bin/../lib/gcc/avr/5.4.0/../../../../avr/lib/avr6\libm.a(log.o)
                0x0000194c                log
 .text.avr-libc.fplib
                0x000019cc       0x66 c:/program files (x86)/atmel/studio/7.0/toolchain/avr8/avr8-gnu-toolchain/bin/../lib/gcc/avr/5.4.0/../../../../avr/lib/avr6\libm.a(modf.o)
                0x000019cc                modf
                0x000019cc                modff
 .text.avr-libc.fplib
                0x00001a32        0x4 c:/program files (x86)/atmel/studio/7.0/toolchain/avr8/avr8-gnu-toolchain/bin/../lib/gcc/avr/5.4.0/../../../../avr/lib/avr6\libm.a(divsf3.o)
                0x00001a32                __divsf3
 .text.avr-libc.fplib
                0x00001a36       0xcc c:/program files (x86)/atmel/studio/7.0/toolchain/avr8/avr8-gnu-toolchain/bin/../lib/gcc/avr/5.4.0/../../../../avr/lib/avr6\libm.a(divsf3x.o)
                0x00001a4c                __divsf3x
                0x00001a50                __divsf3_pse
 .text.avr-libc.fplib
                0x00001b02       0x1c c:/program files (x86)/atmel/studio/7.0/toolchain/avr8/avr8-gnu-toolchain/bin/../lib/gcc/avr/5.4.0/../../../../avr/lib/avr6\libm.a(fp_mpack.o)
                0x00001b02                __fp_mpack
                0x00001b06                __fp_mpack_finite
 .text._ZN14HardwareSerial9availableEv
                0x00001b1e       0x18 C:\Users\marotron\Documents\Atmel Studio\7.0\MEng_Project_Arm\MEng_Project_Work\ArduinoCore\Debug\libArduinoCore.a(HardwareSerial.o)
                0x00001b1e                _ZN14HardwareSerial9availableEv
 .text._ZN14HardwareSerial4peekEv
                0x00001b36       0x1c C:\Users\marotron\Documents\Atmel Studio\7.0\MEng_Project_Arm\MEng_Project_Work\ArduinoCore\Debug\libArduinoCore.a(HardwareSerial.o)
                0x00001b36                _ZN14HardwareSerial4peekEv
 .text._ZN14HardwareSerial4readEv
                0x00001b52       0x28 C:\Users\marotron\Documents\Atmel Studio\7.0\MEng_Project_Arm\MEng_Project_Work\ArduinoCore\Debug\libArduinoCore.a(HardwareSerial.o)
                0x00001b52                _ZN14HardwareSerial4readEv
 .text._ZN14HardwareSerial17availableForWriteEv
                0x00001b7a       0x1e C:\Users\marotron\Documents\Atmel Studio\7.0\MEng_Project_Arm\MEng_Project_Work\ArduinoCore\Debug\libArduinoCore.a(HardwareSerial.o)
                0x00001b7a                _ZN14HardwareSerial17availableForWriteEv
 .text._Z14serialEventRunv
                0x00001b98       0x76 C:\Users\marotron\Documents\Atmel Studio\7.0\MEng_Project_Arm\MEng_Project_Work\ArduinoCore\Debug\libArduinoCore.a(HardwareSerial.o)
                0x00001b98                _Z14serialEventRunv
 .text._ZN14HardwareSerial17_tx_udr_empty_irqEv
                0x00001c0e       0x44 C:\Users\marotron\Documents\Atmel Studio\7.0\MEng_Project_Arm\MEng_Project_Work\ArduinoCore\Debug\libArduinoCore.a(HardwareSerial.o)
                0x00001c0e                _ZN14HardwareSerial17_tx_udr_empty_irqEv
 .text._ZN14HardwareSerial5writeEh
                0x00001c52       0x98 C:\Users\marotron\Documents\Atmel Studio\7.0\MEng_Project_Arm\MEng_Project_Work\ArduinoCore\Debug\libArduinoCore.a(HardwareSerial.o)
                0x00001c52                _ZN14HardwareSerial5writeEh
 .text._ZN14HardwareSerial5flushEv
                0x00001cea       0x42 C:\Users\marotron\Documents\Atmel Studio\7.0\MEng_Project_Arm\MEng_Project_Work\ArduinoCore\Debug\libArduinoCore.a(HardwareSerial.o)
                0x00001cea                _ZN14HardwareSerial5flushEv
 .text._ZN14HardwareSerial5beginEmh
                0x00001d2c       0xca C:\Users\marotron\Documents\Atmel Studio\7.0\MEng_Project_Arm\MEng_Project_Work\ArduinoCore\Debug\libArduinoCore.a(HardwareSerial.o)
                0x00001d2c                _ZN14HardwareSerial5beginEmh
 .text._ZN5Print17availableForWriteEv
                0x00001df6        0x6 C:\Users\marotron\Documents\Atmel Studio\7.0\MEng_Project_Arm\MEng_Project_Work\ArduinoCore\Debug\libArduinoCore.a(HardwareSerial0.o)
                0x00001df6                _ZN5Print17availableForWriteEv
 .text._ZN5Print5flushEv
                0x00001dfc        0x2 C:\Users\marotron\Documents\Atmel Studio\7.0\MEng_Project_Arm\MEng_Project_Work\ArduinoCore\Debug\libArduinoCore.a(HardwareSerial0.o)
                0x00001dfc                _ZN5Print5flushEv
 .text.__vector_25
                0x00001dfe       0x6c C:\Users\marotron\Documents\Atmel Studio\7.0\MEng_Project_Arm\MEng_Project_Work\ArduinoCore\Debug\libArduinoCore.a(HardwareSerial0.o)
                0x00001dfe                __vector_25
 .text.__vector_26
                0x00001e6a       0x52 C:\Users\marotron\Documents\Atmel Studio\7.0\MEng_Project_Arm\MEng_Project_Work\ArduinoCore\Debug\libArduinoCore.a(HardwareSerial0.o)
                0x00001e6a                __vector_26
 .text._Z17Serial0_availablev
                0x00001ebc       0x12 C:\Users\marotron\Documents\Atmel Studio\7.0\MEng_Project_Arm\MEng_Project_Work\ArduinoCore\Debug\libArduinoCore.a(HardwareSerial0.o)
                0x00001ebc                _Z17Serial0_availablev
 .text.startup._GLOBAL__sub_I___vector_25
                0x00001ece       0x5a C:\Users\marotron\Documents\Atmel Studio\7.0\MEng_Project_Arm\MEng_Project_Work\ArduinoCore\Debug\libArduinoCore.a(HardwareSerial0.o)
 .text.__vector_36
                0x00001f28       0x6c C:\Users\marotron\Documents\Atmel Studio\7.0\MEng_Project_Arm\MEng_Project_Work\ArduinoCore\Debug\libArduinoCore.a(HardwareSerial1.o)
                0x00001f28                __vector_36
 .text.__vector_37
                0x00001f94       0x52 C:\Users\marotron\Documents\Atmel Studio\7.0\MEng_Project_Arm\MEng_Project_Work\ArduinoCore\Debug\libArduinoCore.a(HardwareSerial1.o)
                0x00001f94                __vector_37
 .text._Z17Serial1_availablev
                0x00001fe6       0x12 C:\Users\marotron\Documents\Atmel Studio\7.0\MEng_Project_Arm\MEng_Project_Work\ArduinoCore\Debug\libArduinoCore.a(HardwareSerial1.o)
                0x00001fe6                _Z17Serial1_availablev
 .text.startup._GLOBAL__sub_I___vector_36
                0x00001ff8       0x5a C:\Users\marotron\Documents\Atmel Studio\7.0\MEng_Project_Arm\MEng_Project_Work\ArduinoCore\Debug\libArduinoCore.a(HardwareSerial1.o)
 .text.initVariant
                0x00002052        0x2 C:\Users\marotron\Documents\Atmel Studio\7.0\MEng_Project_Arm\MEng_Project_Work\ArduinoCore\Debug\libArduinoCore.a(main.o)
                0x00002052                initVariant
 .text.startup.main
                0x00002054       0x14 C:\Users\marotron\Documents\Atmel Studio\7.0\MEng_Project_Arm\MEng_Project_Work\ArduinoCore\Debug\libArduinoCore.a(main.o)
                0x00002054                main
 .text._ZN5Print5writeEPKhj
                0x00002068       0x54 C:\Users\marotron\Documents\Atmel Studio\7.0\MEng_Project_Arm\MEng_Project_Work\ArduinoCore\Debug\libArduinoCore.a(Print.o)
                0x00002068                _ZN5Print5writeEPKhj
 .text._ZN5Print5writeEPKc
                0x000020bc       0x2a C:\Users\marotron\Documents\Atmel Studio\7.0\MEng_Project_Arm\MEng_Project_Work\ArduinoCore\Debug\libArduinoCore.a(Print.o)
                0x000020bc                _ZN5Print5writeEPKc
 .text._ZN5Print5printERK6String
                0x000020e6       0x1c C:\Users\marotron\Documents\Atmel Studio\7.0\MEng_Project_Arm\MEng_Project_Work\ArduinoCore\Debug\libArduinoCore.a(Print.o)
                0x000020e6                _ZN5Print5printERK6String
 .text._ZN5Print5printEPKc
                0x00002102        0x2 C:\Users\marotron\Documents\Atmel Studio\7.0\MEng_Project_Arm\MEng_Project_Work\ArduinoCore\Debug\libArduinoCore.a(Print.o)
                0x00002102                _ZN5Print5printEPKc
 .text._ZN5Print5printEc
                0x00002104        0xe C:\Users\marotron\Documents\Atmel Studio\7.0\MEng_Project_Arm\MEng_Project_Work\ArduinoCore\Debug\libArduinoCore.a(Print.o)
                0x00002104                _ZN5Print5printEc
 .text._ZN5Print7printlnEv
                0x00002112        0x6 C:\Users\marotron\Documents\Atmel Studio\7.0\MEng_Project_Arm\MEng_Project_Work\ArduinoCore\Debug\libArduinoCore.a(Print.o)
                0x00002112                _ZN5Print7printlnEv
 .text._ZN5Print7printlnEPKc
                0x00002118       0x20 C:\Users\marotron\Documents\Atmel Studio\7.0\MEng_Project_Arm\MEng_Project_Work\ArduinoCore\Debug\libArduinoCore.a(Print.o)
                0x00002118                _ZN5Print7printlnEPKc
 .text._ZN5Print11printNumberEmh
                0x00002138       0x8e C:\Users\marotron\Documents\Atmel Studio\7.0\MEng_Project_Arm\MEng_Project_Work\ArduinoCore\Debug\libArduinoCore.a(Print.o)
                0x00002138                _ZN5Print11printNumberEmh
 .text._ZN5Print5printEmi
                0x000021c6       0x18 C:\Users\marotron\Documents\Atmel Studio\7.0\MEng_Project_Arm\MEng_Project_Work\ArduinoCore\Debug\libArduinoCore.a(Print.o)
                0x000021c6                _ZN5Print5printEmi
 .text._ZN5Print5printEhi
                0x000021de        0xc C:\Users\marotron\Documents\Atmel Studio\7.0\MEng_Project_Arm\MEng_Project_Work\ArduinoCore\Debug\libArduinoCore.a(Print.o)
                0x000021de                _ZN5Print5printEhi
 .text._ZN5Print5printEli
                0x000021ea       0x8a C:\Users\marotron\Documents\Atmel Studio\7.0\MEng_Project_Arm\MEng_Project_Work\ArduinoCore\Debug\libArduinoCore.a(Print.o)
                0x000021ea                _ZN5Print5printEli
 .text._ZN5Print5printEii
                0x00002274        0xc C:\Users\marotron\Documents\Atmel Studio\7.0\MEng_Project_Arm\MEng_Project_Work\ArduinoCore\Debug\libArduinoCore.a(Print.o)
                0x00002274                _ZN5Print5printEii
 .text._ZN5Print7printlnEii
                0x00002280       0x20 C:\Users\marotron\Documents\Atmel Studio\7.0\MEng_Project_Arm\MEng_Project_Work\ArduinoCore\Debug\libArduinoCore.a(Print.o)
                0x00002280                _ZN5Print7printlnEii
 .text.__vector_23
                0x000022a0       0x94 C:\Users\marotron\Documents\Atmel Studio\7.0\MEng_Project_Arm\MEng_Project_Work\ArduinoCore\Debug\libArduinoCore.a(wiring.o)
                0x000022a0                __vector_23
 .text.micros   0x00002334       0x4a C:\Users\marotron\Documents\Atmel Studio\7.0\MEng_Project_Arm\MEng_Project_Work\ArduinoCore\Debug\libArduinoCore.a(wiring.o)
                0x00002334                micros
 .text.delay    0x0000237e       0x72 C:\Users\marotron\Documents\Atmel Studio\7.0\MEng_Project_Arm\MEng_Project_Work\ArduinoCore\Debug\libArduinoCore.a(wiring.o)
                0x0000237e                delay
 .text.delayMicroseconds
                0x000023f0       0x16 C:\Users\marotron\Documents\Atmel Studio\7.0\MEng_Project_Arm\MEng_Project_Work\ArduinoCore\Debug\libArduinoCore.a(wiring.o)
                0x000023f0                delayMicroseconds
 .text.init     0x00002406       0xc4 C:\Users\marotron\Documents\Atmel Studio\7.0\MEng_Project_Arm\MEng_Project_Work\ArduinoCore\Debug\libArduinoCore.a(wiring.o)
                0x00002406                init
 .text.turnOffPWM
                0x000024ca       0xaa C:\Users\marotron\Documents\Atmel Studio\7.0\MEng_Project_Arm\MEng_Project_Work\ArduinoCore\Debug\libArduinoCore.a(wiring_digital.o)
 .text.pinMode  0x00002574       0x78 C:\Users\marotron\Documents\Atmel Studio\7.0\MEng_Project_Arm\MEng_Project_Work\ArduinoCore\Debug\libArduinoCore.a(wiring_digital.o)
                0x00002574                pinMode
 .text.digitalWrite
                0x000025ec       0x5c C:\Users\marotron\Documents\Atmel Studio\7.0\MEng_Project_Arm\MEng_Project_Work\ArduinoCore\Debug\libArduinoCore.a(wiring_digital.o)
                0x000025ec                digitalWrite
 .text._ZN6StringD2Ev
                0x00002648        0x8 C:\Users\marotron\Documents\Atmel Studio\7.0\MEng_Project_Arm\MEng_Project_Work\ArduinoCore\Debug\libArduinoCore.a(WString.o)
                0x00002648                _ZN6StringD2Ev
                0x00002648                _ZN6StringD1Ev
 .text._ZN6String10invalidateEv
                0x00002650       0x22 C:\Users\marotron\Documents\Atmel Studio\7.0\MEng_Project_Arm\MEng_Project_Work\ArduinoCore\Debug\libArduinoCore.a(WString.o)
                0x00002650                _ZN6String10invalidateEv
 .text._ZN6String12changeBufferEj
                0x00002672       0x32 C:\Users\marotron\Documents\Atmel Studio\7.0\MEng_Project_Arm\MEng_Project_Work\ArduinoCore\Debug\libArduinoCore.a(WString.o)
                0x00002672                _ZN6String12changeBufferEj
 .text._ZN6String7reserveEj
                0x000026a4       0x36 C:\Users\marotron\Documents\Atmel Studio\7.0\MEng_Project_Arm\MEng_Project_Work\ArduinoCore\Debug\libArduinoCore.a(WString.o)
                0x000026a4                _ZN6String7reserveEj
 .text._ZN6String4copyEPKcj
                0x000026da       0x3c C:\Users\marotron\Documents\Atmel Studio\7.0\MEng_Project_Arm\MEng_Project_Work\ArduinoCore\Debug\libArduinoCore.a(WString.o)
                0x000026da                _ZN6String4copyEPKcj
 .text._ZN6StringC2EPKc
                0x00002716       0x28 C:\Users\marotron\Documents\Atmel Studio\7.0\MEng_Project_Arm\MEng_Project_Work\ArduinoCore\Debug\libArduinoCore.a(WString.o)
                0x00002716                _ZN6StringC2EPKc
                0x00002716                _ZN6StringC1EPKc
 .text._ZN6StringaSERKS_
                0x0000273e       0x2a C:\Users\marotron\Documents\Atmel Studio\7.0\MEng_Project_Arm\MEng_Project_Work\ArduinoCore\Debug\libArduinoCore.a(WString.o)
                0x0000273e                _ZN6StringaSERKS_
 .text._ZN6StringC2ERKS_
                0x00002768       0x10 C:\Users\marotron\Documents\Atmel Studio\7.0\MEng_Project_Arm\MEng_Project_Work\ArduinoCore\Debug\libArduinoCore.a(WString.o)
                0x00002768                _ZN6StringC2ERKS_
                0x00002768                _ZN6StringC1ERKS_
 .text._ZN17LiquidCrystal_I2CC2Ehhh
                0x00002778       0x18 C:\Users\marotron\Documents\Atmel Studio\7.0\MEng_Project_Arm\MEng_Project_Work\ArduinoCore\Debug\libArduinoCore.a(LiquidCrystal_I2C.o)
                0x00002778                _ZN17LiquidCrystal_I2CC1Ehhh
                0x00002778                _ZN17LiquidCrystal_I2CC2Ehhh
 .text._ZN17LiquidCrystal_I2C13expanderWriteEh
                0x00002790       0x28 C:\Users\marotron\Documents\Atmel Studio\7.0\MEng_Project_Arm\MEng_Project_Work\ArduinoCore\Debug\libArduinoCore.a(LiquidCrystal_I2C.o)
                0x00002790                _ZN17LiquidCrystal_I2C13expanderWriteEh
 .text._ZN17LiquidCrystal_I2C9backlightEv
                0x000027b8        0xa C:\Users\marotron\Documents\Atmel Studio\7.0\MEng_Project_Arm\MEng_Project_Work\ArduinoCore\Debug\libArduinoCore.a(LiquidCrystal_I2C.o)
                0x000027b8                _ZN17LiquidCrystal_I2C9backlightEv
 .text._ZN17LiquidCrystal_I2C11pulseEnableEh
                0x000027c2       0x28 C:\Users\marotron\Documents\Atmel Studio\7.0\MEng_Project_Arm\MEng_Project_Work\ArduinoCore\Debug\libArduinoCore.a(LiquidCrystal_I2C.o)
                0x000027c2                _ZN17LiquidCrystal_I2C11pulseEnableEh
 .text._ZN17LiquidCrystal_I2C10write4bitsEh
                0x000027ea       0x18 C:\Users\marotron\Documents\Atmel Studio\7.0\MEng_Project_Arm\MEng_Project_Work\ArduinoCore\Debug\libArduinoCore.a(LiquidCrystal_I2C.o)
                0x000027ea                _ZN17LiquidCrystal_I2C10write4bitsEh
 .text._ZN17LiquidCrystal_I2C4sendEhh
                0x00002802       0x2a C:\Users\marotron\Documents\Atmel Studio\7.0\MEng_Project_Arm\MEng_Project_Work\ArduinoCore\Debug\libArduinoCore.a(LiquidCrystal_I2C.o)
                0x00002802                _ZN17LiquidCrystal_I2C4sendEhh
 .text._ZN17LiquidCrystal_I2C7commandEh
                0x0000282c        0x4 C:\Users\marotron\Documents\Atmel Studio\7.0\MEng_Project_Arm\MEng_Project_Work\ArduinoCore\Debug\libArduinoCore.a(LiquidCrystal_I2C.o)
                0x0000282c                _ZN17LiquidCrystal_I2C7commandEh
 .text._ZN17LiquidCrystal_I2C5clearEv
                0x00002830        0xa C:\Users\marotron\Documents\Atmel Studio\7.0\MEng_Project_Arm\MEng_Project_Work\ArduinoCore\Debug\libArduinoCore.a(LiquidCrystal_I2C.o)
                0x00002830                _ZN17LiquidCrystal_I2C5clearEv
 .text._ZN17LiquidCrystal_I2C4homeEv
                0x0000283a        0xa C:\Users\marotron\Documents\Atmel Studio\7.0\MEng_Project_Arm\MEng_Project_Work\ArduinoCore\Debug\libArduinoCore.a(LiquidCrystal_I2C.o)
                0x0000283a                _ZN17LiquidCrystal_I2C4homeEv
 .text._ZN17LiquidCrystal_I2C9setCursorEhh
                0x00002844       0x5a C:\Users\marotron\Documents\Atmel Studio\7.0\MEng_Project_Arm\MEng_Project_Work\ArduinoCore\Debug\libArduinoCore.a(LiquidCrystal_I2C.o)
                0x00002844                _ZN17LiquidCrystal_I2C9setCursorEhh
 .text._ZN17LiquidCrystal_I2C7displayEv
                0x0000289e        0xe C:\Users\marotron\Documents\Atmel Studio\7.0\MEng_Project_Arm\MEng_Project_Work\ArduinoCore\Debug\libArduinoCore.a(LiquidCrystal_I2C.o)
                0x0000289e                _ZN17LiquidCrystal_I2C7displayEv
 .text._ZN17LiquidCrystal_I2C5writeEh
                0x000028ac        0xa C:\Users\marotron\Documents\Atmel Studio\7.0\MEng_Project_Arm\MEng_Project_Work\ArduinoCore\Debug\libArduinoCore.a(LiquidCrystal_I2C.o)
                0x000028ac                _ZN17LiquidCrystal_I2C5writeEh
 .text._ZN17LiquidCrystal_I2C5beginEhhh
                0x000028b6       0x8a C:\Users\marotron\Documents\Atmel Studio\7.0\MEng_Project_Arm\MEng_Project_Work\ArduinoCore\Debug\libArduinoCore.a(LiquidCrystal_I2C.o)
                0x000028b6                _ZN17LiquidCrystal_I2C5beginEhhh
 .text._ZN17LiquidCrystal_I2C9init_privEv
                0x00002940       0x1c C:\Users\marotron\Documents\Atmel Studio\7.0\MEng_Project_Arm\MEng_Project_Work\ArduinoCore\Debug\libArduinoCore.a(LiquidCrystal_I2C.o)
                0x00002940                _ZN17LiquidCrystal_I2C9init_privEv
 .text._ZN17LiquidCrystal_I2C4initEv
                0x0000295c        0x2 C:\Users\marotron\Documents\Atmel Studio\7.0\MEng_Project_Arm\MEng_Project_Work\ArduinoCore\Debug\libArduinoCore.a(LiquidCrystal_I2C.o)
                0x0000295c                _ZN17LiquidCrystal_I2C4initEv
 .text._ZN7TwoWire9availableEv
                0x0000295e       0x10 C:\Users\marotron\Documents\Atmel Studio\7.0\MEng_Project_Arm\MEng_Project_Work\ArduinoCore\Debug\libArduinoCore.a(Wire.o)
                0x0000295e                _ZN7TwoWire9availableEv
 .text._ZN7TwoWire4readEv
                0x0000296e       0x28 C:\Users\marotron\Documents\Atmel Studio\7.0\MEng_Project_Arm\MEng_Project_Work\ArduinoCore\Debug\libArduinoCore.a(Wire.o)
                0x0000296e                _ZN7TwoWire4readEv
 .text._ZN7TwoWire4peekEv
                0x00002996       0x1e C:\Users\marotron\Documents\Atmel Studio\7.0\MEng_Project_Arm\MEng_Project_Work\ArduinoCore\Debug\libArduinoCore.a(Wire.o)
                0x00002996                _ZN7TwoWire4peekEv
 .text._ZN7TwoWire5flushEv
                0x000029b4        0x2 C:\Users\marotron\Documents\Atmel Studio\7.0\MEng_Project_Arm\MEng_Project_Work\ArduinoCore\Debug\libArduinoCore.a(Wire.o)
                0x000029b4                _ZN7TwoWire5flushEv
 .text._ZN7TwoWire16onReceiveServiceEPhi
                0x000029b6       0x54 C:\Users\marotron\Documents\Atmel Studio\7.0\MEng_Project_Arm\MEng_Project_Work\ArduinoCore\Debug\libArduinoCore.a(Wire.o)
                0x000029b6                _ZN7TwoWire16onReceiveServiceEPhi
 .text._ZN7TwoWire16onRequestServiceEv
                0x00002a0a       0x18 C:\Users\marotron\Documents\Atmel Studio\7.0\MEng_Project_Arm\MEng_Project_Work\ArduinoCore\Debug\libArduinoCore.a(Wire.o)
                0x00002a0a                _ZN7TwoWire16onRequestServiceEv
 .text._ZN7TwoWire5writeEPKhj
                0x00002a22       0x58 C:\Users\marotron\Documents\Atmel Studio\7.0\MEng_Project_Arm\MEng_Project_Work\ArduinoCore\Debug\libArduinoCore.a(Wire.o)
                0x00002a22                _ZN7TwoWire5writeEPKhj
 .text._ZN7TwoWire5writeEh
                0x00002a7a       0x5c C:\Users\marotron\Documents\Atmel Studio\7.0\MEng_Project_Arm\MEng_Project_Work\ArduinoCore\Debug\libArduinoCore.a(Wire.o)
                0x00002a7a                _ZN7TwoWire5writeEh
 .text._ZN7TwoWireC2Ev
                0x00002ad6       0x20 C:\Users\marotron\Documents\Atmel Studio\7.0\MEng_Project_Arm\MEng_Project_Work\ArduinoCore\Debug\libArduinoCore.a(Wire.o)
                0x00002ad6                _ZN7TwoWireC1Ev
                0x00002ad6                _ZN7TwoWireC2Ev
 .text._ZN7TwoWire5beginEv
                0x00002af6       0x1e C:\Users\marotron\Documents\Atmel Studio\7.0\MEng_Project_Arm\MEng_Project_Work\ArduinoCore\Debug\libArduinoCore.a(Wire.o)
                0x00002af6                _ZN7TwoWire5beginEv
 .text._ZN7TwoWire17beginTransmissionEh
                0x00002b14       0x14 C:\Users\marotron\Documents\Atmel Studio\7.0\MEng_Project_Arm\MEng_Project_Work\ArduinoCore\Debug\libArduinoCore.a(Wire.o)
                0x00002b14                _ZN7TwoWire17beginTransmissionEh
 .text._ZN7TwoWire15endTransmissionEh
                0x00002b28       0x24 C:\Users\marotron\Documents\Atmel Studio\7.0\MEng_Project_Arm\MEng_Project_Work\ArduinoCore\Debug\libArduinoCore.a(Wire.o)
                0x00002b28                _ZN7TwoWire15endTransmissionEh
 .text._ZN7TwoWire15endTransmissionEv
                0x00002b4c        0x4 C:\Users\marotron\Documents\Atmel Studio\7.0\MEng_Project_Arm\MEng_Project_Work\ArduinoCore\Debug\libArduinoCore.a(Wire.o)
                0x00002b4c                _ZN7TwoWire15endTransmissionEv
 .text.startup._GLOBAL__sub_I__ZN7TwoWire8rxBufferE
                0x00002b50        0x6 C:\Users\marotron\Documents\Atmel Studio\7.0\MEng_Project_Arm\MEng_Project_Work\ArduinoCore\Debug\libArduinoCore.a(Wire.o)
 .text.__empty  0x00002b56        0x2 C:\Users\marotron\Documents\Atmel Studio\7.0\MEng_Project_Arm\MEng_Project_Work\ArduinoCore\Debug\libArduinoCore.a(hooks.o)
                0x00002b56                yield
 .text.twi_init
                0x00002b58       0x38 C:\Users\marotron\Documents\Atmel Studio\7.0\MEng_Project_Arm\MEng_Project_Work\ArduinoCore\Debug\libArduinoCore.a(twi.o)
                0x00002b58                twi_init
 .text.twi_writeTo
                0x00002b90       0xac C:\Users\marotron\Documents\Atmel Studio\7.0\MEng_Project_Arm\MEng_Project_Work\ArduinoCore\Debug\libArduinoCore.a(twi.o)
                0x00002b90                twi_writeTo
 .text.twi_transmit
                0x00002c3c       0x50 C:\Users\marotron\Documents\Atmel Studio\7.0\MEng_Project_Arm\MEng_Project_Work\ArduinoCore\Debug\libArduinoCore.a(twi.o)
                0x00002c3c                twi_transmit
 .text.twi_attachSlaveRxEvent
                0x00002c8c        0xa C:\Users\marotron\Documents\Atmel Studio\7.0\MEng_Project_Arm\MEng_Project_Work\ArduinoCore\Debug\libArduinoCore.a(twi.o)
                0x00002c8c                twi_attachSlaveRxEvent
 .text.twi_attachSlaveTxEvent
                0x00002c96        0xa C:\Users\marotron\Documents\Atmel Studio\7.0\MEng_Project_Arm\MEng_Project_Work\ArduinoCore\Debug\libArduinoCore.a(twi.o)
                0x00002c96                twi_attachSlaveTxEvent
 .text.twi_stop
                0x00002ca0       0x14 C:\Users\marotron\Documents\Atmel Studio\7.0\MEng_Project_Arm\MEng_Project_Work\ArduinoCore\Debug\libArduinoCore.a(twi.o)
                0x00002ca0                twi_stop
 .text.twi_releaseBus
                0x00002cb4        0xc C:\Users\marotron\Documents\Atmel Studio\7.0\MEng_Project_Arm\MEng_Project_Work\ArduinoCore\Debug\libArduinoCore.a(twi.o)
                0x00002cb4                twi_releaseBus
 .text.__vector_39
                0x00002cc0      0x25c C:\Users\marotron\Documents\Atmel Studio\7.0\MEng_Project_Arm\MEng_Project_Work\ArduinoCore\Debug\libArduinoCore.a(twi.o)
                0x00002cc0                __vector_39
 .text.libgcc.div
                0x00002f1c       0x44 c:/program files (x86)/atmel/studio/7.0/toolchain/avr8/avr8-gnu-toolchain/bin/../lib/gcc/avr/5.4.0/avr6\libgcc.a(_udivmodsi4.o)
                0x00002f1c                __udivmodsi4
 .text.libgcc   0x00002f60       0x10 c:/program files (x86)/atmel/studio/7.0/toolchain/avr8/avr8-gnu-toolchain/bin/../lib/gcc/avr/5.4.0/avr6\libgcc.a(_tablejump2.o)
                0x00002f60                __tablejump2__
 .text.avr-libc
                0x00002f70      0x242 c:/program files (x86)/atmel/studio/7.0/toolchain/avr8/avr8-gnu-toolchain/bin/../lib/gcc/avr/5.4.0/../../../../avr/lib/avr6\libc.a(malloc.o)
                0x00002f70                malloc
                0x000030a0                free
 .text.avr-libc
                0x000031b2      0x1c0 c:/program files (x86)/atmel/studio/7.0/toolchain/avr8/avr8-gnu-toolchain/bin/../lib/gcc/avr/5.4.0/../../../../avr/lib/avr6\libc.a(realloc.o)
                0x000031b2                realloc
 .text.avr-libc
                0x00003372       0x12 c:/program files (x86)/atmel/studio/7.0/toolchain/avr8/avr8-gnu-toolchain/bin/../lib/gcc/avr/5.4.0/../../../../avr/lib/avr6\libc.a(memcpy.o)
                0x00003372                memcpy
 .text.avr-libc
                0x00003384        0xe c:/program files (x86)/atmel/studio/7.0/toolchain/avr8/avr8-gnu-toolchain/bin/../lib/gcc/avr/5.4.0/../../../../avr/lib/avr6\libc.a(strcpy.o)
                0x00003384                strcpy
 .text.avr-libc
                0x00003392       0x5c c:/program files (x86)/atmel/studio/7.0/toolchain/avr8/avr8-gnu-toolchain/bin/../lib/gcc/avr/5.4.0/../../../../avr/lib/avr6\libc.a(sprintf.o)
                0x00003392                sprintf
 .text.avr-libc
                0x000033ee      0x3fa c:/program files (x86)/atmel/studio/7.0/toolchain/avr8/avr8-gnu-toolchain/bin/../lib/gcc/avr/5.4.0/../../../../avr/lib/avr6\libc.a(vfprintf_std.o)
                0x000033ee                vfprintf
 .text.avr-libc
                0x000037e8       0x16 c:/program files (x86)/atmel/studio/7.0/toolchain/avr8/avr8-gnu-toolchain/bin/../lib/gcc/avr/5.4.0/../../../../avr/lib/avr6\libc.a(strnlen_P.o)
                0x000037e8                strnlen_P
 .text.avr-libc
                0x000037fe       0x16 c:/program files (x86)/atmel/studio/7.0/toolchain/avr8/avr8-gnu-toolchain/bin/../lib/gcc/avr/5.4.0/../../../../avr/lib/avr6\libc.a(strnlen.o)
                0x000037fe                strnlen
 .text.avr-libc
                0x00003814       0x78 c:/program files (x86)/atmel/studio/7.0/toolchain/avr8/avr8-gnu-toolchain/bin/../lib/gcc/avr/5.4.0/../../../../avr/lib/avr6\libc.a(fputc.o)
                0x00003814                fputc
 .text.avr-libc
                0x0000388c       0xbc c:/program files (x86)/atmel/studio/7.0/toolchain/avr8/avr8-gnu-toolchain/bin/../lib/gcc/avr/5.4.0/../../../../avr/lib/avr6\libc.a(ultoa_invert.o)
                0x0000388c                __ultoa_invert
                0x00003948                . = ALIGN (0x2)
 *(.fini9)
 .fini9         0x00003948        0x0 c:/program files (x86)/atmel/studio/7.0/toolchain/avr8/avr8-gnu-toolchain/bin/../lib/gcc/avr/5.4.0/avr6\libgcc.a(_exit.o)
                0x00003948                _exit
                0x00003948                exit
 *(.fini9)
 *(.fini8)
 *(.fini8)
 *(.fini7)
 *(.fini7)
 *(.fini6)
 *(.fini6)
 *(.fini5)
 *(.fini5)
 *(.fini4)
 *(.fini4)
 *(.fini3)
 *(.fini3)
 *(.fini2)
 *(.fini2)
 *(.fini1)
 *(.fini1)
 *(.fini0)
 .fini0         0x00003948        0x4 c:/program files (x86)/atmel/studio/7.0/toolchain/avr8/avr8-gnu-toolchain/bin/../lib/gcc/avr/5.4.0/avr6\libgcc.a(_exit.o)
 *(.fini0)
                0x0000394c                _etext = .

.data           0x00800200      0x16c load address 0x0000394c
                0x00800200                PROVIDE (__data_start, .)
 *(.data)
 .data          0x00800200        0x6 c:/program files (x86)/atmel/studio/7.0/toolchain/avr8/avr8-gnu-toolchain/bin/../lib/gcc/avr/5.4.0/../../../../avr/lib/avr6\libc.a(malloc.o)
                0x00800200                __malloc_heap_end
                0x00800202                __malloc_heap_start
                0x00800204                __malloc_margin
 *(.data*)
 .data.angle    0x00800206        0x2 Main.o
                0x00800206                angle
 *(.gnu.linkonce.d*)
 *(.rodata)
 .rodata        0x00800208        0x8 C:\Users\marotron\Documents\Atmel Studio\7.0\MEng_Project_Arm\MEng_Project_Work\ArduinoCore\Debug\libArduinoCore.a(LiquidCrystal_I2C.o)
 *(.rodata*)
 .rodata.str1.1
                0x00800210      0x11c Main.o
                                0x124 (size before relaxing)
 .rodata._ZTV14HardwareSerial
                0x0080032c       0x12 C:\Users\marotron\Documents\Atmel Studio\7.0\MEng_Project_Arm\MEng_Project_Work\ArduinoCore\Debug\libArduinoCore.a(HardwareSerial.o)
                0x0080032c                _ZTV14HardwareSerial
 .rodata.str1.1
                0x0080033e        0xf C:\Users\marotron\Documents\Atmel Studio\7.0\MEng_Project_Arm\MEng_Project_Work\ArduinoCore\Debug\libArduinoCore.a(Print.o)
 .rodata._ZTV17LiquidCrystal_I2C
                0x0080034d        0xc C:\Users\marotron\Documents\Atmel Studio\7.0\MEng_Project_Arm\MEng_Project_Work\ArduinoCore\Debug\libArduinoCore.a(LiquidCrystal_I2C.o)
                0x0080034d                _ZTV17LiquidCrystal_I2C
 .rodata._ZTV7TwoWire
                0x00800359       0x12 C:\Users\marotron\Documents\Atmel Studio\7.0\MEng_Project_Arm\MEng_Project_Work\ArduinoCore\Debug\libArduinoCore.a(Wire.o)
                0x00800359                _ZTV7TwoWire
 *(.gnu.linkonce.r*)
                0x0080036c                . = ALIGN (0x2)
 *fill*         0x0080036b        0x1 
                0x0080036c                _edata = .
                0x0080036c                PROVIDE (__data_end, .)

.bss            0x0080036c      0x266
                0x0080036c                PROVIDE (__bss_start, .)
 *(.bss)
 *(.bss*)
 .bss.load_5    0x0080036c        0x2 Main.o
                0x0080036c                load_5
 .bss.load_4    0x0080036e        0x2 Main.o
                0x0080036e                load_4
 .bss.serialReading
                0x00800370        0x1 Main.o
                0x00800370                serialReading
 .bss.serialWriting
                0x00800371        0x1 Main.o
                0x00800371                serialWriting
 .bss.lcd       0x00800372        0xc Main.o
                0x00800372                lcd
 .bss.cycle_counter
                0x0080037e        0x2 Main.o
                0x0080037e                cycle_counter
 .bss.error_counter
                0x00800380        0x2 Main.o
                0x00800380                error_counter
 .bss.error_byte_old
                0x00800382        0x1 Main.o
                0x00800382                error_byte_old
 .bss.arm       0x00800383       0x3d Main.o
                0x00800383                arm
 .bss.buttonsFlip
                0x008003c0        0x3 Main.o
                0x008003c0                buttonsFlip
 .bss.lastButtonPressed
                0x008003c3        0x1 Main.o
                0x008003c3                lastButtonPressed
 .bss.currPos   0x008003c4        0x2 Main.o
                0x008003c4                currPos
 .bss.servoID_old
                0x008003c6        0x1 Main.o
                0x008003c6                servoID_old
 .bss.Serial    0x008003c7       0x9d C:\Users\marotron\Documents\Atmel Studio\7.0\MEng_Project_Arm\MEng_Project_Work\ArduinoCore\Debug\libArduinoCore.a(HardwareSerial0.o)
                0x008003c7                Serial
 .bss.Serial1   0x00800464       0x9d C:\Users\marotron\Documents\Atmel Studio\7.0\MEng_Project_Arm\MEng_Project_Work\ArduinoCore\Debug\libArduinoCore.a(HardwareSerial1.o)
                0x00800464                Serial1
 .bss.timer0_fract
                0x00800501        0x1 C:\Users\marotron\Documents\Atmel Studio\7.0\MEng_Project_Arm\MEng_Project_Work\ArduinoCore\Debug\libArduinoCore.a(wiring.o)
 .bss.timer0_millis
                0x00800502        0x4 C:\Users\marotron\Documents\Atmel Studio\7.0\MEng_Project_Arm\MEng_Project_Work\ArduinoCore\Debug\libArduinoCore.a(wiring.o)
                0x00800502                timer0_millis
 .bss.timer0_overflow_count
                0x00800506        0x4 C:\Users\marotron\Documents\Atmel Studio\7.0\MEng_Project_Arm\MEng_Project_Work\ArduinoCore\Debug\libArduinoCore.a(wiring.o)
                0x00800506                timer0_overflow_count
 .bss.Wire      0x0080050a        0xc C:\Users\marotron\Documents\Atmel Studio\7.0\MEng_Project_Arm\MEng_Project_Work\ArduinoCore\Debug\libArduinoCore.a(Wire.o)
                0x0080050a                Wire
 .bss._ZN7TwoWire14user_onReceiveE
                0x00800516        0x2 C:\Users\marotron\Documents\Atmel Studio\7.0\MEng_Project_Arm\MEng_Project_Work\ArduinoCore\Debug\libArduinoCore.a(Wire.o)
                0x00800516                _ZN7TwoWire14user_onReceiveE
 .bss._ZN7TwoWire14user_onRequestE
                0x00800518        0x2 C:\Users\marotron\Documents\Atmel Studio\7.0\MEng_Project_Arm\MEng_Project_Work\ArduinoCore\Debug\libArduinoCore.a(Wire.o)
                0x00800518                _ZN7TwoWire14user_onRequestE
 .bss._ZN7TwoWire12transmittingE
                0x0080051a        0x1 C:\Users\marotron\Documents\Atmel Studio\7.0\MEng_Project_Arm\MEng_Project_Work\ArduinoCore\Debug\libArduinoCore.a(Wire.o)
                0x0080051a                _ZN7TwoWire12transmittingE
 .bss._ZN7TwoWire14txBufferLengthE
                0x0080051b        0x1 C:\Users\marotron\Documents\Atmel Studio\7.0\MEng_Project_Arm\MEng_Project_Work\ArduinoCore\Debug\libArduinoCore.a(Wire.o)
                0x0080051b                _ZN7TwoWire14txBufferLengthE
 .bss._ZN7TwoWire13txBufferIndexE
                0x0080051c        0x1 C:\Users\marotron\Documents\Atmel Studio\7.0\MEng_Project_Arm\MEng_Project_Work\ArduinoCore\Debug\libArduinoCore.a(Wire.o)
                0x0080051c                _ZN7TwoWire13txBufferIndexE
 .bss._ZN7TwoWire8txBufferE
                0x0080051d       0x20 C:\Users\marotron\Documents\Atmel Studio\7.0\MEng_Project_Arm\MEng_Project_Work\ArduinoCore\Debug\libArduinoCore.a(Wire.o)
                0x0080051d                _ZN7TwoWire8txBufferE
 .bss._ZN7TwoWire9txAddressE
                0x0080053d        0x1 C:\Users\marotron\Documents\Atmel Studio\7.0\MEng_Project_Arm\MEng_Project_Work\ArduinoCore\Debug\libArduinoCore.a(Wire.o)
                0x0080053d                _ZN7TwoWire9txAddressE
 .bss._ZN7TwoWire14rxBufferLengthE
                0x0080053e        0x1 C:\Users\marotron\Documents\Atmel Studio\7.0\MEng_Project_Arm\MEng_Project_Work\ArduinoCore\Debug\libArduinoCore.a(Wire.o)
                0x0080053e                _ZN7TwoWire14rxBufferLengthE
 .bss._ZN7TwoWire13rxBufferIndexE
                0x0080053f        0x1 C:\Users\marotron\Documents\Atmel Studio\7.0\MEng_Project_Arm\MEng_Project_Work\ArduinoCore\Debug\libArduinoCore.a(Wire.o)
                0x0080053f                _ZN7TwoWire13rxBufferIndexE
 .bss._ZN7TwoWire8rxBufferE
                0x00800540       0x20 C:\Users\marotron\Documents\Atmel Studio\7.0\MEng_Project_Arm\MEng_Project_Work\ArduinoCore\Debug\libArduinoCore.a(Wire.o)
                0x00800540                _ZN7TwoWire8rxBufferE
 .bss.twi_error
                0x00800560        0x1 C:\Users\marotron\Documents\Atmel Studio\7.0\MEng_Project_Arm\MEng_Project_Work\ArduinoCore\Debug\libArduinoCore.a(twi.o)
 .bss.twi_rxBufferIndex
                0x00800561        0x1 C:\Users\marotron\Documents\Atmel Studio\7.0\MEng_Project_Arm\MEng_Project_Work\ArduinoCore\Debug\libArduinoCore.a(twi.o)
 .bss.twi_rxBuffer
                0x00800562       0x20 C:\Users\marotron\Documents\Atmel Studio\7.0\MEng_Project_Arm\MEng_Project_Work\ArduinoCore\Debug\libArduinoCore.a(twi.o)
 .bss.twi_txBufferLength
                0x00800582        0x1 C:\Users\marotron\Documents\Atmel Studio\7.0\MEng_Project_Arm\MEng_Project_Work\ArduinoCore\Debug\libArduinoCore.a(twi.o)
 .bss.twi_txBufferIndex
                0x00800583        0x1 C:\Users\marotron\Documents\Atmel Studio\7.0\MEng_Project_Arm\MEng_Project_Work\ArduinoCore\Debug\libArduinoCore.a(twi.o)
 .bss.twi_txBuffer
                0x00800584       0x20 C:\Users\marotron\Documents\Atmel Studio\7.0\MEng_Project_Arm\MEng_Project_Work\ArduinoCore\Debug\libArduinoCore.a(twi.o)
 .bss.twi_masterBufferLength
                0x008005a4        0x1 C:\Users\marotron\Documents\Atmel Studio\7.0\MEng_Project_Arm\MEng_Project_Work\ArduinoCore\Debug\libArduinoCore.a(twi.o)
 .bss.twi_masterBufferIndex
                0x008005a5        0x1 C:\Users\marotron\Documents\Atmel Studio\7.0\MEng_Project_Arm\MEng_Project_Work\ArduinoCore\Debug\libArduinoCore.a(twi.o)
 .bss.twi_masterBuffer
                0x008005a6       0x20 C:\Users\marotron\Documents\Atmel Studio\7.0\MEng_Project_Arm\MEng_Project_Work\ArduinoCore\Debug\libArduinoCore.a(twi.o)
 .bss.twi_onSlaveReceive
                0x008005c6        0x2 C:\Users\marotron\Documents\Atmel Studio\7.0\MEng_Project_Arm\MEng_Project_Work\ArduinoCore\Debug\libArduinoCore.a(twi.o)
 .bss.twi_onSlaveTransmit
                0x008005c8        0x2 C:\Users\marotron\Documents\Atmel Studio\7.0\MEng_Project_Arm\MEng_Project_Work\ArduinoCore\Debug\libArduinoCore.a(twi.o)
 .bss.twi_inRepStart
                0x008005ca        0x1 C:\Users\marotron\Documents\Atmel Studio\7.0\MEng_Project_Arm\MEng_Project_Work\ArduinoCore\Debug\libArduinoCore.a(twi.o)
 .bss.twi_sendStop
                0x008005cb        0x1 C:\Users\marotron\Documents\Atmel Studio\7.0\MEng_Project_Arm\MEng_Project_Work\ArduinoCore\Debug\libArduinoCore.a(twi.o)
 .bss.twi_slarw
                0x008005cc        0x1 C:\Users\marotron\Documents\Atmel Studio\7.0\MEng_Project_Arm\MEng_Project_Work\ArduinoCore\Debug\libArduinoCore.a(twi.o)
 .bss.twi_state
                0x008005cd        0x1 C:\Users\marotron\Documents\Atmel Studio\7.0\MEng_Project_Arm\MEng_Project_Work\ArduinoCore\Debug\libArduinoCore.a(twi.o)
 *(COMMON)
 COMMON         0x008005ce        0x4 c:/program files (x86)/atmel/studio/7.0/toolchain/avr8/avr8-gnu-toolchain/bin/../lib/gcc/avr/5.4.0/../../../../avr/lib/avr6\libc.a(malloc.o)
                0x008005ce                __brkval
                0x008005d0                __flp
                0x008005d2                PROVIDE (__bss_end, .)
                0x0000394c                __data_load_start = LOADADDR (.data)
                0x00003ab8                __data_load_end = (__data_load_start + SIZEOF (.data))

.noinit         0x008005d2        0x0
                [!provide]                PROVIDE (__noinit_start, .)
 *(.noinit*)
                [!provide]                PROVIDE (__noinit_end, .)
                0x008005d2                _end = .
                0x008005d2                PROVIDE (__heap_start, .)

.eeprom         0x00810000        0x0
 *(.eeprom*)
                0x00810000                __eeprom_end = .

.fuse
 *(.fuse)
 *(.lfuse)
 *(.hfuse)
 *(.efuse)

.lock
 *(.lock*)

.signature
 *(.signature*)

.user_signatures
 *(.user_signatures*)

.stab
 *(.stab)

.stabstr
 *(.stabstr)

.stab.excl
 *(.stab.excl)

.stab.exclstr
 *(.stab.exclstr)

.stab.index
 *(.stab.index)

.stab.indexstr
 *(.stab.indexstr)

.comment        0x00000000       0x5c
 *(.comment)
 .comment       0x00000000       0x30 Main.o
                                 0x31 (size before relaxing)
 .comment       0x00000030       0x31 C:\Users\marotron\Documents\Atmel Studio\7.0\MEng_Project_Arm\MEng_Project_Work\ArduinoCore\Debug\libArduinoCore.a(HardwareSerial.o)
 .comment       0x00000030       0x31 C:\Users\marotron\Documents\Atmel Studio\7.0\MEng_Project_Arm\MEng_Project_Work\ArduinoCore\Debug\libArduinoCore.a(HardwareSerial0.o)
 .comment       0x00000030       0x31 C:\Users\marotron\Documents\Atmel Studio\7.0\MEng_Project_Arm\MEng_Project_Work\ArduinoCore\Debug\libArduinoCore.a(HardwareSerial1.o)
 .comment       0x00000030       0x31 C:\Users\marotron\Documents\Atmel Studio\7.0\MEng_Project_Arm\MEng_Project_Work\ArduinoCore\Debug\libArduinoCore.a(main.o)
 .comment       0x00000030       0x31 C:\Users\marotron\Documents\Atmel Studio\7.0\MEng_Project_Arm\MEng_Project_Work\ArduinoCore\Debug\libArduinoCore.a(Print.o)
 .comment       0x00000030       0x31 C:\Users\marotron\Documents\Atmel Studio\7.0\MEng_Project_Arm\MEng_Project_Work\ArduinoCore\Debug\libArduinoCore.a(wiring.o)
 .comment       0x00000030       0x31 C:\Users\marotron\Documents\Atmel Studio\7.0\MEng_Project_Arm\MEng_Project_Work\ArduinoCore\Debug\libArduinoCore.a(wiring_digital.o)
 .comment       0x00000030       0x31 C:\Users\marotron\Documents\Atmel Studio\7.0\MEng_Project_Arm\MEng_Project_Work\ArduinoCore\Debug\libArduinoCore.a(WString.o)
 .comment       0x00000030       0x31 C:\Users\marotron\Documents\Atmel Studio\7.0\MEng_Project_Arm\MEng_Project_Work\ArduinoCore\Debug\libArduinoCore.a(LiquidCrystal_I2C.o)
 .comment       0x00000030       0x31 C:\Users\marotron\Documents\Atmel Studio\7.0\MEng_Project_Arm\MEng_Project_Work\ArduinoCore\Debug\libArduinoCore.a(Wire.o)
 .comment       0x00000030       0x31 C:\Users\marotron\Documents\Atmel Studio\7.0\MEng_Project_Arm\MEng_Project_Work\ArduinoCore\Debug\libArduinoCore.a(hooks.o)
 .comment       0x00000030       0x31 C:\Users\marotron\Documents\Atmel Studio\7.0\MEng_Project_Arm\MEng_Project_Work\ArduinoCore\Debug\libArduinoCore.a(twi.o)
 .comment       0x00000030       0x31 c:/program files (x86)/atmel/studio/7.0/toolchain/avr8/avr8-gnu-toolchain/bin/../lib/gcc/avr/5.4.0/../../../../avr/lib/avr6\libc.a(malloc.o)
 .comment       0x00000030       0x31 c:/program files (x86)/atmel/studio/7.0/toolchain/avr8/avr8-gnu-toolchain/bin/../lib/gcc/avr/5.4.0/../../../../avr/lib/avr6\libc.a(realloc.o)
 .comment       0x00000030       0x31 c:/program files (x86)/atmel/studio/7.0/toolchain/avr8/avr8-gnu-toolchain/bin/../lib/gcc/avr/5.4.0/../../../../avr/lib/avr6\libc.a(sprintf.o)
 .comment       0x00000030       0x2c c:/program files (x86)/atmel/studio/7.0/toolchain/avr8/avr8-gnu-toolchain/bin/../lib/gcc/avr/5.4.0/../../../../avr/lib/avr6\libc.a(vfprintf_std.o)
                                 0x2d (size before relaxing)
 .comment       0x0000005c       0x31 c:/program files (x86)/atmel/studio/7.0/toolchain/avr8/avr8-gnu-toolchain/bin/../lib/gcc/avr/5.4.0/../../../../avr/lib/avr6\libc.a(fputc.o)

.note.gnu.avr.deviceinfo
                0x00000000       0x40
 .note.gnu.avr.deviceinfo
                0x00000000       0x40 C:/Program Files (x86)/Atmel/Studio/7.0/Packs/atmel/ATmega_DFP/1.2.209/gcc/dev/atmega2560/avr6/crtatmega2560.o

.note.gnu.build-id
 *(.note.gnu.build-id)

.debug
 *(.debug)

.line
 *(.line)

.debug_srcinfo
 *(.debug_srcinfo)

.debug_sfnames
 *(.debug_sfnames)

.debug_aranges  0x00000000      0x9c8
 *(.debug_aranges)
 .debug_aranges
                0x00000000      0x160 Main.o
 .debug_aranges
                0x00000160       0x68 C:\Users\marotron\Documents\Atmel Studio\7.0\MEng_Project_Arm\MEng_Project_Work\ArduinoCore\Debug\libArduinoCore.a(HardwareSerial.o)
 .debug_aranges
                0x000001c8       0x48 C:\Users\marotron\Documents\Atmel Studio\7.0\MEng_Project_Arm\MEng_Project_Work\ArduinoCore\Debug\libArduinoCore.a(HardwareSerial0.o)
 .debug_aranges
                0x00000210       0x48 C:\Users\marotron\Documents\Atmel Studio\7.0\MEng_Project_Arm\MEng_Project_Work\ArduinoCore\Debug\libArduinoCore.a(HardwareSerial1.o)
 .debug_aranges
                0x00000258       0x30 C:\Users\marotron\Documents\Atmel Studio\7.0\MEng_Project_Arm\MEng_Project_Work\ArduinoCore\Debug\libArduinoCore.a(main.o)
 .debug_aranges
                0x00000288      0x100 C:\Users\marotron\Documents\Atmel Studio\7.0\MEng_Project_Arm\MEng_Project_Work\ArduinoCore\Debug\libArduinoCore.a(Print.o)
 .debug_aranges
                0x00000388       0x48 C:\Users\marotron\Documents\Atmel Studio\7.0\MEng_Project_Arm\MEng_Project_Work\ArduinoCore\Debug\libArduinoCore.a(wiring.o)
 .debug_aranges
                0x000003d0       0x38 C:\Users\marotron\Documents\Atmel Studio\7.0\MEng_Project_Arm\MEng_Project_Work\ArduinoCore\Debug\libArduinoCore.a(wiring_digital.o)
 .debug_aranges
                0x00000408      0x2b8 C:\Users\marotron\Documents\Atmel Studio\7.0\MEng_Project_Arm\MEng_Project_Work\ArduinoCore\Debug\libArduinoCore.a(WString.o)
 .debug_aranges
                0x000006c0      0x170 C:\Users\marotron\Documents\Atmel Studio\7.0\MEng_Project_Arm\MEng_Project_Work\ArduinoCore\Debug\libArduinoCore.a(LiquidCrystal_I2C.o)
 .debug_aranges
                0x00000830       0xf8 C:\Users\marotron\Documents\Atmel Studio\7.0\MEng_Project_Arm\MEng_Project_Work\ArduinoCore\Debug\libArduinoCore.a(Wire.o)
 .debug_aranges
                0x00000928       0x20 C:\Users\marotron\Documents\Atmel Studio\7.0\MEng_Project_Arm\MEng_Project_Work\ArduinoCore\Debug\libArduinoCore.a(hooks.o)
 .debug_aranges
                0x00000948       0x80 C:\Users\marotron\Documents\Atmel Studio\7.0\MEng_Project_Arm\MEng_Project_Work\ArduinoCore\Debug\libArduinoCore.a(twi.o)

.debug_pubnames
 *(.debug_pubnames)

.debug_info     0x00000000    0x161f6
 *(.debug_info .gnu.linkonce.wi.*)
 .debug_info    0x00000000      0xbbc C:/Program Files (x86)/Atmel/Studio/7.0/Packs/atmel/ATmega_DFP/1.2.209/gcc/dev/atmega2560/avr6/crtatmega2560.o
 .debug_info    0x00000bbc     0x3de8 Main.o
 .debug_info    0x000049a4     0x205e C:\Users\marotron\Documents\Atmel Studio\7.0\MEng_Project_Arm\MEng_Project_Work\ArduinoCore\Debug\libArduinoCore.a(HardwareSerial.o)
 .debug_info    0x00006a02     0x1b74 C:\Users\marotron\Documents\Atmel Studio\7.0\MEng_Project_Arm\MEng_Project_Work\ArduinoCore\Debug\libArduinoCore.a(HardwareSerial0.o)
 .debug_info    0x00008576     0x1b74 C:\Users\marotron\Documents\Atmel Studio\7.0\MEng_Project_Arm\MEng_Project_Work\ArduinoCore\Debug\libArduinoCore.a(HardwareSerial1.o)
 .debug_info    0x0000a0ea      0x295 C:\Users\marotron\Documents\Atmel Studio\7.0\MEng_Project_Arm\MEng_Project_Work\ArduinoCore\Debug\libArduinoCore.a(main.o)
 .debug_info    0x0000a37f     0x295d C:\Users\marotron\Documents\Atmel Studio\7.0\MEng_Project_Arm\MEng_Project_Work\ArduinoCore\Debug\libArduinoCore.a(Print.o)
 .debug_info    0x0000ccdc      0x329 C:\Users\marotron\Documents\Atmel Studio\7.0\MEng_Project_Arm\MEng_Project_Work\ArduinoCore\Debug\libArduinoCore.a(wiring.o)
 .debug_info    0x0000d005      0x63a C:\Users\marotron\Documents\Atmel Studio\7.0\MEng_Project_Arm\MEng_Project_Work\ArduinoCore\Debug\libArduinoCore.a(wiring_digital.o)
 .debug_info    0x0000d63f     0x4338 C:\Users\marotron\Documents\Atmel Studio\7.0\MEng_Project_Arm\MEng_Project_Work\ArduinoCore\Debug\libArduinoCore.a(WString.o)
 .debug_info    0x00011977     0x1a2f C:\Users\marotron\Documents\Atmel Studio\7.0\MEng_Project_Arm\MEng_Project_Work\ArduinoCore\Debug\libArduinoCore.a(LiquidCrystal_I2C.o)
 .debug_info    0x000133a6     0x27b0 C:\Users\marotron\Documents\Atmel Studio\7.0\MEng_Project_Arm\MEng_Project_Work\ArduinoCore\Debug\libArduinoCore.a(Wire.o)
 .debug_info    0x00015b56       0x3e C:\Users\marotron\Documents\Atmel Studio\7.0\MEng_Project_Arm\MEng_Project_Work\ArduinoCore\Debug\libArduinoCore.a(hooks.o)
 .debug_info    0x00015b94      0x662 C:\Users\marotron\Documents\Atmel Studio\7.0\MEng_Project_Arm\MEng_Project_Work\ArduinoCore\Debug\libArduinoCore.a(twi.o)

.debug_abbrev   0x00000000     0x36b5
 *(.debug_abbrev)
 .debug_abbrev  0x00000000      0xb1a C:/Program Files (x86)/Atmel/Studio/7.0/Packs/atmel/ATmega_DFP/1.2.209/gcc/dev/atmega2560/avr6/crtatmega2560.o
 .debug_abbrev  0x00000b1a      0x653 Main.o
 .debug_abbrev  0x0000116d      0x4b7 C:\Users\marotron\Documents\Atmel Studio\7.0\MEng_Project_Arm\MEng_Project_Work\ArduinoCore\Debug\libArduinoCore.a(HardwareSerial.o)
 .debug_abbrev  0x00001624      0x3ce C:\Users\marotron\Documents\Atmel Studio\7.0\MEng_Project_Arm\MEng_Project_Work\ArduinoCore\Debug\libArduinoCore.a(HardwareSerial0.o)
 .debug_abbrev  0x000019f2      0x3ce C:\Users\marotron\Documents\Atmel Studio\7.0\MEng_Project_Arm\MEng_Project_Work\ArduinoCore\Debug\libArduinoCore.a(HardwareSerial1.o)
 .debug_abbrev  0x00001dc0      0x12d C:\Users\marotron\Documents\Atmel Studio\7.0\MEng_Project_Arm\MEng_Project_Work\ArduinoCore\Debug\libArduinoCore.a(main.o)
 .debug_abbrev  0x00001eed      0x47a C:\Users\marotron\Documents\Atmel Studio\7.0\MEng_Project_Arm\MEng_Project_Work\ArduinoCore\Debug\libArduinoCore.a(Print.o)
 .debug_abbrev  0x00002367      0x146 C:\Users\marotron\Documents\Atmel Studio\7.0\MEng_Project_Arm\MEng_Project_Work\ArduinoCore\Debug\libArduinoCore.a(wiring.o)
 .debug_abbrev  0x000024ad      0x15a C:\Users\marotron\Documents\Atmel Studio\7.0\MEng_Project_Arm\MEng_Project_Work\ArduinoCore\Debug\libArduinoCore.a(wiring_digital.o)
 .debug_abbrev  0x00002607      0x4c2 C:\Users\marotron\Documents\Atmel Studio\7.0\MEng_Project_Arm\MEng_Project_Work\ArduinoCore\Debug\libArduinoCore.a(WString.o)
 .debug_abbrev  0x00002ac9      0x3e1 C:\Users\marotron\Documents\Atmel Studio\7.0\MEng_Project_Arm\MEng_Project_Work\ArduinoCore\Debug\libArduinoCore.a(LiquidCrystal_I2C.o)
 .debug_abbrev  0x00002eaa      0x581 C:\Users\marotron\Documents\Atmel Studio\7.0\MEng_Project_Arm\MEng_Project_Work\ArduinoCore\Debug\libArduinoCore.a(Wire.o)
 .debug_abbrev  0x0000342b       0x2a C:\Users\marotron\Documents\Atmel Studio\7.0\MEng_Project_Arm\MEng_Project_Work\ArduinoCore\Debug\libArduinoCore.a(hooks.o)
 .debug_abbrev  0x00003455      0x260 C:\Users\marotron\Documents\Atmel Studio\7.0\MEng_Project_Arm\MEng_Project_Work\ArduinoCore\Debug\libArduinoCore.a(twi.o)

.debug_line     0x00000000     0x519b
 *(.debug_line .debug_line.* .debug_line_end)
 .debug_line    0x00000000      0x1f9 C:/Program Files (x86)/Atmel/Studio/7.0/Packs/atmel/ATmega_DFP/1.2.209/gcc/dev/atmega2560/avr6/crtatmega2560.o
 .debug_line    0x000001f9     0x11f8 Main.o
 .debug_line    0x000013f1      0x527 C:\Users\marotron\Documents\Atmel Studio\7.0\MEng_Project_Arm\MEng_Project_Work\ArduinoCore\Debug\libArduinoCore.a(HardwareSerial.o)
 .debug_line    0x00001918      0x288 C:\Users\marotron\Documents\Atmel Studio\7.0\MEng_Project_Arm\MEng_Project_Work\ArduinoCore\Debug\libArduinoCore.a(HardwareSerial0.o)
 .debug_line    0x00001ba0      0x288 C:\Users\marotron\Documents\Atmel Studio\7.0\MEng_Project_Arm\MEng_Project_Work\ArduinoCore\Debug\libArduinoCore.a(HardwareSerial1.o)
 .debug_line    0x00001e28      0x161 C:\Users\marotron\Documents\Atmel Studio\7.0\MEng_Project_Arm\MEng_Project_Work\ArduinoCore\Debug\libArduinoCore.a(main.o)
 .debug_line    0x00001f89      0x681 C:\Users\marotron\Documents\Atmel Studio\7.0\MEng_Project_Arm\MEng_Project_Work\ArduinoCore\Debug\libArduinoCore.a(Print.o)
 .debug_line    0x0000260a      0x2cb C:\Users\marotron\Documents\Atmel Studio\7.0\MEng_Project_Arm\MEng_Project_Work\ArduinoCore\Debug\libArduinoCore.a(wiring.o)
 .debug_line    0x000028d5      0x284 C:\Users\marotron\Documents\Atmel Studio\7.0\MEng_Project_Arm\MEng_Project_Work\ArduinoCore\Debug\libArduinoCore.a(wiring_digital.o)
 .debug_line    0x00002b59     0x1355 C:\Users\marotron\Documents\Atmel Studio\7.0\MEng_Project_Arm\MEng_Project_Work\ArduinoCore\Debug\libArduinoCore.a(WString.o)
 .debug_line    0x00003eae      0x7cf C:\Users\marotron\Documents\Atmel Studio\7.0\MEng_Project_Arm\MEng_Project_Work\ArduinoCore\Debug\libArduinoCore.a(LiquidCrystal_I2C.o)
 .debug_line    0x0000467d      0x5ec C:\Users\marotron\Documents\Atmel Studio\7.0\MEng_Project_Arm\MEng_Project_Work\ArduinoCore\Debug\libArduinoCore.a(Wire.o)
 .debug_line    0x00004c69       0x41 C:\Users\marotron\Documents\Atmel Studio\7.0\MEng_Project_Arm\MEng_Project_Work\ArduinoCore\Debug\libArduinoCore.a(hooks.o)
 .debug_line    0x00004caa      0x4f1 C:\Users\marotron\Documents\Atmel Studio\7.0\MEng_Project_Arm\MEng_Project_Work\ArduinoCore\Debug\libArduinoCore.a(twi.o)

.debug_frame    0x00000000     0x1f44
 *(.debug_frame)
 .debug_frame   0x00000000      0x57c Main.o
 .debug_frame   0x0000057c      0x110 C:\Users\marotron\Documents\Atmel Studio\7.0\MEng_Project_Arm\MEng_Project_Work\ArduinoCore\Debug\libArduinoCore.a(HardwareSerial.o)
 .debug_frame   0x0000068c       0xe0 C:\Users\marotron\Documents\Atmel Studio\7.0\MEng_Project_Arm\MEng_Project_Work\ArduinoCore\Debug\libArduinoCore.a(HardwareSerial0.o)
 .debug_frame   0x0000076c       0xe0 C:\Users\marotron\Documents\Atmel Studio\7.0\MEng_Project_Arm\MEng_Project_Work\ArduinoCore\Debug\libArduinoCore.a(HardwareSerial1.o)
 .debug_frame   0x0000084c       0x54 C:\Users\marotron\Documents\Atmel Studio\7.0\MEng_Project_Arm\MEng_Project_Work\ArduinoCore\Debug\libArduinoCore.a(main.o)
 .debug_frame   0x000008a0      0x3ac C:\Users\marotron\Documents\Atmel Studio\7.0\MEng_Project_Arm\MEng_Project_Work\ArduinoCore\Debug\libArduinoCore.a(Print.o)
 .debug_frame   0x00000c4c       0xc4 C:\Users\marotron\Documents\Atmel Studio\7.0\MEng_Project_Arm\MEng_Project_Work\ArduinoCore\Debug\libArduinoCore.a(wiring.o)
 .debug_frame   0x00000d10       0x7c C:\Users\marotron\Documents\Atmel Studio\7.0\MEng_Project_Arm\MEng_Project_Work\ArduinoCore\Debug\libArduinoCore.a(wiring_digital.o)
 .debug_frame   0x00000d8c      0xa60 C:\Users\marotron\Documents\Atmel Studio\7.0\MEng_Project_Arm\MEng_Project_Work\ArduinoCore\Debug\libArduinoCore.a(WString.o)
 .debug_frame   0x000017ec      0x380 C:\Users\marotron\Documents\Atmel Studio\7.0\MEng_Project_Arm\MEng_Project_Work\ArduinoCore\Debug\libArduinoCore.a(LiquidCrystal_I2C.o)
 .debug_frame   0x00001b6c      0x280 C:\Users\marotron\Documents\Atmel Studio\7.0\MEng_Project_Arm\MEng_Project_Work\ArduinoCore\Debug\libArduinoCore.a(Wire.o)
 .debug_frame   0x00001dec       0x24 C:\Users\marotron\Documents\Atmel Studio\7.0\MEng_Project_Arm\MEng_Project_Work\ArduinoCore\Debug\libArduinoCore.a(hooks.o)
 .debug_frame   0x00001e10      0x134 C:\Users\marotron\Documents\Atmel Studio\7.0\MEng_Project_Arm\MEng_Project_Work\ArduinoCore\Debug\libArduinoCore.a(twi.o)

.debug_str      0x00000000     0x3d59
 *(.debug_str)
 .debug_str     0x00000000      0x3e6 C:/Program Files (x86)/Atmel/Studio/7.0/Packs/atmel/ATmega_DFP/1.2.209/gcc/dev/atmega2560/avr6/crtatmega2560.o
 .debug_str     0x000003e6     0x1653 Main.o
                               0x1766 (size before relaxing)
 .debug_str     0x00001a39      0x85d C:\Users\marotron\Documents\Atmel Studio\7.0\MEng_Project_Arm\MEng_Project_Work\ArduinoCore\Debug\libArduinoCore.a(HardwareSerial.o)
                               0x1707 (size before relaxing)
 .debug_str     0x00002296       0x86 C:\Users\marotron\Documents\Atmel Studio\7.0\MEng_Project_Arm\MEng_Project_Work\ArduinoCore\Debug\libArduinoCore.a(HardwareSerial0.o)
                               0x1422 (size before relaxing)
 .debug_str     0x0000231c       0x47 C:\Users\marotron\Documents\Atmel Studio\7.0\MEng_Project_Arm\MEng_Project_Work\ArduinoCore\Debug\libArduinoCore.a(HardwareSerial1.o)
                               0x1423 (size before relaxing)
 .debug_str     0x00002363       0x37 C:\Users\marotron\Documents\Atmel Studio\7.0\MEng_Project_Arm\MEng_Project_Work\ArduinoCore\Debug\libArduinoCore.a(main.o)
                                0x2ce (size before relaxing)
 .debug_str     0x0000239a      0x325 C:\Users\marotron\Documents\Atmel Studio\7.0\MEng_Project_Arm\MEng_Project_Work\ArduinoCore\Debug\libArduinoCore.a(Print.o)
                               0x125c (size before relaxing)
 .debug_str     0x000026bf      0x164 C:\Users\marotron\Documents\Atmel Studio\7.0\MEng_Project_Arm\MEng_Project_Work\ArduinoCore\Debug\libArduinoCore.a(wiring.o)
                                0x264 (size before relaxing)
 .debug_str     0x00002823       0xc2 C:\Users\marotron\Documents\Atmel Studio\7.0\MEng_Project_Arm\MEng_Project_Work\ArduinoCore\Debug\libArduinoCore.a(wiring_digital.o)
                                0x2c9 (size before relaxing)
 .debug_str     0x000028e5      0x3f1 C:\Users\marotron\Documents\Atmel Studio\7.0\MEng_Project_Arm\MEng_Project_Work\ArduinoCore\Debug\libArduinoCore.a(WString.o)
                               0x11af (size before relaxing)
 .debug_str     0x00002cd6      0xa0c C:\Users\marotron\Documents\Atmel Studio\7.0\MEng_Project_Arm\MEng_Project_Work\ArduinoCore\Debug\libArduinoCore.a(LiquidCrystal_I2C.o)
                                0xe2b (size before relaxing)
 .debug_str     0x000036e2      0x50a C:\Users\marotron\Documents\Atmel Studio\7.0\MEng_Project_Arm\MEng_Project_Work\ArduinoCore\Debug\libArduinoCore.a(Wire.o)
                               0x18db (size before relaxing)
 .debug_str     0x00003bec       0x1c C:\Users\marotron\Documents\Atmel Studio\7.0\MEng_Project_Arm\MEng_Project_Work\ArduinoCore\Debug\libArduinoCore.a(hooks.o)
                                0x159 (size before relaxing)
 .debug_str     0x00003c08      0x151 C:\Users\marotron\Documents\Atmel Studio\7.0\MEng_Project_Arm\MEng_Project_Work\ArduinoCore\Debug\libArduinoCore.a(twi.o)
                                0x3e4 (size before relaxing)

.debug_loc      0x00000000     0xa4ef
 *(.debug_loc)
 .debug_loc     0x00000000     0x19b9 Main.o
 .debug_loc     0x000019b9      0x4dc C:\Users\marotron\Documents\Atmel Studio\7.0\MEng_Project_Arm\MEng_Project_Work\ArduinoCore\Debug\libArduinoCore.a(HardwareSerial.o)
 .debug_loc     0x00001e95      0x1b0 C:\Users\marotron\Documents\Atmel Studio\7.0\MEng_Project_Arm\MEng_Project_Work\ArduinoCore\Debug\libArduinoCore.a(HardwareSerial0.o)
 .debug_loc     0x00002045      0x1b0 C:\Users\marotron\Documents\Atmel Studio\7.0\MEng_Project_Arm\MEng_Project_Work\ArduinoCore\Debug\libArduinoCore.a(HardwareSerial1.o)
 .debug_loc     0x000021f5     0x1c87 C:\Users\marotron\Documents\Atmel Studio\7.0\MEng_Project_Arm\MEng_Project_Work\ArduinoCore\Debug\libArduinoCore.a(Print.o)
 .debug_loc     0x00003e7c      0x28d C:\Users\marotron\Documents\Atmel Studio\7.0\MEng_Project_Arm\MEng_Project_Work\ArduinoCore\Debug\libArduinoCore.a(wiring.o)
 .debug_loc     0x00004109      0x56b C:\Users\marotron\Documents\Atmel Studio\7.0\MEng_Project_Arm\MEng_Project_Work\ArduinoCore\Debug\libArduinoCore.a(wiring_digital.o)
 .debug_loc     0x00004674     0x422d C:\Users\marotron\Documents\Atmel Studio\7.0\MEng_Project_Arm\MEng_Project_Work\ArduinoCore\Debug\libArduinoCore.a(WString.o)
 .debug_loc     0x000088a1      0xc82 C:\Users\marotron\Documents\Atmel Studio\7.0\MEng_Project_Arm\MEng_Project_Work\ArduinoCore\Debug\libArduinoCore.a(LiquidCrystal_I2C.o)
 .debug_loc     0x00009523      0xbe6 C:\Users\marotron\Documents\Atmel Studio\7.0\MEng_Project_Arm\MEng_Project_Work\ArduinoCore\Debug\libArduinoCore.a(Wire.o)
 .debug_loc     0x0000a109      0x3e6 C:\Users\marotron\Documents\Atmel Studio\7.0\MEng_Project_Arm\MEng_Project_Work\ArduinoCore\Debug\libArduinoCore.a(twi.o)

.debug_macinfo
 *(.debug_macinfo)

.debug_weaknames
 *(.debug_weaknames)

.debug_funcnames
 *(.debug_funcnames)

.debug_typenames
 *(.debug_typenames)

.debug_varnames
 *(.debug_varnames)

.debug_pubtypes
 *(.debug_pubtypes)

.debug_ranges   0x00000000      0x978
 *(.debug_ranges)
 .debug_ranges  0x00000000      0x150 Main.o
 .debug_ranges  0x00000150       0x58 C:\Users\marotron\Documents\Atmel Studio\7.0\MEng_Project_Arm\MEng_Project_Work\ArduinoCore\Debug\libArduinoCore.a(HardwareSerial.o)
 .debug_ranges  0x000001a8       0x38 C:\Users\marotron\Documents\Atmel Studio\7.0\MEng_Project_Arm\MEng_Project_Work\ArduinoCore\Debug\libArduinoCore.a(HardwareSerial0.o)
 .debug_ranges  0x000001e0       0x38 C:\Users\marotron\Documents\Atmel Studio\7.0\MEng_Project_Arm\MEng_Project_Work\ArduinoCore\Debug\libArduinoCore.a(HardwareSerial1.o)
 .debug_ranges  0x00000218       0x20 C:\Users\marotron\Documents\Atmel Studio\7.0\MEng_Project_Arm\MEng_Project_Work\ArduinoCore\Debug\libArduinoCore.a(main.o)
 .debug_ranges  0x00000238      0x120 C:\Users\marotron\Documents\Atmel Studio\7.0\MEng_Project_Arm\MEng_Project_Work\ArduinoCore\Debug\libArduinoCore.a(Print.o)
 .debug_ranges  0x00000358       0x38 C:\Users\marotron\Documents\Atmel Studio\7.0\MEng_Project_Arm\MEng_Project_Work\ArduinoCore\Debug\libArduinoCore.a(wiring.o)
 .debug_ranges  0x00000390       0x28 C:\Users\marotron\Documents\Atmel Studio\7.0\MEng_Project_Arm\MEng_Project_Work\ArduinoCore\Debug\libArduinoCore.a(wiring_digital.o)
 .debug_ranges  0x000003b8      0x2f8 C:\Users\marotron\Documents\Atmel Studio\7.0\MEng_Project_Arm\MEng_Project_Work\ArduinoCore\Debug\libArduinoCore.a(WString.o)
 .debug_ranges  0x000006b0      0x160 C:\Users\marotron\Documents\Atmel Studio\7.0\MEng_Project_Arm\MEng_Project_Work\ArduinoCore\Debug\libArduinoCore.a(LiquidCrystal_I2C.o)
 .debug_ranges  0x00000810       0xe8 C:\Users\marotron\Documents\Atmel Studio\7.0\MEng_Project_Arm\MEng_Project_Work\ArduinoCore\Debug\libArduinoCore.a(Wire.o)
 .debug_ranges  0x000008f8       0x10 C:\Users\marotron\Documents\Atmel Studio\7.0\MEng_Project_Arm\MEng_Project_Work\ArduinoCore\Debug\libArduinoCore.a(hooks.o)
 .debug_ranges  0x00000908       0x70 C:\Users\marotron\Documents\Atmel Studio\7.0\MEng_Project_Arm\MEng_Project_Work\ArduinoCore\Debug\libArduinoCore.a(twi.o)

.debug_macro
 *(.debug_macro)
OUTPUT(MEngProjectArm.elf elf32-avr)
LOAD linker stubs
