Archive member included to satisfy reference by file (symbol)

c:/program files (x86)/atmel/studio/7.0/toolchain/avr8/avr8-gnu-toolchain/bin/../lib/gcc/avr/5.4.0/../../../../avr/lib/avr6\libm.a(fixsfsi.o)
                              Sketch.o (__fixsfsi)
c:/program files (x86)/atmel/studio/7.0/toolchain/avr8/avr8-gnu-toolchain/bin/../lib/gcc/avr/5.4.0/../../../../avr/lib/avr6\libm.a(fixunssfsi.o)
                              c:/program files (x86)/atmel/studio/7.0/toolchain/avr8/avr8-gnu-toolchain/bin/../lib/gcc/avr/5.4.0/../../../../avr/lib/avr6\libm.a(fixsfsi.o) (__fixunssfsi)
c:/program files (x86)/atmel/studio/7.0/toolchain/avr8/avr8-gnu-toolchain/bin/../lib/gcc/avr/5.4.0/../../../../avr/lib/avr6\libm.a(floatsisf.o)
                              Sketch.o (__floatsisf)
c:/program files (x86)/atmel/studio/7.0/toolchain/avr8/avr8-gnu-toolchain/bin/../lib/gcc/avr/5.4.0/../../../../avr/lib/avr6\libm.a(fp_split3.o)
                              c:/program files (x86)/atmel/studio/7.0/toolchain/avr8/avr8-gnu-toolchain/bin/../lib/gcc/avr/5.4.0/../../../../avr/lib/avr6\libm.a(fixunssfsi.o) (__fp_splitA)
c:/program files (x86)/atmel/studio/7.0/toolchain/avr8/avr8-gnu-toolchain/bin/../lib/gcc/avr/5.4.0/../../../../avr/lib/avr6\libm.a(fp_zero.o)
                              c:/program files (x86)/atmel/studio/7.0/toolchain/avr8/avr8-gnu-toolchain/bin/../lib/gcc/avr/5.4.0/../../../../avr/lib/avr6\libm.a(fixunssfsi.o) (__fp_zero)
c:/program files (x86)/atmel/studio/7.0/toolchain/avr8/avr8-gnu-toolchain/bin/../lib/gcc/avr/5.4.0/../../../../avr/lib/avr6\libm.a(mulsf3.o)
                              Sketch.o (__mulsf3)
c:/program files (x86)/atmel/studio/7.0/toolchain/avr8/avr8-gnu-toolchain/bin/../lib/gcc/avr/5.4.0/../../../../avr/lib/avr6\libm.a(mulsf3x.o)
                              c:/program files (x86)/atmel/studio/7.0/toolchain/avr8/avr8-gnu-toolchain/bin/../lib/gcc/avr/5.4.0/../../../../avr/lib/avr6\libm.a(mulsf3.o) (__mulsf3x)
c:/program files (x86)/atmel/studio/7.0/toolchain/avr8/avr8-gnu-toolchain/bin/../lib/gcc/avr/5.4.0/../../../../avr/lib/avr6\libm.a(fp_inf.o)
                              c:/program files (x86)/atmel/studio/7.0/toolchain/avr8/avr8-gnu-toolchain/bin/../lib/gcc/avr/5.4.0/../../../../avr/lib/avr6\libm.a(mulsf3x.o) (__fp_inf)
c:/program files (x86)/atmel/studio/7.0/toolchain/avr8/avr8-gnu-toolchain/bin/../lib/gcc/avr/5.4.0/../../../../avr/lib/avr6\libm.a(fp_nan.o)
                              c:/program files (x86)/atmel/studio/7.0/toolchain/avr8/avr8-gnu-toolchain/bin/../lib/gcc/avr/5.4.0/../../../../avr/lib/avr6\libm.a(mulsf3x.o) (__fp_nan)
c:/program files (x86)/atmel/studio/7.0/toolchain/avr8/avr8-gnu-toolchain/bin/../lib/gcc/avr/5.4.0/../../../../avr/lib/avr6\libm.a(fp_pscA.o)
                              c:/program files (x86)/atmel/studio/7.0/toolchain/avr8/avr8-gnu-toolchain/bin/../lib/gcc/avr/5.4.0/../../../../avr/lib/avr6\libm.a(mulsf3x.o) (__fp_pscA)
c:/program files (x86)/atmel/studio/7.0/toolchain/avr8/avr8-gnu-toolchain/bin/../lib/gcc/avr/5.4.0/../../../../avr/lib/avr6\libm.a(fp_pscB.o)
                              c:/program files (x86)/atmel/studio/7.0/toolchain/avr8/avr8-gnu-toolchain/bin/../lib/gcc/avr/5.4.0/../../../../avr/lib/avr6\libm.a(mulsf3x.o) (__fp_pscB)
c:/program files (x86)/atmel/studio/7.0/toolchain/avr8/avr8-gnu-toolchain/bin/../lib/gcc/avr/5.4.0/../../../../avr/lib/avr6\libm.a(fp_round.o)
                              c:/program files (x86)/atmel/studio/7.0/toolchain/avr8/avr8-gnu-toolchain/bin/../lib/gcc/avr/5.4.0/../../../../avr/lib/avr6\libm.a(mulsf3.o) (__fp_round)
C:\Users\marotron\Documents\Atmel Studio\7.0\MEng_Project_Arm\MEng_Project_02\ArduinoCore\Debug\libArduinoCore.a(HardwareSerial.o)
                              Sketch.o (_ZN14HardwareSerial9availableEv)
C:\Users\marotron\Documents\Atmel Studio\7.0\MEng_Project_Arm\MEng_Project_02\ArduinoCore\Debug\libArduinoCore.a(HardwareSerial0.o)
                              Sketch.o (Serial)
C:\Users\marotron\Documents\Atmel Studio\7.0\MEng_Project_Arm\MEng_Project_02\ArduinoCore\Debug\libArduinoCore.a(HardwareSerial1.o)
                              Sketch.o (Serial1)
C:\Users\marotron\Documents\Atmel Studio\7.0\MEng_Project_Arm\MEng_Project_02\ArduinoCore\Debug\libArduinoCore.a(main.o)
                              C:/Program Files (x86)/Atmel/Studio/7.0/Packs/atmel/ATmega_DFP/1.2.209/gcc/dev/atmega2560/avr6/crtatmega2560.o (main)
C:\Users\marotron\Documents\Atmel Studio\7.0\MEng_Project_Arm\MEng_Project_02\ArduinoCore\Debug\libArduinoCore.a(Print.o)
                              Sketch.o (_ZN5Print5writeEPKhj)
C:\Users\marotron\Documents\Atmel Studio\7.0\MEng_Project_Arm\MEng_Project_02\ArduinoCore\Debug\libArduinoCore.a(wiring.o)
                              Sketch.o (millis)
C:\Users\marotron\Documents\Atmel Studio\7.0\MEng_Project_Arm\MEng_Project_02\ArduinoCore\Debug\libArduinoCore.a(wiring_digital.o)
                              Sketch.o (pinMode)
[...]
Memory Configuration

Name             Origin             Length             Attributes
text             0x00000000         0x00100000         xr
data             0x00800200         0x0000fe00         rw !x
eeprom           0x00810000         0x00010000         rw !x
fuse             0x00820000         0x00000003         rw !x
lock             0x00830000         0x00000400         rw !x
signature        0x00840000         0x00000400         rw !x
user_signatures  0x00850000         0x00000400         rw !x
*default*        0x00000000         0xffffffff

Linker script and memory map

Address of section .data set to 0x800200
LOAD C:/Program Files (x86)/Atmel/Studio/7.0/Packs/atmel/ATmega_DFP/1.2.209/gcc/dev/atmega2560/avr6/crtatmega2560.o
LOAD Sketch.o
START GROUP
LOAD c:/program files (x86)/atmel/studio/7.0/toolchain/avr8/avr8-gnu-toolchain/bin/../lib/gcc/avr/5.4.0/../../../../avr/lib/avr6\libm.a
LOAD C:\Users\marotron\Documents\Atmel Studio\7.0\MEng_Project_Arm\MEng_Project_02\ArduinoCore\Debug\libArduinoCore.a
END GROUP
LOAD c:/program files (x86)/atmel/studio/7.0/toolchain/avr8/avr8-gnu-toolchain/bin/../lib/gcc/avr/5.4.0/avr6\libgcc.a
LOAD c:/program files (x86)/atmel/studio/7.0/toolchain/avr8/avr8-gnu-toolchain/bin/../lib/gcc/avr/5.4.0/../../../../avr/lib/avr6\libm.a
START GROUP
LOAD c:/program files (x86)/atmel/studio/7.0/toolchain/avr8/avr8-gnu-toolchain/bin/../lib/gcc/avr/5.4.0/avr6\libgcc.a
LOAD c:/program files (x86)/atmel/studio/7.0/toolchain/avr8/avr8-gnu-toolchain/bin/../lib/gcc/avr/5.4.0/../../../../avr/lib/avr6\libm.a
LOAD c:/program files (x86)/atmel/studio/7.0/toolchain/avr8/avr8-gnu-toolchain/bin/../lib/gcc/avr/5.4.0/../../../../avr/lib/avr6\libc.a
LOAD C:/Program Files (x86)/Atmel/Studio/7.0/Packs/atmel/ATmega_DFP/1.2.209/gcc/dev/atmega2560/avr6\libatmega2560.a
END GROUP
                0x00100000                __TEXT_REGION_LENGTH__ = DEFINED (__TEXT_REGION_LENGTH__)?__TEXT_REGION_LENGTH__:0x100000
                0x0000fe00                __DATA_REGION_LENGTH__ = DEFINED (__DATA_REGION_LENGTH__)?__DATA_REGION_LENGTH__:0xfe00
                0x00010000                __EEPROM_REGION_LENGTH__ = DEFINED (__EEPROM_REGION_LENGTH__)?__EEPROM_REGION_LENGTH__:0x10000
                [0x00000003]                __FUSE_REGION_LENGTH__ = DEFINED (__FUSE_REGION_LENGTH__)?__FUSE_REGION_LENGTH__:0x400
                0x00000400                __LOCK_REGION_LENGTH__ = DEFINED (__LOCK_REGION_LENGTH__)?__LOCK_REGION_LENGTH__:0x400
                0x00000400                __SIGNATURE_REGION_LENGTH__ = DEFINED (__SIGNATURE_REGION_LENGTH__)?__SIGNATURE_REGION_LENGTH__:0x400
                0x00000400                __USER_SIGNATURE_REGION_LENGTH__ = DEFINED (__USER_SIGNATURE_REGION_LENGTH__)?__USER_SIGNATURE_REGION_LENGTH__:0x400

.hash
 *(.hash)

.dynsym
 *(.dynsym)

.dynstr
 *(.dynstr)

.gnu.version
 *(.gnu.version)

.gnu.version_d
 *(.gnu.version_d)

.gnu.version_r
 *(.gnu.version_r)

.rel.init
 *(.rel.init)

.rela.init
 *(.rela.init)

.rel.text
 *(.rel.text)
 *(.rel.text.*)
 *(.rel.gnu.linkonce.t*)

.rela.text
 *(.rela.text)
 *(.rela.text.*)
 *(.rela.gnu.linkonce.t*)

.rel.fini
 *(.rel.fini)

.rela.fini
 *(.rela.fini)

.rel.rodata
 *(.rel.rodata)
 *(.rel.rodata.*)
 *(.rel.gnu.linkonce.r*)

.rela.rodata
 *(.rela.rodata)
 *(.rela.rodata.*)
 *(.rela.gnu.linkonce.r*)

.rel.data
 *(.rel.data)
 *(.rel.data.*)
 *(.rel.gnu.linkonce.d*)

.rela.data
 *(.rela.data)
 *(.rela.data.*)
 *(.rela.gnu.linkonce.d*)

.rel.ctors
 *(.rel.ctors)

.rela.ctors
 *(.rela.ctors)

.rel.dtors
 *(.rel.dtors)

.rela.dtors
 *(.rela.dtors)

.rel.got
 *(.rel.got)

.rela.got
 *(.rela.got)

.rel.bss
 *(.rel.bss)

.rela.bss
 *(.rela.bss)

.rel.plt
 *(.rel.plt)

.rela.plt
 *(.rela.plt)

.text           0x00000000     0x263a
 *(.vectors)
 .vectors       0x00000000       0xe4 C:/Program Files (x86)/Atmel/Studio/7.0/Packs/atmel/ATmega_DFP/1.2.209/gcc/dev/atmega2560/avr6/crtatmega2560.o
                0x00000000                __vector_default
                0x00000000                __vectors
 *(.vectors)
 *(.progmem.gcc*)
 .progmem.gcc_sw_table.turnOffPWM
                0x000000e4       0x24 C:\Users\marotron\Documents\Atmel Studio\7.0\MEng_Project_Arm\MEng_Project_02\ArduinoCore\Debug\libArduinoCore.a(wiring_digital.o)
                0x00000108                . = ALIGN (0x2)
                0x00000108                __trampolines_start = .
 *(.trampolines)
 .trampolines   0x00000108        0x0 linker stubs
 *(.trampolines*)
                0x00000108                __trampolines_end = .
 *libprintf_flt.a:*(.progmem.data)
 *libc.a:*(.progmem.data)
 *(.progmem*)
 .progmem.data.digital_pin_to_timer_PGM
                0x00000108       0x46 C:\Users\marotron\Documents\Atmel Studio\7.0\MEng_Project_Arm\MEng_Project_02\ArduinoCore\Debug\libArduinoCore.a(wiring_digital.o)
                0x00000108                digital_pin_to_timer_PGM
 .progmem.data.digital_pin_to_bit_mask_PGM
                0x0000014e       0x46 C:\Users\marotron\Documents\Atmel Studio\7.0\MEng_Project_Arm\MEng_Project_02\ArduinoCore\Debug\libArduinoCore.a(wiring_digital.o)
                0x0000014e                digital_pin_to_bit_mask_PGM
 .progmem.data.digital_pin_to_port_PGM
                0x00000194       0x46 C:\Users\marotron\Documents\Atmel Studio\7.0\MEng_Project_Arm\MEng_Project_02\ArduinoCore\Debug\libArduinoCore.a(wiring_digital.o)
                0x00000194                digital_pin_to_port_PGM
 .progmem.data.port_to_output_PGM
                0x000001da       0x1a C:\Users\marotron\Documents\Atmel Studio\7.0\MEng_Project_Arm\MEng_Project_02\ArduinoCore\Debug\libArduinoCore.a(wiring_digital.o)
                0x000001da                port_to_output_PGM
 .progmem.data.port_to_mode_PGM
                0x000001f4       0x1a C:\Users\marotron\Documents\Atmel Studio\7.0\MEng_Project_Arm\MEng_Project_02\ArduinoCore\Debug\libArduinoCore.a(wiring_digital.o)
                0x000001f4                port_to_mode_PGM
                0x0000020e                . = ALIGN (0x2)
 *(.jumptables)
 *(.jumptables*)
 *(.lowtext)
 *(.lowtext*)
                0x0000020e                __ctors_start = .
 *(.ctors)
 .ctors         0x0000020e        0x2 Sketch.o
 .ctors         0x00000210        0x2 C:\Users\marotron\Documents\Atmel Studio\7.0\MEng_Project_Arm\MEng_Project_02\ArduinoCore\Debug\libArduinoCore.a(HardwareSerial0.o)
 .ctors         0x00000212        0x2 C:\Users\marotron\Documents\Atmel Studio\7.0\MEng_Project_Arm\MEng_Project_02\ArduinoCore\Debug\libArduinoCore.a(HardwareSerial1.o)
 .ctors         0x00000214        0x2 C:\Users\marotron\Documents\Atmel Studio\7.0\MEng_Project_Arm\MEng_Project_02\ArduinoCore\Debug\libArduinoCore.a(Wire.o)
                0x00000216                __ctors_end = .
                0x00000216                __dtors_start = .
 *(.dtors)
                0x00000216                __dtors_end = .
 SORT(*)(.ctors)
 SORT(*)(.dtors)
 *(.init0)
 .init0         0x00000216        0x0 C:/Program Files (x86)/Atmel/Studio/7.0/Packs/atmel/ATmega_DFP/1.2.209/gcc/dev/atmega2560/avr6/crtatmega2560.o
                0x00000216                __init
 *(.init0)
 *(.init1)
 *(.init1)
 *(.init2)
 .init2         0x00000216       0x10 C:/Program Files (x86)/Atmel/Studio/7.0/Packs/atmel/ATmega_DFP/1.2.209/gcc/dev/atmega2560/avr6/crtatmega2560.o
 *(.init2)
 *(.init3)
 *(.init3)
 *(.init4)
 .init4         0x00000226       0x1a c:/program files (x86)/atmel/studio/7.0/toolchain/avr8/avr8-gnu-toolchain/bin/../lib/gcc/avr/5.4.0/avr6\libgcc.a(_copy_data.o)
                0x00000226                __do_copy_data
 .init4         0x00000240       0x10 c:/program files (x86)/atmel/studio/7.0/toolchain/avr8/avr8-gnu-toolchain/bin/../lib/gcc/avr/5.4.0/avr6\libgcc.a(_clear_bss.o)
                0x00000240                __do_clear_bss
 *(.init4)
 *(.init5)
 *(.init5)
 *(.init6)
 .init6         0x00000250       0x20 c:/program files (x86)/atmel/studio/7.0/toolchain/avr8/avr8-gnu-toolchain/bin/../lib/gcc/avr/5.4.0/avr6\libgcc.a(_ctors.o)
                0x00000250                __do_global_ctors
 *(.init6)
 *(.init7)
 *(.init7)
 *(.init8)
 *(.init8)
 *(.init9)
 .init9         0x00000270        0x8 C:/Program Files (x86)/Atmel/Studio/7.0/Packs/atmel/ATmega_DFP/1.2.209/gcc/dev/atmega2560/avr6/crtatmega2560.o
 *(.init9)
 *(.text)
 .text          0x00000278        0x2 C:/Program Files (x86)/Atmel/Studio/7.0/Packs/atmel/ATmega_DFP/1.2.209/gcc/dev/atmega2560/avr6/crtatmega2560.o
                0x00000278                __vector_38
                0x00000278                __vector_22
                0x00000278                __vector_28
                0x00000278                __vector_1
                0x00000278                __vector_32
                0x00000278                __vector_34
                0x00000278                __vector_24
                0x00000278                __vector_12
                0x00000278                __vector_55
                0x00000278                __vector_46
                0x00000278                __bad_interrupt
                0x00000278                __vector_6
                0x00000278                __vector_31
                0x00000278                __vector_35
                0x00000278                __vector_3
                0x00000278                __vector_30
                0x00000278                __vector_45
                0x00000278                __vector_11
                0x00000278                __vector_54
                0x00000278                __vector_13
                0x00000278                __vector_17
                0x00000278                __vector_19
                0x00000278                __vector_56
                0x00000278                __vector_7
                0x00000278                __vector_49
                0x00000278                __vector_41
                0x00000278                __vector_43
                0x00000278                __vector_27
                0x00000278                __vector_5
                0x00000278                __vector_33
                0x00000278                __vector_47
                0x00000278                __vector_52
                0x00000278                __vector_4
                0x00000278                __vector_44
                0x00000278                __vector_51
                0x00000278                __vector_2
                0x00000278                __vector_21
                0x00000278                __vector_15
                0x00000278                __vector_29
                0x00000278                __vector_40
                0x00000278                __vector_8
                0x00000278                __vector_48
                0x00000278                __vector_14
                0x00000278                __vector_53
                0x00000278                __vector_10
                0x00000278                __vector_50
                0x00000278                __vector_16
                0x00000278                __vector_18
                0x00000278                __vector_20
                0x00000278                __vector_42
                0x0000027a                . = ALIGN (0x2)
 *(.text.*)
 .text._ZN14HardwareSerial5writeEi
                0x0000027a        0xe Sketch.o
                0x0000027a                _ZN14HardwareSerial5writeEi
 .text._Z9printLCD1hhi
                0x00000288       0x62 Sketch.o
                0x00000288                _Z9printLCD1hhi
 .text._Z9printLCD3hhi
                0x000002ea       0x64 Sketch.o
                0x000002ea                _Z9printLCD3hhi
 .text._Z9printLCD4hhi
                0x0000034e       0x68 Sketch.o
                0x0000034e                _Z9printLCD4hhi
 .text._Z8sumBytesPhh
                0x000003b6       0x1a Sketch.o
                0x000003b6                _Z8sumBytesPhh
 .text.startup._GLOBAL__sub_I_Load_High_Byte
                0x000003d0       0x32 Sketch.o
 .text._Z10writeServohhPhh
                0x00000402       0xcc Sketch.o
                0x00000402                _Z10writeServohhPhh
 .text._Z9moveSpeedhii
                0x000004ce       0x5e Sketch.o
                0x000004ce                _Z9moveSpeedhii
 .text.__vector_9
                0x0000052c       0xc6 Sketch.o
                0x0000052c                __vector_9
 .text._Z9readServohhh
                0x000005f2       0x9e Sketch.o
                0x000005f2                _Z9readServohhh
 .text._Z11printBufferv
                0x00000690       0x7e Sketch.o
                0x00000690                _Z11printBufferv
 .text.setup    0x0000070e      0x126 Sketch.o
                0x0000070e                setup
 .text._Z12printDataLCDv
                0x00000834      0x2de Sketch.o
                0x00000834                _Z12printDataLCDv
 .text.loop     0x00000b12        0xc Sketch.o
                0x00000b12                loop
 .text.avr-libc.fplib
                0x00000b1e        0xa c:/program files (x86)/atmel/studio/7.0/toolchain/avr8/avr8-gnu-toolchain/bin/../lib/gcc/avr/5.4.0/../../../../avr/lib/avr6\libm.a(fixsfsi.o)
                0x00000b1e                __fixsfsi
 .text.avr-libc.fplib
                0x00000b28       0x58 c:/program files (x86)/atmel/studio/7.0/toolchain/avr8/avr8-gnu-toolchain/bin/../lib/gcc/avr/5.4.0/../../../../avr/lib/avr6\libm.a(fixunssfsi.o)
                0x00000b28                __fixunssfsi
 .text.avr-libc.fplib
                0x00000b80       0x7a c:/program files (x86)/atmel/studio/7.0/toolchain/avr8/avr8-gnu-toolchain/bin/../lib/gcc/avr/5.4.0/../../../../avr/lib/avr6\libm.a(floatsisf.o)
                0x00000b80                __floatunsisf
                0x00000b84                __floatsisf
 .text.avr-libc.fplib
                0x00000bfa       0x44 c:/program files (x86)/atmel/studio/7.0/toolchain/avr8/avr8-gnu-toolchain/bin/../lib/gcc/avr/5.4.0/../../../../avr/lib/avr6\libm.a(fp_split3.o)
                0x00000bfa                __fp_split3
                0x00000c0a                __fp_splitA
 .text.avr-libc.fplib
                0x00000c3e        0xe c:/program files (x86)/atmel/studio/7.0/toolchain/avr8/avr8-gnu-toolchain/bin/../lib/gcc/avr/5.4.0/../../../../avr/lib/avr6\libm.a(fp_zero.o)
                0x00000c3e                __fp_zero
                0x00000c40                __fp_szero
 .text.avr-libc.fplib
                0x00000c4c        0x4 c:/program files (x86)/atmel/studio/7.0/toolchain/avr8/avr8-gnu-toolchain/bin/../lib/gcc/avr/5.4.0/../../../../avr/lib/avr6\libm.a(mulsf3.o)
                0x00000c4c                __mulsf3
 .text.avr-libc.fplib
                0x00000c50       0xc2 c:/program files (x86)/atmel/studio/7.0/toolchain/avr8/avr8-gnu-toolchain/bin/../lib/gcc/avr/5.4.0/../../../../avr/lib/avr6\libm.a(mulsf3x.o)
                0x00000c64                __mulsf3x
                0x00000c68                __mulsf3_pse
 .text.avr-libc.fplib
                0x00000d12        0xc c:/program files (x86)/atmel/studio/7.0/toolchain/avr8/avr8-gnu-toolchain/bin/../lib/gcc/avr/5.4.0/../../../../avr/lib/avr6\libm.a(fp_inf.o)
                0x00000d12                __fp_inf
 .text.avr-libc.fplib
                0x00000d1e        0x6 c:/program files (x86)/atmel/studio/7.0/toolchain/avr8/avr8-gnu-toolchain/bin/../lib/gcc/avr/5.4.0/../../../../avr/lib/avr6\libm.a(fp_nan.o)
                0x00000d1e                __fp_nan
 .text.avr-libc.fplib
                0x00000d24        0xe c:/program files (x86)/atmel/studio/7.0/toolchain/avr8/avr8-gnu-toolchain/bin/../lib/gcc/avr/5.4.0/../../../../avr/lib/avr6\libm.a(fp_pscA.o)
                0x00000d24                __fp_pscA
 .text.avr-libc.fplib
                0x00000d32        0xe c:/program files (x86)/atmel/studio/7.0/toolchain/avr8/avr8-gnu-toolchain/bin/../lib/gcc/avr/5.4.0/../../../../avr/lib/avr6\libm.a(fp_pscB.o)
                0x00000d32                __fp_pscB
 .text.avr-libc.fplib
                0x00000d40       0x22 c:/program files (x86)/atmel/studio/7.0/toolchain/avr8/avr8-gnu-toolchain/bin/../lib/gcc/avr/5.4.0/../../../../avr/lib/avr6\libm.a(fp_round.o)
                0x00000d40                __fp_round
 .text._ZN14HardwareSerial9availableEv
                0x00000d62       0x18 C:\Users\marotron\Documents\Atmel Studio\7.0\MEng_Project_Arm\MEng_Project_02\ArduinoCore\Debug\libArduinoCore.a(HardwareSerial.o)
                0x00000d62                _ZN14HardwareSerial9availableEv
 .text._ZN14HardwareSerial4peekEv
                0x00000d7a       0x1c C:\Users\marotron\Documents\Atmel Studio\7.0\MEng_Project_Arm\MEng_Project_02\ArduinoCore\Debug\libArduinoCore.a(HardwareSerial.o)
                0x00000d7a                _ZN14HardwareSerial4peekEv
 .text._ZN14HardwareSerial4readEv
                0x00000d96       0x28 C:\Users\marotron\Documents\Atmel Studio\7.0\MEng_Project_Arm\MEng_Project_02\ArduinoCore\Debug\libArduinoCore.a(HardwareSerial.o)
                0x00000d96                _ZN14HardwareSerial4readEv
 .text._ZN14HardwareSerial17availableForWriteEv
                0x00000dbe       0x1e C:\Users\marotron\Documents\Atmel Studio\7.0\MEng_Project_Arm\MEng_Project_02\ArduinoCore\Debug\libArduinoCore.a(HardwareSerial.o)
                0x00000dbe                _ZN14HardwareSerial17availableForWriteEv
 .text._Z14serialEventRunv
                0x00000ddc       0x76 C:\Users\marotron\Documents\Atmel Studio\7.0\MEng_Project_Arm\MEng_Project_02\ArduinoCore\Debug\libArduinoCore.a(HardwareSerial.o)
                0x00000ddc                _Z14serialEventRunv
 .text._ZN14HardwareSerial17_tx_udr_empty_irqEv
                0x00000e52       0x44 C:\Users\marotron\Documents\Atmel Studio\7.0\MEng_Project_Arm\MEng_Project_02\ArduinoCore\Debug\libArduinoCore.a(HardwareSerial.o)
                0x00000e52                _ZN14HardwareSerial17_tx_udr_empty_irqEv
 .text._ZN14HardwareSerial5writeEh
                0x00000e96       0x98 C:\Users\marotron\Documents\Atmel Studio\7.0\MEng_Project_Arm\MEng_Project_02\ArduinoCore\Debug\libArduinoCore.a(HardwareSerial.o)
                0x00000e96                _ZN14HardwareSerial5writeEh
 .text._ZN14HardwareSerial5flushEv
                0x00000f2e       0x42 C:\Users\marotron\Documents\Atmel Studio\7.0\MEng_Project_Arm\MEng_Project_02\ArduinoCore\Debug\libArduinoCore.a(HardwareSerial.o)
                0x00000f2e                _ZN14HardwareSerial5flushEv
 .text._ZN14HardwareSerial5beginEmh
                0x00000f70       0xca C:\Users\marotron\Documents\Atmel Studio\7.0\MEng_Project_Arm\MEng_Project_02\ArduinoCore\Debug\libArduinoCore.a(HardwareSerial.o)
                0x00000f70                _ZN14HardwareSerial5beginEmh
 .text._ZN5Print17availableForWriteEv
                0x0000103a        0x6 C:\Users\marotron\Documents\Atmel Studio\7.0\MEng_Project_Arm\MEng_Project_02\ArduinoCore\Debug\libArduinoCore.a(HardwareSerial0.o)
                0x0000103a                _ZN5Print17availableForWriteEv
 .text._ZN5Print5flushEv
                0x00001040        0x2 C:\Users\marotron\Documents\Atmel Studio\7.0\MEng_Project_Arm\MEng_Project_02\ArduinoCore\Debug\libArduinoCore.a(HardwareSerial0.o)
                0x00001040                _ZN5Print5flushEv
 .text.__vector_25
                0x00001042       0x6c C:\Users\marotron\Documents\Atmel Studio\7.0\MEng_Project_Arm\MEng_Project_02\ArduinoCore\Debug\libArduinoCore.a(HardwareSerial0.o)
                0x00001042                __vector_25
 .text.__vector_26
                0x000010ae       0x52 C:\Users\marotron\Documents\Atmel Studio\7.0\MEng_Project_Arm\MEng_Project_02\ArduinoCore\Debug\libArduinoCore.a(HardwareSerial0.o)
                0x000010ae                __vector_26
 .text._Z17Serial0_availablev
                0x00001100       0x12 C:\Users\marotron\Documents\Atmel Studio\7.0\MEng_Project_Arm\MEng_Project_02\ArduinoCore\Debug\libArduinoCore.a(HardwareSerial0.o)
                0x00001100                _Z17Serial0_availablev
 .text.startup._GLOBAL__sub_I___vector_25
                0x00001112       0x5a C:\Users\marotron\Documents\Atmel Studio\7.0\MEng_Project_Arm\MEng_Project_02\ArduinoCore\Debug\libArduinoCore.a(HardwareSerial0.o)
 .text.__vector_36
                0x0000116c       0x6c C:\Users\marotron\Documents\Atmel Studio\7.0\MEng_Project_Arm\MEng_Project_02\ArduinoCore\Debug\libArduinoCore.a(HardwareSerial1.o)
                0x0000116c                __vector_36
 .text.__vector_37
                0x000011d8       0x52 C:\Users\marotron\Documents\Atmel Studio\7.0\MEng_Project_Arm\MEng_Project_02\ArduinoCore\Debug\libArduinoCore.a(HardwareSerial1.o)
                0x000011d8                __vector_37
 .text._Z17Serial1_availablev
                0x0000122a       0x12 C:\Users\marotron\Documents\Atmel Studio\7.0\MEng_Project_Arm\MEng_Project_02\ArduinoCore\Debug\libArduinoCore.a(HardwareSerial1.o)
                0x0000122a                _Z17Serial1_availablev
 .text.startup._GLOBAL__sub_I___vector_36
                0x0000123c       0x5a C:\Users\marotron\Documents\Atmel Studio\7.0\MEng_Project_Arm\MEng_Project_02\ArduinoCore\Debug\libArduinoCore.a(HardwareSerial1.o)
 .text.initVariant
                0x00001296        0x2 C:\Users\marotron\Documents\Atmel Studio\7.0\MEng_Project_Arm\MEng_Project_02\ArduinoCore\Debug\libArduinoCore.a(main.o)
                0x00001296                initVariant
 .text.startup.main
                0x00001298       0x14 C:\Users\marotron\Documents\Atmel Studio\7.0\MEng_Project_Arm\MEng_Project_02\ArduinoCore\Debug\libArduinoCore.a(main.o)
                0x00001298                main
 .text._ZN5Print5writeEPKhj
                0x000012ac       0x54 C:\Users\marotron\Documents\Atmel Studio\7.0\MEng_Project_Arm\MEng_Project_02\ArduinoCore\Debug\libArduinoCore.a(Print.o)
                0x000012ac                _ZN5Print5writeEPKhj
 .text._ZN5Print5writeEPKc
                0x00001300       0x2a C:\Users\marotron\Documents\Atmel Studio\7.0\MEng_Project_Arm\MEng_Project_02\ArduinoCore\Debug\libArduinoCore.a(Print.o)
                0x00001300                _ZN5Print5writeEPKc
 .text._ZN5Print5printEPKc
                0x0000132a        0x2 C:\Users\marotron\Documents\Atmel Studio\7.0\MEng_Project_Arm\MEng_Project_02\ArduinoCore\Debug\libArduinoCore.a(Print.o)
                0x0000132a                _ZN5Print5printEPKc
 .text._ZN5Print5printEc
                0x0000132c        0xe C:\Users\marotron\Documents\Atmel Studio\7.0\MEng_Project_Arm\MEng_Project_02\ArduinoCore\Debug\libArduinoCore.a(Print.o)
                0x0000132c                _ZN5Print5printEc
 .text._ZN5Print7printlnEv
                0x0000133a        0x6 C:\Users\marotron\Documents\Atmel Studio\7.0\MEng_Project_Arm\MEng_Project_02\ArduinoCore\Debug\libArduinoCore.a(Print.o)
                0x0000133a                _ZN5Print7printlnEv
 .text._ZN5Print7printlnEPKc
                0x00001340       0x20 C:\Users\marotron\Documents\Atmel Studio\7.0\MEng_Project_Arm\MEng_Project_02\ArduinoCore\Debug\libArduinoCore.a(Print.o)
                0x00001340                _ZN5Print7printlnEPKc
 .text._ZN5Print11printNumberEmh
                0x00001360       0x8e C:\Users\marotron\Documents\Atmel Studio\7.0\MEng_Project_Arm\MEng_Project_02\ArduinoCore\Debug\libArduinoCore.a(Print.o)
                0x00001360                _ZN5Print11printNumberEmh
 .text._ZN5Print5printEmi
                0x000013ee       0x18 C:\Users\marotron\Documents\Atmel Studio\7.0\MEng_Project_Arm\MEng_Project_02\ArduinoCore\Debug\libArduinoCore.a(Print.o)
                0x000013ee                _ZN5Print5printEmi
 .text._ZN5Print5printEhi
                0x00001406        0xc C:\Users\marotron\Documents\Atmel Studio\7.0\MEng_Project_Arm\MEng_Project_02\ArduinoCore\Debug\libArduinoCore.a(Print.o)
                0x00001406                _ZN5Print5printEhi
 .text._ZN5Print5printEli
                0x00001412       0x8a C:\Users\marotron\Documents\Atmel Studio\7.0\MEng_Project_Arm\MEng_Project_02\ArduinoCore\Debug\libArduinoCore.a(Print.o)
                0x00001412                _ZN5Print5printEli
 .text._ZN5Print5printEii
                0x0000149c        0xc C:\Users\marotron\Documents\Atmel Studio\7.0\MEng_Project_Arm\MEng_Project_02\ArduinoCore\Debug\libArduinoCore.a(Print.o)
                0x0000149c                _ZN5Print5printEii
 .text._ZN5Print7printlnEii
                0x000014a8       0x20 C:\Users\marotron\Documents\Atmel Studio\7.0\MEng_Project_Arm\MEng_Project_02\ArduinoCore\Debug\libArduinoCore.a(Print.o)
                0x000014a8                _ZN5Print7printlnEii
 .text.__vector_23
                0x000014c8       0x94 C:\Users\marotron\Documents\Atmel Studio\7.0\MEng_Project_Arm\MEng_Project_02\ArduinoCore\Debug\libArduinoCore.a(wiring.o)
                0x000014c8                __vector_23
 .text.millis   0x0000155c       0x18 C:\Users\marotron\Documents\Atmel Studio\7.0\MEng_Project_Arm\MEng_Project_02\ArduinoCore\Debug\libArduinoCore.a(wiring.o)
                0x0000155c                millis
 .text.micros   0x00001574       0x4a C:\Users\marotron\Documents\Atmel Studio\7.0\MEng_Project_Arm\MEng_Project_02\ArduinoCore\Debug\libArduinoCore.a(wiring.o)
                0x00001574                micros
 .text.delay    0x000015be       0x72 C:\Users\marotron\Documents\Atmel Studio\7.0\MEng_Project_Arm\MEng_Project_02\ArduinoCore\Debug\libArduinoCore.a(wiring.o)
                0x000015be                delay
 .text.delayMicroseconds
                0x00001630       0x16 C:\Users\marotron\Documents\Atmel Studio\7.0\MEng_Project_Arm\MEng_Project_02\ArduinoCore\Debug\libArduinoCore.a(wiring.o)
                0x00001630                delayMicroseconds
 .text.init     0x00001646       0xc4 C:\Users\marotron\Documents\Atmel Studio\7.0\MEng_Project_Arm\MEng_Project_02\ArduinoCore\Debug\libArduinoCore.a(wiring.o)
                0x00001646                init
 .text.turnOffPWM
                0x0000170a       0xaa C:\Users\marotron\Documents\Atmel Studio\7.0\MEng_Project_Arm\MEng_Project_02\ArduinoCore\Debug\libArduinoCore.a(wiring_digital.o)
 .text.pinMode  0x000017b4       0x78 C:\Users\marotron\Documents\Atmel Studio\7.0\MEng_Project_Arm\MEng_Project_02\ArduinoCore\Debug\libArduinoCore.a(wiring_digital.o)
                0x000017b4                pinMode
 .text.digitalWrite
                0x0000182c       0x5c C:\Users\marotron\Documents\Atmel Studio\7.0\MEng_Project_Arm\MEng_Project_02\ArduinoCore\Debug\libArduinoCore.a(wiring_digital.o)
                0x0000182c                digitalWrite
 .text._ZN17LiquidCrystal_I2CC2Ehhh
                0x00001888       0x18 C:\Users\marotron\Documents\Atmel Studio\7.0\MEng_Project_Arm\MEng_Project_02\ArduinoCore\Debug\libArduinoCore.a(LiquidCrystal_I2C.o)
                0x00001888                _ZN17LiquidCrystal_I2CC1Ehhh
                0x00001888                _ZN17LiquidCrystal_I2CC2Ehhh
 .text._ZN17LiquidCrystal_I2C13expanderWriteEh
                0x000018a0       0x28 C:\Users\marotron\Documents\Atmel Studio\7.0\MEng_Project_Arm\MEng_Project_02\ArduinoCore\Debug\libArduinoCore.a(LiquidCrystal_I2C.o)
                0x000018a0                _ZN17LiquidCrystal_I2C13expanderWriteEh
 .text._ZN17LiquidCrystal_I2C9backlightEv
                0x000018c8        0xa C:\Users\marotron\Documents\Atmel Studio\7.0\MEng_Project_Arm\MEng_Project_02\ArduinoCore\Debug\libArduinoCore.a(LiquidCrystal_I2C.o)
                0x000018c8                _ZN17LiquidCrystal_I2C9backlightEv
 .text._ZN17LiquidCrystal_I2C11pulseEnableEh
                0x000018d2       0x28 C:\Users\marotron\Documents\Atmel Studio\7.0\MEng_Project_Arm\MEng_Project_02\ArduinoCore\Debug\libArduinoCore.a(LiquidCrystal_I2C.o)
                0x000018d2                _ZN17LiquidCrystal_I2C11pulseEnableEh
 .text._ZN17LiquidCrystal_I2C10write4bitsEh
                0x000018fa       0x18 C:\Users\marotron\Documents\Atmel Studio\7.0\MEng_Project_Arm\MEng_Project_02\ArduinoCore\Debug\libArduinoCore.a(LiquidCrystal_I2C.o)
                0x000018fa                _ZN17LiquidCrystal_I2C10write4bitsEh
 .text._ZN17LiquidCrystal_I2C4sendEhh
                0x00001912       0x2a C:\Users\marotron\Documents\Atmel Studio\7.0\MEng_Project_Arm\MEng_Project_02\ArduinoCore\Debug\libArduinoCore.a(LiquidCrystal_I2C.o)
                0x00001912                _ZN17LiquidCrystal_I2C4sendEhh
 .text._ZN17LiquidCrystal_I2C7commandEh
                0x0000193c        0x4 C:\Users\marotron\Documents\Atmel Studio\7.0\MEng_Project_Arm\MEng_Project_02\ArduinoCore\Debug\libArduinoCore.a(LiquidCrystal_I2C.o)
                0x0000193c                _ZN17LiquidCrystal_I2C7commandEh
 .text._ZN17LiquidCrystal_I2C5clearEv
                0x00001940        0xa C:\Users\marotron\Documents\Atmel Studio\7.0\MEng_Project_Arm\MEng_Project_02\ArduinoCore\Debug\libArduinoCore.a(LiquidCrystal_I2C.o)
                0x00001940                _ZN17LiquidCrystal_I2C5clearEv
 .text._ZN17LiquidCrystal_I2C4homeEv
                0x0000194a        0xa C:\Users\marotron\Documents\Atmel Studio\7.0\MEng_Project_Arm\MEng_Project_02\ArduinoCore\Debug\libArduinoCore.a(LiquidCrystal_I2C.o)
                0x0000194a                _ZN17LiquidCrystal_I2C4homeEv
 .text._ZN17LiquidCrystal_I2C9setCursorEhh
                0x00001954       0x5a C:\Users\marotron\Documents\Atmel Studio\7.0\MEng_Project_Arm\MEng_Project_02\ArduinoCore\Debug\libArduinoCore.a(LiquidCrystal_I2C.o)
                0x00001954                _ZN17LiquidCrystal_I2C9setCursorEhh
 .text._ZN17LiquidCrystal_I2C7displayEv
                0x000019ae        0xe C:\Users\marotron\Documents\Atmel Studio\7.0\MEng_Project_Arm\MEng_Project_02\ArduinoCore\Debug\libArduinoCore.a(LiquidCrystal_I2C.o)
                0x000019ae                _ZN17LiquidCrystal_I2C7displayEv
 .text._ZN17LiquidCrystal_I2C5writeEh
                0x000019bc        0xa C:\Users\marotron\Documents\Atmel Studio\7.0\MEng_Project_Arm\MEng_Project_02\ArduinoCore\Debug\libArduinoCore.a(LiquidCrystal_I2C.o)
                0x000019bc                _ZN17LiquidCrystal_I2C5writeEh
 .text._ZN17LiquidCrystal_I2C5beginEhhh
                0x000019c6       0x8a C:\Users\marotron\Documents\Atmel Studio\7.0\MEng_Project_Arm\MEng_Project_02\ArduinoCore\Debug\libArduinoCore.a(LiquidCrystal_I2C.o)
                0x000019c6                _ZN17LiquidCrystal_I2C5beginEhhh
 .text._ZN17LiquidCrystal_I2C9init_privEv
                0x00001a50       0x1c C:\Users\marotron\Documents\Atmel Studio\7.0\MEng_Project_Arm\MEng_Project_02\ArduinoCore\Debug\libArduinoCore.a(LiquidCrystal_I2C.o)
                0x00001a50                _ZN17LiquidCrystal_I2C9init_privEv
 .text._ZN17LiquidCrystal_I2C4initEv
                0x00001a6c        0x2 C:\Users\marotron\Documents\Atmel Studio\7.0\MEng_Project_Arm\MEng_Project_02\ArduinoCore\Debug\libArduinoCore.a(LiquidCrystal_I2C.o)
                0x00001a6c                _ZN17LiquidCrystal_I2C4initEv
 .text._ZN7TwoWire9availableEv
                0x00001a6e       0x10 C:\Users\marotron\Documents\Atmel Studio\7.0\MEng_Project_Arm\MEng_Project_02\ArduinoCore\Debug\libArduinoCore.a(Wire.o)
                0x00001a6e                _ZN7TwoWire9availableEv
 .text._ZN7TwoWire4readEv
                0x00001a7e       0x28 C:\Users\marotron\Documents\Atmel Studio\7.0\MEng_Project_Arm\MEng_Project_02\ArduinoCore\Debug\libArduinoCore.a(Wire.o)
                0x00001a7e                _ZN7TwoWire4readEv
 .text._ZN7TwoWire4peekEv
                0x00001aa6       0x1e C:\Users\marotron\Documents\Atmel Studio\7.0\MEng_Project_Arm\MEng_Project_02\ArduinoCore\Debug\libArduinoCore.a(Wire.o)
                0x00001aa6                _ZN7TwoWire4peekEv
 .text._ZN7TwoWire5flushEv
                0x00001ac4        0x2 C:\Users\marotron\Documents\Atmel Studio\7.0\MEng_Project_Arm\MEng_Project_02\ArduinoCore\Debug\libArduinoCore.a(Wire.o)
                0x00001ac4                _ZN7TwoWire5flushEv
 .text._ZN7TwoWire16onReceiveServiceEPhi
                0x00001ac6       0x54 C:\Users\marotron\Documents\Atmel Studio\7.0\MEng_Project_Arm\MEng_Project_02\ArduinoCore\Debug\libArduinoCore.a(Wire.o)
                0x00001ac6                _ZN7TwoWire16onReceiveServiceEPhi
 .text._ZN7TwoWire16onRequestServiceEv
                0x00001b1a       0x18 C:\Users\marotron\Documents\Atmel Studio\7.0\MEng_Project_Arm\MEng_Project_02\ArduinoCore\Debug\libArduinoCore.a(Wire.o)
                0x00001b1a                _ZN7TwoWire16onRequestServiceEv
 .text._ZN7TwoWire5writeEPKhj
                0x00001b32       0x58 C:\Users\marotron\Documents\Atmel Studio\7.0\MEng_Project_Arm\MEng_Project_02\ArduinoCore\Debug\libArduinoCore.a(Wire.o)
                0x00001b32                _ZN7TwoWire5writeEPKhj
 .text._ZN7TwoWire5writeEh
                0x00001b8a       0x5c C:\Users\marotron\Documents\Atmel Studio\7.0\MEng_Project_Arm\MEng_Project_02\ArduinoCore\Debug\libArduinoCore.a(Wire.o)
                0x00001b8a                _ZN7TwoWire5writeEh
 .text._ZN7TwoWireC2Ev
                0x00001be6       0x20 C:\Users\marotron\Documents\Atmel Studio\7.0\MEng_Project_Arm\MEng_Project_02\ArduinoCore\Debug\libArduinoCore.a(Wire.o)
                0x00001be6                _ZN7TwoWireC1Ev
                0x00001be6                _ZN7TwoWireC2Ev
 .text._ZN7TwoWire5beginEv
                0x00001c06       0x1e C:\Users\marotron\Documents\Atmel Studio\7.0\MEng_Project_Arm\MEng_Project_02\ArduinoCore\Debug\libArduinoCore.a(Wire.o)
                0x00001c06                _ZN7TwoWire5beginEv
 .text._ZN7TwoWire17beginTransmissionEh
                0x00001c24       0x14 C:\Users\marotron\Documents\Atmel Studio\7.0\MEng_Project_Arm\MEng_Project_02\ArduinoCore\Debug\libArduinoCore.a(Wire.o)
                0x00001c24                _ZN7TwoWire17beginTransmissionEh
 .text._ZN7TwoWire15endTransmissionEh
                0x00001c38       0x24 C:\Users\marotron\Documents\Atmel Studio\7.0\MEng_Project_Arm\MEng_Project_02\ArduinoCore\Debug\libArduinoCore.a(Wire.o)
                0x00001c38                _ZN7TwoWire15endTransmissionEh
 .text._ZN7TwoWire15endTransmissionEv
                0x00001c5c        0x4 C:\Users\marotron\Documents\Atmel Studio\7.0\MEng_Project_Arm\MEng_Project_02\ArduinoCore\Debug\libArduinoCore.a(Wire.o)
                0x00001c5c                _ZN7TwoWire15endTransmissionEv
 .text.startup._GLOBAL__sub_I__ZN7TwoWire8rxBufferE
                0x00001c60        0x6 C:\Users\marotron\Documents\Atmel Studio\7.0\MEng_Project_Arm\MEng_Project_02\ArduinoCore\Debug\libArduinoCore.a(Wire.o)
 .text.__empty  0x00001c66        0x2 C:\Users\marotron\Documents\Atmel Studio\7.0\MEng_Project_Arm\MEng_Project_02\ArduinoCore\Debug\libArduinoCore.a(hooks.o)
                0x00001c66                yield
 .text.twi_init
                0x00001c68       0x38 C:\Users\marotron\Documents\Atmel Studio\7.0\MEng_Project_Arm\MEng_Project_02\ArduinoCore\Debug\libArduinoCore.a(twi.o)
                0x00001c68                twi_init
 .text.twi_writeTo
                0x00001ca0       0xac C:\Users\marotron\Documents\Atmel Studio\7.0\MEng_Project_Arm\MEng_Project_02\ArduinoCore\Debug\libArduinoCore.a(twi.o)
                0x00001ca0                twi_writeTo
 .text.twi_transmit
                0x00001d4c       0x50 C:\Users\marotron\Documents\Atmel Studio\7.0\MEng_Project_Arm\MEng_Project_02\ArduinoCore\Debug\libArduinoCore.a(twi.o)
                0x00001d4c                twi_transmit
 .text.twi_attachSlaveRxEvent
                0x00001d9c        0xa C:\Users\marotron\Documents\Atmel Studio\7.0\MEng_Project_Arm\MEng_Project_02\ArduinoCore\Debug\libArduinoCore.a(twi.o)
                0x00001d9c                twi_attachSlaveRxEvent
 .text.twi_attachSlaveTxEvent
                0x00001da6        0xa C:\Users\marotron\Documents\Atmel Studio\7.0\MEng_Project_Arm\MEng_Project_02\ArduinoCore\Debug\libArduinoCore.a(twi.o)
                0x00001da6                twi_attachSlaveTxEvent
 .text.twi_stop
                0x00001db0       0x14 C:\Users\marotron\Documents\Atmel Studio\7.0\MEng_Project_Arm\MEng_Project_02\ArduinoCore\Debug\libArduinoCore.a(twi.o)
                0x00001db0                twi_stop
 .text.twi_releaseBus
                0x00001dc4        0xc C:\Users\marotron\Documents\Atmel Studio\7.0\MEng_Project_Arm\MEng_Project_02\ArduinoCore\Debug\libArduinoCore.a(twi.o)
                0x00001dc4                twi_releaseBus
 .text.__vector_39
                0x00001dd0      0x25c C:\Users\marotron\Documents\Atmel Studio\7.0\MEng_Project_Arm\MEng_Project_02\ArduinoCore\Debug\libArduinoCore.a(twi.o)
                0x00001dd0                __vector_39
 .text.libgcc.div
                0x0000202c       0x44 c:/program files (x86)/atmel/studio/7.0/toolchain/avr8/avr8-gnu-toolchain/bin/../lib/gcc/avr/5.4.0/avr6\libgcc.a(_udivmodsi4.o)
                0x0000202c                __udivmodsi4
 .text.libgcc   0x00002070       0x10 c:/program files (x86)/atmel/studio/7.0/toolchain/avr8/avr8-gnu-toolchain/bin/../lib/gcc/avr/5.4.0/avr6\libgcc.a(_tablejump2.o)
                0x00002070                __tablejump2__
 .text.avr-libc
                0x00002080       0x5c c:/program files (x86)/atmel/studio/7.0/toolchain/avr8/avr8-gnu-toolchain/bin/../lib/gcc/avr/5.4.0/../../../../avr/lib/avr6\libc.a(sprintf.o)
                0x00002080                sprintf
 .text.avr-libc
                0x000020dc      0x3fa c:/program files (x86)/atmel/studio/7.0/toolchain/avr8/avr8-gnu-toolchain/bin/../lib/gcc/avr/5.4.0/../../../../avr/lib/avr6\libc.a(vfprintf_std.o)
                0x000020dc                vfprintf
 .text.avr-libc
                0x000024d6       0x16 c:/program files (x86)/atmel/studio/7.0/toolchain/avr8/avr8-gnu-toolchain/bin/../lib/gcc/avr/5.4.0/../../../../avr/lib/avr6\libc.a(strnlen_P.o)
                0x000024d6                strnlen_P
 .text.avr-libc
                0x000024ec       0x16 c:/program files (x86)/atmel/studio/7.0/toolchain/avr8/avr8-gnu-toolchain/bin/../lib/gcc/avr/5.4.0/../../../../avr/lib/avr6\libc.a(strnlen.o)
                0x000024ec                strnlen
 .text.avr-libc
                0x00002502       0x78 c:/program files (x86)/atmel/studio/7.0/toolchain/avr8/avr8-gnu-toolchain/bin/../lib/gcc/avr/5.4.0/../../../../avr/lib/avr6\libc.a(fputc.o)
                0x00002502                fputc
 .text.avr-libc
                0x0000257a       0xbc c:/program files (x86)/atmel/studio/7.0/toolchain/avr8/avr8-gnu-toolchain/bin/../lib/gcc/avr/5.4.0/../../../../avr/lib/avr6\libc.a(ultoa_invert.o)
                0x0000257a                __ultoa_invert
                0x00002636                . = ALIGN (0x2)
 *(.fini9)
 .fini9         0x00002636        0x0 c:/program files (x86)/atmel/studio/7.0/toolchain/avr8/avr8-gnu-toolchain/bin/../lib/gcc/avr/5.4.0/avr6\libgcc.a(_exit.o)
                0x00002636                _exit
                0x00002636                exit
 *(.fini9)
 *(.fini8)
 *(.fini8)
 *(.fini7)
 *(.fini7)
 *(.fini6)
 *(.fini6)
 *(.fini5)
 *(.fini5)
 *(.fini4)
 *(.fini4)
 *(.fini3)
 *(.fini3)
 *(.fini2)
 *(.fini2)
 *(.fini1)
 *(.fini1)
 *(.fini0)
 .fini0         0x00002636        0x4 c:/program files (x86)/atmel/studio/7.0/toolchain/avr8/avr8-gnu-toolchain/bin/../lib/gcc/avr/5.4.0/avr6\libgcc.a(_exit.o)
 *(.fini0)
                0x0000263a                _etext = .

.data           0x00800200      0x12e load address 0x0000263a
                0x00800200                PROVIDE (__data_start, .)
 *(.data)
 *(.data*)
 .data.angle    0x00800200        0x2 Sketch.o
                0x00800200                angle
 .data.id       0x00800202        0x1 Sketch.o
                0x00800202                id
 *(.gnu.linkonce.d*)
 *(.rodata)
 .rodata        0x00800203        0x8 C:\Users\marotron\Documents\Atmel Studio\7.0\MEng_Project_Arm\MEng_Project_02\ArduinoCore\Debug\libArduinoCore.a(LiquidCrystal_I2C.o)
 *(.rodata*)
 .rodata.str1.1
                0x0080020b       0xe3 Sketch.o
                                 0xe8 (size before relaxing)
 .rodata._ZTV14HardwareSerial
                0x008002ee       0x12 C:\Users\marotron\Documents\Atmel Studio\7.0\MEng_Project_Arm\MEng_Project_02\ArduinoCore\Debug\libArduinoCore.a(HardwareSerial.o)
                0x008002ee                _ZTV14HardwareSerial
 .rodata.str1.1
                0x00800300        0xf C:\Users\marotron\Documents\Atmel Studio\7.0\MEng_Project_Arm\MEng_Project_02\ArduinoCore\Debug\libArduinoCore.a(Print.o)
 .rodata._ZTV17LiquidCrystal_I2C
                0x0080030f        0xc C:\Users\marotron\Documents\Atmel Studio\7.0\MEng_Project_Arm\MEng_Project_02\ArduinoCore\Debug\libArduinoCore.a(LiquidCrystal_I2C.o)
                0x0080030f                _ZTV17LiquidCrystal_I2C
 .rodata._ZTV7TwoWire
                0x0080031b       0x12 C:\Users\marotron\Documents\Atmel Studio\7.0\MEng_Project_Arm\MEng_Project_02\ArduinoCore\Debug\libArduinoCore.a(Wire.o)
                0x0080031b                _ZTV7TwoWire
 *(.gnu.linkonce.r*)
                0x0080032e                . = ALIGN (0x2)
 *fill*         0x0080032d        0x1 
                0x0080032e                _edata = .
                0x0080032e                PROVIDE (__data_end, .)

.bss            0x0080032e      0x222
                0x0080032e                PROVIDE (__bss_start, .)
 *(.bss)
 *(.bss*)
 .bss.lcd       0x0080032e        0xc Sketch.o
                0x0080032e                lcd
 .bss.cycle_counter
                0x0080033a        0x2 Sketch.o
                0x0080033a                cycle_counter
 .bss.error_counter
                0x0080033c        0x2 Sketch.o
                0x0080033c                error_counter
 .bss.error_byte_old
                0x0080033e        0x1 Sketch.o
                0x0080033e                error_byte_old
 .bss.currPos   0x0080033f        0x2 Sketch.o
                0x0080033f                currPos
 .bss.rotations
                0x00800341        0x2 Sketch.o
                0x00800341                rotations
 .bss.position_old
                0x00800343        0x2 Sketch.o
                0x00800343                position_old
 .bss.startTime
                0x00800345        0x4 Sketch.o
                0x00800345                startTime
 .bss.Serial    0x00800349       0x9d C:\Users\marotron\Documents\Atmel Studio\7.0\MEng_Project_Arm\MEng_Project_02\ArduinoCore\Debug\libArduinoCore.a(HardwareSerial0.o)
                0x00800349                Serial
 .bss.Serial1   0x008003e6       0x9d C:\Users\marotron\Documents\Atmel Studio\7.0\MEng_Project_Arm\MEng_Project_02\ArduinoCore\Debug\libArduinoCore.a(HardwareSerial1.o)
                0x008003e6                Serial1
 .bss.timer0_fract
                0x00800483        0x1 C:\Users\marotron\Documents\Atmel Studio\7.0\MEng_Project_Arm\MEng_Project_02\ArduinoCore\Debug\libArduinoCore.a(wiring.o)
 .bss.timer0_millis
                0x00800484        0x4 C:\Users\marotron\Documents\Atmel Studio\7.0\MEng_Project_Arm\MEng_Project_02\ArduinoCore\Debug\libArduinoCore.a(wiring.o)
                0x00800484                timer0_millis
 .bss.timer0_overflow_count
                0x00800488        0x4 C:\Users\marotron\Documents\Atmel Studio\7.0\MEng_Project_Arm\MEng_Project_02\ArduinoCore\Debug\libArduinoCore.a(wiring.o)
                0x00800488                timer0_overflow_count
 .bss.Wire      0x0080048c        0xc C:\Users\marotron\Documents\Atmel Studio\7.0\MEng_Project_Arm\MEng_Project_02\ArduinoCore\Debug\libArduinoCore.a(Wire.o)
                0x0080048c                Wire
 .bss._ZN7TwoWire14user_onReceiveE
                0x00800498        0x2 C:\Users\marotron\Documents\Atmel Studio\7.0\MEng_Project_Arm\MEng_Project_02\ArduinoCore\Debug\libArduinoCore.a(Wire.o)
                0x00800498                _ZN7TwoWire14user_onReceiveE
 .bss._ZN7TwoWire14user_onRequestE
                0x0080049a        0x2 C:\Users\marotron\Documents\Atmel Studio\7.0\MEng_Project_Arm\MEng_Project_02\ArduinoCore\Debug\libArduinoCore.a(Wire.o)
                0x0080049a                _ZN7TwoWire14user_onRequestE
 .bss._ZN7TwoWire12transmittingE
                0x0080049c        0x1 C:\Users\marotron\Documents\Atmel Studio\7.0\MEng_Project_Arm\MEng_Project_02\ArduinoCore\Debug\libArduinoCore.a(Wire.o)
                0x0080049c                _ZN7TwoWire12transmittingE
 .bss._ZN7TwoWire14txBufferLengthE
                0x0080049d        0x1 C:\Users\marotron\Documents\Atmel Studio\7.0\MEng_Project_Arm\MEng_Project_02\ArduinoCore\Debug\libArduinoCore.a(Wire.o)
                0x0080049d                _ZN7TwoWire14txBufferLengthE
 .bss._ZN7TwoWire13txBufferIndexE
                0x0080049e        0x1 C:\Users\marotron\Documents\Atmel Studio\7.0\MEng_Project_Arm\MEng_Project_02\ArduinoCore\Debug\libArduinoCore.a(Wire.o)
                0x0080049e                _ZN7TwoWire13txBufferIndexE
 .bss._ZN7TwoWire8txBufferE
                0x0080049f       0x20 C:\Users\marotron\Documents\Atmel Studio\7.0\MEng_Project_Arm\MEng_Project_02\ArduinoCore\Debug\libArduinoCore.a(Wire.o)
                0x0080049f                _ZN7TwoWire8txBufferE
 .bss._ZN7TwoWire9txAddressE
                0x008004bf        0x1 C:\Users\marotron\Documents\Atmel Studio\7.0\MEng_Project_Arm\MEng_Project_02\ArduinoCore\Debug\libArduinoCore.a(Wire.o)
                0x008004bf                _ZN7TwoWire9txAddressE
 .bss._ZN7TwoWire14rxBufferLengthE
                0x008004c0        0x1 C:\Users\marotron\Documents\Atmel Studio\7.0\MEng_Project_Arm\MEng_Project_02\ArduinoCore\Debug\libArduinoCore.a(Wire.o)
                0x008004c0                _ZN7TwoWire14rxBufferLengthE
 .bss._ZN7TwoWire13rxBufferIndexE
                0x008004c1        0x1 C:\Users\marotron\Documents\Atmel Studio\7.0\MEng_Project_Arm\MEng_Project_02\ArduinoCore\Debug\libArduinoCore.a(Wire.o)
                0x008004c1                _ZN7TwoWire13rxBufferIndexE
 .bss._ZN7TwoWire8rxBufferE
                0x008004c2       0x20 C:\Users\marotron\Documents\Atmel Studio\7.0\MEng_Project_Arm\MEng_Project_02\ArduinoCore\Debug\libArduinoCore.a(Wire.o)
                0x008004c2                _ZN7TwoWire8rxBufferE
 .bss.twi_error
                0x008004e2        0x1 C:\Users\marotron\Documents\Atmel Studio\7.0\MEng_Project_Arm\MEng_Project_02\ArduinoCore\Debug\libArduinoCore.a(twi.o)
 .bss.twi_rxBufferIndex
                0x008004e3        0x1 C:\Users\marotron\Documents\Atmel Studio\7.0\MEng_Project_Arm\MEng_Project_02\ArduinoCore\Debug\libArduinoCore.a(twi.o)
 .bss.twi_rxBuffer
                0x008004e4       0x20 C:\Users\marotron\Documents\Atmel Studio\7.0\MEng_Project_Arm\MEng_Project_02\ArduinoCore\Debug\libArduinoCore.a(twi.o)
 .bss.twi_txBufferLength
                0x00800504        0x1 C:\Users\marotron\Documents\Atmel Studio\7.0\MEng_Project_Arm\MEng_Project_02\ArduinoCore\Debug\libArduinoCore.a(twi.o)
 .bss.twi_txBufferIndex
                0x00800505        0x1 C:\Users\marotron\Documents\Atmel Studio\7.0\MEng_Project_Arm\MEng_Project_02\ArduinoCore\Debug\libArduinoCore.a(twi.o)
 .bss.twi_txBuffer
                0x00800506       0x20 C:\Users\marotron\Documents\Atmel Studio\7.0\MEng_Project_Arm\MEng_Project_02\ArduinoCore\Debug\libArduinoCore.a(twi.o)
 .bss.twi_masterBufferLength
                0x00800526        0x1 C:\Users\marotron\Documents\Atmel Studio\7.0\MEng_Project_Arm\MEng_Project_02\ArduinoCore\Debug\libArduinoCore.a(twi.o)
 .bss.twi_masterBufferIndex
                0x00800527        0x1 C:\Users\marotron\Documents\Atmel Studio\7.0\MEng_Project_Arm\MEng_Project_02\ArduinoCore\Debug\libArduinoCore.a(twi.o)
 .bss.twi_masterBuffer
                0x00800528       0x20 C:\Users\marotron\Documents\Atmel Studio\7.0\MEng_Project_Arm\MEng_Project_02\ArduinoCore\Debug\libArduinoCore.a(twi.o)
 .bss.twi_onSlaveReceive
                0x00800548        0x2 C:\Users\marotron\Documents\Atmel Studio\7.0\MEng_Project_Arm\MEng_Project_02\ArduinoCore\Debug\libArduinoCore.a(twi.o)
 .bss.twi_onSlaveTransmit
                0x0080054a        0x2 C:\Users\marotron\Documents\Atmel Studio\7.0\MEng_Project_Arm\MEng_Project_02\ArduinoCore\Debug\libArduinoCore.a(twi.o)
 .bss.twi_inRepStart
                0x0080054c        0x1 C:\Users\marotron\Documents\Atmel Studio\7.0\MEng_Project_Arm\MEng_Project_02\ArduinoCore\Debug\libArduinoCore.a(twi.o)
 .bss.twi_sendStop
                0x0080054d        0x1 C:\Users\marotron\Documents\Atmel Studio\7.0\MEng_Project_Arm\MEng_Project_02\ArduinoCore\Debug\libArduinoCore.a(twi.o)
 .bss.twi_slarw
                0x0080054e        0x1 C:\Users\marotron\Documents\Atmel Studio\7.0\MEng_Project_Arm\MEng_Project_02\ArduinoCore\Debug\libArduinoCore.a(twi.o)
 .bss.twi_state
                0x0080054f        0x1 C:\Users\marotron\Documents\Atmel Studio\7.0\MEng_Project_Arm\MEng_Project_02\ArduinoCore\Debug\libArduinoCore.a(twi.o)
 *(COMMON)
                0x00800550                PROVIDE (__bss_end, .)
                0x0000263a                __data_load_start = LOADADDR (.data)
                0x00002768                __data_load_end = (__data_load_start + SIZEOF (.data))

.noinit         0x00800550        0x0
                [!provide]                PROVIDE (__noinit_start, .)
 *(.noinit*)
                [!provide]                PROVIDE (__noinit_end, .)
                0x00800550                _end = .
                0x00800550                PROVIDE (__heap_start, .)

.eeprom         0x00810000        0x0
 *(.eeprom*)
                0x00810000                __eeprom_end = .

.fuse
 *(.fuse)
 *(.lfuse)
 *(.hfuse)
 *(.efuse)

.lock
 *(.lock*)

.signature
 *(.signature*)

.user_signatures
 *(.user_signatures*)

.stab
 *(.stab)

.stabstr
 *(.stabstr)

.stab.excl
 *(.stab.excl)

.stab.exclstr
 *(.stab.exclstr)

.stab.index
 *(.stab.index)

.stab.indexstr
 *(.stab.indexstr)

.comment        0x00000000       0x5c
 *(.comment)
 .comment       0x00000000       0x30 Sketch.o
                                 0x31 (size before relaxing)
 .comment       0x00000030       0x31 C:\Users\marotron\Documents\Atmel Studio\7.0\MEng_Project_Arm\MEng_Project_02\ArduinoCore\Debug\libArduinoCore.a(HardwareSerial.o)
 .comment       0x00000030       0x31 C:\Users\marotron\Documents\Atmel Studio\7.0\MEng_Project_Arm\MEng_Project_02\ArduinoCore\Debug\libArduinoCore.a(HardwareSerial0.o)
 .comment       0x00000030       0x31 C:\Users\marotron\Documents\Atmel Studio\7.0\MEng_Project_Arm\MEng_Project_02\ArduinoCore\Debug\libArduinoCore.a(HardwareSerial1.o)
 .comment       0x00000030       0x31 C:\Users\marotron\Documents\Atmel Studio\7.0\MEng_Project_Arm\MEng_Project_02\ArduinoCore\Debug\libArduinoCore.a(main.o)
 .comment       0x00000030       0x31 C:\Users\marotron\Documents\Atmel Studio\7.0\MEng_Project_Arm\MEng_Project_02\ArduinoCore\Debug\libArduinoCore.a(Print.o)
 .comment       0x00000030       0x31 C:\Users\marotron\Documents\Atmel Studio\7.0\MEng_Project_Arm\MEng_Project_02\ArduinoCore\Debug\libArduinoCore.a(wiring.o)
 .comment       0x00000030       0x31 C:\Users\marotron\Documents\Atmel Studio\7.0\MEng_Project_Arm\MEng_Project_02\ArduinoCore\Debug\libArduinoCore.a(wiring_digital.o)
 .comment       0x00000030       0x31 C:\Users\marotron\Documents\Atmel Studio\7.0\MEng_Project_Arm\MEng_Project_02\ArduinoCore\Debug\libArduinoCore.a(LiquidCrystal_I2C.o)
 .comment       0x00000030       0x31 C:\Users\marotron\Documents\Atmel Studio\7.0\MEng_Project_Arm\MEng_Project_02\ArduinoCore\Debug\libArduinoCore.a(Wire.o)
 .comment       0x00000030       0x31 C:\Users\marotron\Documents\Atmel Studio\7.0\MEng_Project_Arm\MEng_Project_02\ArduinoCore\Debug\libArduinoCore.a(hooks.o)
 .comment       0x00000030       0x31 C:\Users\marotron\Documents\Atmel Studio\7.0\MEng_Project_Arm\MEng_Project_02\ArduinoCore\Debug\libArduinoCore.a(twi.o)
 .comment       0x00000030       0x31 c:/program files (x86)/atmel/studio/7.0/toolchain/avr8/avr8-gnu-toolchain/bin/../lib/gcc/avr/5.4.0/../../../../avr/lib/avr6\libc.a(sprintf.o)
 .comment       0x00000030       0x2c c:/program files (x86)/atmel/studio/7.0/toolchain/avr8/avr8-gnu-toolchain/bin/../lib/gcc/avr/5.4.0/../../../../avr/lib/avr6\libc.a(vfprintf_std.o)
                                 0x2d (size before relaxing)
 .comment       0x0000005c       0x31 c:/program files (x86)/atmel/studio/7.0/toolchain/avr8/avr8-gnu-toolchain/bin/../lib/gcc/avr/5.4.0/../../../../avr/lib/avr6\libc.a(fputc.o)

.note.gnu.avr.deviceinfo
                0x00000000       0x40
 .note.gnu.avr.deviceinfo
                0x00000000       0x40 C:/Program Files (x86)/Atmel/Studio/7.0/Packs/atmel/ATmega_DFP/1.2.209/gcc/dev/atmega2560/avr6/crtatmega2560.o

.note.gnu.build-id
 *(.note.gnu.build-id)

.debug
 *(.debug)

.line
 *(.line)

.debug_srcinfo
 *(.debug_srcinfo)

.debug_sfnames
 *(.debug_sfnames)

.debug_aranges  0x00000000      0x6f8
 *(.debug_aranges)
 .debug_aranges
                0x00000000      0x148 Sketch.o
 .debug_aranges
                0x00000148       0x68 C:\Users\marotron\Documents\Atmel Studio\7.0\MEng_Project_Arm\MEng_Project_02\ArduinoCore\Debug\libArduinoCore.a(HardwareSerial.o)
 .debug_aranges
                0x000001b0       0x48 C:\Users\marotron\Documents\Atmel Studio\7.0\MEng_Project_Arm\MEng_Project_02\ArduinoCore\Debug\libArduinoCore.a(HardwareSerial0.o)
 .debug_aranges
                0x000001f8       0x48 C:\Users\marotron\Documents\Atmel Studio\7.0\MEng_Project_Arm\MEng_Project_02\ArduinoCore\Debug\libArduinoCore.a(HardwareSerial1.o)
 .debug_aranges
                0x00000240       0x30 C:\Users\marotron\Documents\Atmel Studio\7.0\MEng_Project_Arm\MEng_Project_02\ArduinoCore\Debug\libArduinoCore.a(main.o)
 .debug_aranges
                0x00000270      0x100 C:\Users\marotron\Documents\Atmel Studio\7.0\MEng_Project_Arm\MEng_Project_02\ArduinoCore\Debug\libArduinoCore.a(Print.o)
 .debug_aranges
                0x00000370       0x48 C:\Users\marotron\Documents\Atmel Studio\7.0\MEng_Project_Arm\MEng_Project_02\ArduinoCore\Debug\libArduinoCore.a(wiring.o)
 .debug_aranges
                0x000003b8       0x38 C:\Users\marotron\Documents\Atmel Studio\7.0\MEng_Project_Arm\MEng_Project_02\ArduinoCore\Debug\libArduinoCore.a(wiring_digital.o)
 .debug_aranges
                0x000003f0      0x170 C:\Users\marotron\Documents\Atmel Studio\7.0\MEng_Project_Arm\MEng_Project_02\ArduinoCore\Debug\libArduinoCore.a(LiquidCrystal_I2C.o)
 .debug_aranges
                0x00000560       0xf8 C:\Users\marotron\Documents\Atmel Studio\7.0\MEng_Project_Arm\MEng_Project_02\ArduinoCore\Debug\libArduinoCore.a(Wire.o)
 .debug_aranges
                0x00000658       0x20 C:\Users\marotron\Documents\Atmel Studio\7.0\MEng_Project_Arm\MEng_Project_02\ArduinoCore\Debug\libArduinoCore.a(hooks.o)
 .debug_aranges
                0x00000678       0x80 C:\Users\marotron\Documents\Atmel Studio\7.0\MEng_Project_Arm\MEng_Project_02\ArduinoCore\Debug\libArduinoCore.a(twi.o)

.debug_pubnames
 *(.debug_pubnames)

.debug_info     0x00000000    0x125f4
 *(.debug_info .gnu.linkonce.wi.*)
 .debug_info    0x00000000      0xbbc C:/Program Files (x86)/Atmel/Studio/7.0/Packs/atmel/ATmega_DFP/1.2.209/gcc/dev/atmega2560/avr6/crtatmega2560.o
 .debug_info    0x00000bbc     0x451e Sketch.o
 .debug_info    0x000050da     0x205e C:\Users\marotron\Documents\Atmel Studio\7.0\MEng_Project_Arm\MEng_Project_02\ArduinoCore\Debug\libArduinoCore.a(HardwareSerial.o)
 .debug_info    0x00007138     0x1b74 C:\Users\marotron\Documents\Atmel Studio\7.0\MEng_Project_Arm\MEng_Project_02\ArduinoCore\Debug\libArduinoCore.a(HardwareSerial0.o)
 .debug_info    0x00008cac     0x1b74 C:\Users\marotron\Documents\Atmel Studio\7.0\MEng_Project_Arm\MEng_Project_02\ArduinoCore\Debug\libArduinoCore.a(HardwareSerial1.o)
 .debug_info    0x0000a820      0x295 C:\Users\marotron\Documents\Atmel Studio\7.0\MEng_Project_Arm\MEng_Project_02\ArduinoCore\Debug\libArduinoCore.a(main.o)
 .debug_info    0x0000aab5     0x295d C:\Users\marotron\Documents\Atmel Studio\7.0\MEng_Project_Arm\MEng_Project_02\ArduinoCore\Debug\libArduinoCore.a(Print.o)
 .debug_info    0x0000d412      0x329 C:\Users\marotron\Documents\Atmel Studio\7.0\MEng_Project_Arm\MEng_Project_02\ArduinoCore\Debug\libArduinoCore.a(wiring.o)
 .debug_info    0x0000d73b      0x63a C:\Users\marotron\Documents\Atmel Studio\7.0\MEng_Project_Arm\MEng_Project_02\ArduinoCore\Debug\libArduinoCore.a(wiring_digital.o)
 .debug_info    0x0000dd75     0x1a2f C:\Users\marotron\Documents\Atmel Studio\7.0\MEng_Project_Arm\MEng_Project_02\ArduinoCore\Debug\libArduinoCore.a(LiquidCrystal_I2C.o)
 .debug_info    0x0000f7a4     0x27b0 C:\Users\marotron\Documents\Atmel Studio\7.0\MEng_Project_Arm\MEng_Project_02\ArduinoCore\Debug\libArduinoCore.a(Wire.o)
 .debug_info    0x00011f54       0x3e C:\Users\marotron\Documents\Atmel Studio\7.0\MEng_Project_Arm\MEng_Project_02\ArduinoCore\Debug\libArduinoCore.a(hooks.o)
 .debug_info    0x00011f92      0x662 C:\Users\marotron\Documents\Atmel Studio\7.0\MEng_Project_Arm\MEng_Project_02\ArduinoCore\Debug\libArduinoCore.a(twi.o)

.debug_abbrev   0x00000000     0x3174
 *(.debug_abbrev)
 .debug_abbrev  0x00000000      0xb1a C:/Program Files (x86)/Atmel/Studio/7.0/Packs/atmel/ATmega_DFP/1.2.209/gcc/dev/atmega2560/avr6/crtatmega2560.o
 .debug_abbrev  0x00000b1a      0x5d4 Sketch.o
 .debug_abbrev  0x000010ee      0x4b7 C:\Users\marotron\Documents\Atmel Studio\7.0\MEng_Project_Arm\MEng_Project_02\ArduinoCore\Debug\libArduinoCore.a(HardwareSerial.o)
 .debug_abbrev  0x000015a5      0x3ce C:\Users\marotron\Documents\Atmel Studio\7.0\MEng_Project_Arm\MEng_Project_02\ArduinoCore\Debug\libArduinoCore.a(HardwareSerial0.o)
 .debug_abbrev  0x00001973      0x3ce C:\Users\marotron\Documents\Atmel Studio\7.0\MEng_Project_Arm\MEng_Project_02\ArduinoCore\Debug\libArduinoCore.a(HardwareSerial1.o)
 .debug_abbrev  0x00001d41      0x12d C:\Users\marotron\Documents\Atmel Studio\7.0\MEng_Project_Arm\MEng_Project_02\ArduinoCore\Debug\libArduinoCore.a(main.o)
 .debug_abbrev  0x00001e6e      0x47a C:\Users\marotron\Documents\Atmel Studio\7.0\MEng_Project_Arm\MEng_Project_02\ArduinoCore\Debug\libArduinoCore.a(Print.o)
 .debug_abbrev  0x000022e8      0x146 C:\Users\marotron\Documents\Atmel Studio\7.0\MEng_Project_Arm\MEng_Project_02\ArduinoCore\Debug\libArduinoCore.a(wiring.o)
 .debug_abbrev  0x0000242e      0x15a C:\Users\marotron\Documents\Atmel Studio\7.0\MEng_Project_Arm\MEng_Project_02\ArduinoCore\Debug\libArduinoCore.a(wiring_digital.o)
 .debug_abbrev  0x00002588      0x3e1 C:\Users\marotron\Documents\Atmel Studio\7.0\MEng_Project_Arm\MEng_Project_02\ArduinoCore\Debug\libArduinoCore.a(LiquidCrystal_I2C.o)
 .debug_abbrev  0x00002969      0x581 C:\Users\marotron\Documents\Atmel Studio\7.0\MEng_Project_Arm\MEng_Project_02\ArduinoCore\Debug\libArduinoCore.a(Wire.o)
 .debug_abbrev  0x00002eea       0x2a C:\Users\marotron\Documents\Atmel Studio\7.0\MEng_Project_Arm\MEng_Project_02\ArduinoCore\Debug\libArduinoCore.a(hooks.o)
 .debug_abbrev  0x00002f14      0x260 C:\Users\marotron\Documents\Atmel Studio\7.0\MEng_Project_Arm\MEng_Project_02\ArduinoCore\Debug\libArduinoCore.a(twi.o)

.debug_line     0x00000000     0x3a23
 *(.debug_line .debug_line.* .debug_line_end)
 .debug_line    0x00000000      0x1f9 C:/Program Files (x86)/Atmel/Studio/7.0/Packs/atmel/ATmega_DFP/1.2.209/gcc/dev/atmega2560/avr6/crtatmega2560.o
 .debug_line    0x000001f9      0xdd5 Sketch.o
 .debug_line    0x00000fce      0x527 C:\Users\marotron\Documents\Atmel Studio\7.0\MEng_Project_Arm\MEng_Project_02\ArduinoCore\Debug\libArduinoCore.a(HardwareSerial.o)
 .debug_line    0x000014f5      0x288 C:\Users\marotron\Documents\Atmel Studio\7.0\MEng_Project_Arm\MEng_Project_02\ArduinoCore\Debug\libArduinoCore.a(HardwareSerial0.o)
 .debug_line    0x0000177d      0x288 C:\Users\marotron\Documents\Atmel Studio\7.0\MEng_Project_Arm\MEng_Project_02\ArduinoCore\Debug\libArduinoCore.a(HardwareSerial1.o)
 .debug_line    0x00001a05      0x161 C:\Users\marotron\Documents\Atmel Studio\7.0\MEng_Project_Arm\MEng_Project_02\ArduinoCore\Debug\libArduinoCore.a(main.o)
 .debug_line    0x00001b66      0x681 C:\Users\marotron\Documents\Atmel Studio\7.0\MEng_Project_Arm\MEng_Project_02\ArduinoCore\Debug\libArduinoCore.a(Print.o)
 .debug_line    0x000021e7      0x2cb C:\Users\marotron\Documents\Atmel Studio\7.0\MEng_Project_Arm\MEng_Project_02\ArduinoCore\Debug\libArduinoCore.a(wiring.o)
 .debug_line    0x000024b2      0x284 C:\Users\marotron\Documents\Atmel Studio\7.0\MEng_Project_Arm\MEng_Project_02\ArduinoCore\Debug\libArduinoCore.a(wiring_digital.o)
 .debug_line    0x00002736      0x7cf C:\Users\marotron\Documents\Atmel Studio\7.0\MEng_Project_Arm\MEng_Project_02\ArduinoCore\Debug\libArduinoCore.a(LiquidCrystal_I2C.o)
 .debug_line    0x00002f05      0x5ec C:\Users\marotron\Documents\Atmel Studio\7.0\MEng_Project_Arm\MEng_Project_02\ArduinoCore\Debug\libArduinoCore.a(Wire.o)
 .debug_line    0x000034f1       0x41 C:\Users\marotron\Documents\Atmel Studio\7.0\MEng_Project_Arm\MEng_Project_02\ArduinoCore\Debug\libArduinoCore.a(hooks.o)
 .debug_line    0x00003532      0x4f1 C:\Users\marotron\Documents\Atmel Studio\7.0\MEng_Project_Arm\MEng_Project_02\ArduinoCore\Debug\libArduinoCore.a(twi.o)

.debug_frame    0x00000000     0x1478
 *(.debug_frame)
 .debug_frame   0x00000000      0x510 Sketch.o
 .debug_frame   0x00000510      0x110 C:\Users\marotron\Documents\Atmel Studio\7.0\MEng_Project_Arm\MEng_Project_02\ArduinoCore\Debug\libArduinoCore.a(HardwareSerial.o)
 .debug_frame   0x00000620       0xe0 C:\Users\marotron\Documents\Atmel Studio\7.0\MEng_Project_Arm\MEng_Project_02\ArduinoCore\Debug\libArduinoCore.a(HardwareSerial0.o)
 .debug_frame   0x00000700       0xe0 C:\Users\marotron\Documents\Atmel Studio\7.0\MEng_Project_Arm\MEng_Project_02\ArduinoCore\Debug\libArduinoCore.a(HardwareSerial1.o)
 .debug_frame   0x000007e0       0x54 C:\Users\marotron\Documents\Atmel Studio\7.0\MEng_Project_Arm\MEng_Project_02\ArduinoCore\Debug\libArduinoCore.a(main.o)
 .debug_frame   0x00000834      0x3ac C:\Users\marotron\Documents\Atmel Studio\7.0\MEng_Project_Arm\MEng_Project_02\ArduinoCore\Debug\libArduinoCore.a(Print.o)
 .debug_frame   0x00000be0       0xc4 C:\Users\marotron\Documents\Atmel Studio\7.0\MEng_Project_Arm\MEng_Project_02\ArduinoCore\Debug\libArduinoCore.a(wiring.o)
 .debug_frame   0x00000ca4       0x7c C:\Users\marotron\Documents\Atmel Studio\7.0\MEng_Project_Arm\MEng_Project_02\ArduinoCore\Debug\libArduinoCore.a(wiring_digital.o)
 .debug_frame   0x00000d20      0x380 C:\Users\marotron\Documents\Atmel Studio\7.0\MEng_Project_Arm\MEng_Project_02\ArduinoCore\Debug\libArduinoCore.a(LiquidCrystal_I2C.o)
 .debug_frame   0x000010a0      0x280 C:\Users\marotron\Documents\Atmel Studio\7.0\MEng_Project_Arm\MEng_Project_02\ArduinoCore\Debug\libArduinoCore.a(Wire.o)
 .debug_frame   0x00001320       0x24 C:\Users\marotron\Documents\Atmel Studio\7.0\MEng_Project_Arm\MEng_Project_02\ArduinoCore\Debug\libArduinoCore.a(hooks.o)
 .debug_frame   0x00001344      0x134 C:\Users\marotron\Documents\Atmel Studio\7.0\MEng_Project_Arm\MEng_Project_02\ArduinoCore\Debug\libArduinoCore.a(twi.o)

.debug_str      0x00000000     0x38f5
 *(.debug_str)
 .debug_str     0x00000000      0x3e6 C:/Program Files (x86)/Atmel/Studio/7.0/Packs/atmel/ATmega_DFP/1.2.209/gcc/dev/atmega2560/avr6/crtatmega2560.o
 .debug_str     0x000003e6     0x15c1 Sketch.o
                               0x16a8 (size before relaxing)
 .debug_str     0x000019a7      0x85e C:\Users\marotron\Documents\Atmel Studio\7.0\MEng_Project_Arm\MEng_Project_02\ArduinoCore\Debug\libArduinoCore.a(HardwareSerial.o)
                               0x16ff (size before relaxing)
 .debug_str     0x00002205       0x86 C:\Users\marotron\Documents\Atmel Studio\7.0\MEng_Project_Arm\MEng_Project_02\ArduinoCore\Debug\libArduinoCore.a(HardwareSerial0.o)
                               0x141a (size before relaxing)
 .debug_str     0x0000228b       0x47 C:\Users\marotron\Documents\Atmel Studio\7.0\MEng_Project_Arm\MEng_Project_02\ArduinoCore\Debug\libArduinoCore.a(HardwareSerial1.o)
                               0x141b (size before relaxing)
 .debug_str     0x000022d2       0x37 C:\Users\marotron\Documents\Atmel Studio\7.0\MEng_Project_Arm\MEng_Project_02\ArduinoCore\Debug\libArduinoCore.a(main.o)
                                0x2c6 (size before relaxing)
 .debug_str     0x00002309      0x33c C:\Users\marotron\Documents\Atmel Studio\7.0\MEng_Project_Arm\MEng_Project_02\ArduinoCore\Debug\libArduinoCore.a(Print.o)
                               0x1254 (size before relaxing)
 .debug_str     0x00002645      0x164 C:\Users\marotron\Documents\Atmel Studio\7.0\MEng_Project_Arm\MEng_Project_02\ArduinoCore\Debug\libArduinoCore.a(wiring.o)
                                0x25c (size before relaxing)
 .debug_str     0x000027a9       0xc2 C:\Users\marotron\Documents\Atmel Studio\7.0\MEng_Project_Arm\MEng_Project_02\ArduinoCore\Debug\libArduinoCore.a(wiring_digital.o)
                                0x2c1 (size before relaxing)
 .debug_str     0x0000286b      0xa13 C:\Users\marotron\Documents\Atmel Studio\7.0\MEng_Project_Arm\MEng_Project_02\ArduinoCore\Debug\libArduinoCore.a(LiquidCrystal_I2C.o)
                                0xe23 (size before relaxing)
 .debug_str     0x0000327e      0x50a C:\Users\marotron\Documents\Atmel Studio\7.0\MEng_Project_Arm\MEng_Project_02\ArduinoCore\Debug\libArduinoCore.a(Wire.o)
                               0x18d3 (size before relaxing)
 .debug_str     0x00003788       0x1c C:\Users\marotron\Documents\Atmel Studio\7.0\MEng_Project_Arm\MEng_Project_02\ArduinoCore\Debug\libArduinoCore.a(hooks.o)
                                0x151 (size before relaxing)
 .debug_str     0x000037a4      0x151 C:\Users\marotron\Documents\Atmel Studio\7.0\MEng_Project_Arm\MEng_Project_02\ArduinoCore\Debug\libArduinoCore.a(twi.o)
                                0x3dc (size before relaxing)

.debug_loc      0x00000000     0x63dd
 *(.debug_loc)
 .debug_loc     0x00000000     0x1ad4 Sketch.o
 .debug_loc     0x00001ad4      0x4dc C:\Users\marotron\Documents\Atmel Studio\7.0\MEng_Project_Arm\MEng_Project_02\ArduinoCore\Debug\libArduinoCore.a(HardwareSerial.o)
 .debug_loc     0x00001fb0      0x1b0 C:\Users\marotron\Documents\Atmel Studio\7.0\MEng_Project_Arm\MEng_Project_02\ArduinoCore\Debug\libArduinoCore.a(HardwareSerial0.o)
 .debug_loc     0x00002160      0x1b0 C:\Users\marotron\Documents\Atmel Studio\7.0\MEng_Project_Arm\MEng_Project_02\ArduinoCore\Debug\libArduinoCore.a(HardwareSerial1.o)
 .debug_loc     0x00002310     0x1c87 C:\Users\marotron\Documents\Atmel Studio\7.0\MEng_Project_Arm\MEng_Project_02\ArduinoCore\Debug\libArduinoCore.a(Print.o)
 .debug_loc     0x00003f97      0x28d C:\Users\marotron\Documents\Atmel Studio\7.0\MEng_Project_Arm\MEng_Project_02\ArduinoCore\Debug\libArduinoCore.a(wiring.o)
 .debug_loc     0x00004224      0x56b C:\Users\marotron\Documents\Atmel Studio\7.0\MEng_Project_Arm\MEng_Project_02\ArduinoCore\Debug\libArduinoCore.a(wiring_digital.o)
 .debug_loc     0x0000478f      0xc82 C:\Users\marotron\Documents\Atmel Studio\7.0\MEng_Project_Arm\MEng_Project_02\ArduinoCore\Debug\libArduinoCore.a(LiquidCrystal_I2C.o)
 .debug_loc     0x00005411      0xbe6 C:\Users\marotron\Documents\Atmel Studio\7.0\MEng_Project_Arm\MEng_Project_02\ArduinoCore\Debug\libArduinoCore.a(Wire.o)
 .debug_loc     0x00005ff7      0x3e6 C:\Users\marotron\Documents\Atmel Studio\7.0\MEng_Project_Arm\MEng_Project_02\ArduinoCore\Debug\libArduinoCore.a(twi.o)

.debug_macinfo
 *(.debug_macinfo)

.debug_weaknames
 *(.debug_weaknames)

.debug_funcnames
 *(.debug_funcnames)

.debug_typenames
 *(.debug_typenames)

.debug_varnames
 *(.debug_varnames)

.debug_pubtypes
 *(.debug_pubtypes)

.debug_ranges   0x00000000      0x6b0
 *(.debug_ranges)
 .debug_ranges  0x00000000      0x180 Sketch.o
 .debug_ranges  0x00000180       0x58 C:\Users\marotron\Documents\Atmel Studio\7.0\MEng_Project_Arm\MEng_Project_02\ArduinoCore\Debug\libArduinoCore.a(HardwareSerial.o)
 .debug_ranges  0x000001d8       0x38 C:\Users\marotron\Documents\Atmel Studio\7.0\MEng_Project_Arm\MEng_Project_02\ArduinoCore\Debug\libArduinoCore.a(HardwareSerial0.o)
 .debug_ranges  0x00000210       0x38 C:\Users\marotron\Documents\Atmel Studio\7.0\MEng_Project_Arm\MEng_Project_02\ArduinoCore\Debug\libArduinoCore.a(HardwareSerial1.o)
 .debug_ranges  0x00000248       0x20 C:\Users\marotron\Documents\Atmel Studio\7.0\MEng_Project_Arm\MEng_Project_02\ArduinoCore\Debug\libArduinoCore.a(main.o)
 .debug_ranges  0x00000268      0x120 C:\Users\marotron\Documents\Atmel Studio\7.0\MEng_Project_Arm\MEng_Project_02\ArduinoCore\Debug\libArduinoCore.a(Print.o)
 .debug_ranges  0x00000388       0x38 C:\Users\marotron\Documents\Atmel Studio\7.0\MEng_Project_Arm\MEng_Project_02\ArduinoCore\Debug\libArduinoCore.a(wiring.o)
 .debug_ranges  0x000003c0       0x28 C:\Users\marotron\Documents\Atmel Studio\7.0\MEng_Project_Arm\MEng_Project_02\ArduinoCore\Debug\libArduinoCore.a(wiring_digital.o)
 .debug_ranges  0x000003e8      0x160 C:\Users\marotron\Documents\Atmel Studio\7.0\MEng_Project_Arm\MEng_Project_02\ArduinoCore\Debug\libArduinoCore.a(LiquidCrystal_I2C.o)
 .debug_ranges  0x00000548       0xe8 C:\Users\marotron\Documents\Atmel Studio\7.0\MEng_Project_Arm\MEng_Project_02\ArduinoCore\Debug\libArduinoCore.a(Wire.o)
 .debug_ranges  0x00000630       0x10 C:\Users\marotron\Documents\Atmel Studio\7.0\MEng_Project_Arm\MEng_Project_02\ArduinoCore\Debug\libArduinoCore.a(hooks.o)
 .debug_ranges  0x00000640       0x70 C:\Users\marotron\Documents\Atmel Studio\7.0\MEng_Project_Arm\MEng_Project_02\ArduinoCore\Debug\libArduinoCore.a(twi.o)

.debug_macro
 *(.debug_macro)
OUTPUT(toImportToAS7.elf elf32-avr)
LOAD linker stubs
