Archive member included to satisfy reference by file (symbol)

c:/program files (x86)/atmel/studio/7.0/toolchain/avr8/avr8-gnu-toolchain/bin/../lib/gcc/avr/5.4.0/../../../../avr/lib/avr6\libm.a(fixsfsi.o)
                              Sketch.o (__fixsfsi)
c:/program files (x86)/atmel/studio/7.0/toolchain/avr8/avr8-gnu-toolchain/bin/../lib/gcc/avr/5.4.0/../../../../avr/lib/avr6\libm.a(fixunssfsi.o)
                              c:/program files (x86)/atmel/studio/7.0/toolchain/avr8/avr8-gnu-toolchain/bin/../lib/gcc/avr/5.4.0/../../../../avr/lib/avr6\libm.a(fixsfsi.o) (__fixunssfsi)
c:/program files (x86)/atmel/studio/7.0/toolchain/avr8/avr8-gnu-toolchain/bin/../lib/gcc/avr/5.4.0/../../../../avr/lib/avr6\libm.a(floatsisf.o)
                              Sketch.o (__floatsisf)
c:/program files (x86)/atmel/studio/7.0/toolchain/avr8/avr8-gnu-toolchain/bin/../lib/gcc/avr/5.4.0/../../../../avr/lib/avr6\libm.a(fp_split3.o)
                              c:/program files (x86)/atmel/studio/7.0/toolchain/avr8/avr8-gnu-toolchain/bin/../lib/gcc/avr/5.4.0/../../../../avr/lib/avr6\libm.a(fixunssfsi.o) (__fp_splitA)
c:/program files (x86)/atmel/studio/7.0/toolchain/avr8/avr8-gnu-toolchain/bin/../lib/gcc/avr/5.4.0/../../../../avr/lib/avr6\libm.a(fp_zero.o)
                              c:/program files (x86)/atmel/studio/7.0/toolchain/avr8/avr8-gnu-toolchain/bin/../lib/gcc/avr/5.4.0/../../../../avr/lib/avr6\libm.a(fixunssfsi.o) (__fp_zero)
c:/program files (x86)/atmel/studio/7.0/toolchain/avr8/avr8-gnu-toolchain/bin/../lib/gcc/avr/5.4.0/../../../../avr/lib/avr6\libm.a(mulsf3.o)
                              Sketch.o (__mulsf3)
c:/program files (x86)/atmel/studio/7.0/toolchain/avr8/avr8-gnu-toolchain/bin/../lib/gcc/avr/5.4.0/../../../../avr/lib/avr6\libm.a(mulsf3x.o)
                              c:/program files (x86)/atmel/studio/7.0/toolchain/avr8/avr8-gnu-toolchain/bin/../lib/gcc/avr/5.4.0/../../../../avr/lib/avr6\libm.a(mulsf3.o) (__mulsf3x)
c:/program files (x86)/atmel/studio/7.0/toolchain/avr8/avr8-gnu-toolchain/bin/../lib/gcc/avr/5.4.0/../../../../avr/lib/avr6\libm.a(fp_inf.o)
                              c:/program files (x86)/atmel/studio/7.0/toolchain/avr8/avr8-gnu-toolchain/bin/../lib/gcc/avr/5.4.0/../../../../avr/lib/avr6\libm.a(mulsf3x.o) (__fp_inf)
c:/program files (x86)/atmel/studio/7.0/toolchain/avr8/avr8-gnu-toolchain/bin/../lib/gcc/avr/5.4.0/../../../../avr/lib/avr6\libm.a(fp_nan.o)
                              c:/program files (x86)/atmel/studio/7.0/toolchain/avr8/avr8-gnu-toolchain/bin/../lib/gcc/avr/5.4.0/../../../../avr/lib/avr6\libm.a(mulsf3x.o) (__fp_nan)
c:/program files (x86)/atmel/studio/7.0/toolchain/avr8/avr8-gnu-toolchain/bin/../lib/gcc/avr/5.4.0/../../../../avr/lib/avr6\libm.a(fp_pscA.o)
                              c:/program files (x86)/atmel/studio/7.0/toolchain/avr8/avr8-gnu-toolchain/bin/../lib/gcc/avr/5.4.0/../../../../avr/lib/avr6\libm.a(mulsf3x.o) (__fp_pscA)
c:/program files (x86)/atmel/studio/7.0/toolchain/avr8/avr8-gnu-toolchain/bin/../lib/gcc/avr/5.4.0/../../../../avr/lib/avr6\libm.a(fp_pscB.o)
                              c:/program files (x86)/atmel/studio/7.0/toolchain/avr8/avr8-gnu-toolchain/bin/../lib/gcc/avr/5.4.0/../../../../avr/lib/avr6\libm.a(mulsf3x.o) (__fp_pscB)
c:/program files (x86)/atmel/studio/7.0/toolchain/avr8/avr8-gnu-toolchain/bin/../lib/gcc/avr/5.4.0/../../../../avr/lib/avr6\libm.a(fp_round.o)
                              c:/program files (x86)/atmel/studio/7.0/toolchain/avr8/avr8-gnu-toolchain/bin/../lib/gcc/avr/5.4.0/../../../../avr/lib/avr6\libm.a(mulsf3.o) (__fp_round)
C:\Users\marotron\Documents\Atmel Studio\7.0\MEng_Project_02\MEng_Project_02\ArduinoCore\Debug\libArduinoCore.a(HardwareSerial.o)
                              Sketch.o (_ZN14HardwareSerial9availableEv)
C:\Users\marotron\Documents\Atmel Studio\7.0\MEng_Project_02\MEng_Project_02\ArduinoCore\Debug\libArduinoCore.a(HardwareSerial0.o)
                              Sketch.o (Serial)
C:\Users\marotron\Documents\Atmel Studio\7.0\MEng_Project_02\MEng_Project_02\ArduinoCore\Debug\libArduinoCore.a(HardwareSerial1.o)
                              Sketch.o (Serial1)
C:\Users\marotron\Documents\Atmel Studio\7.0\MEng_Project_02\MEng_Project_02\ArduinoCore\Debug\libArduinoCore.a(main.o)
                              C:/Program Files (x86)/Atmel/Studio/7.0/Packs/atmel/ATmega_DFP/1.2.209/gcc/dev/atmega2560/avr6/crtatmega2560.o (main)
C:\Users\marotron\Documents\Atmel Studio\7.0\MEng_Project_02\MEng_Project_02\ArduinoCore\Debug\libArduinoCore.a(Print.o)
                              Sketch.o (_ZN5Print5writeEPKhj)
C:\Users\marotron\Documents\Atmel Studio\7.0\MEng_Project_02\MEng_Project_02\ArduinoCore\Debug\libArduinoCore.a(wiring.o)
                              Sketch.o (millis)
C:\Users\marotron\Documents\Atmel Studio\7.0\MEng_Project_02\MEng_Project_02\ArduinoCore\Debug\libArduinoCore.a(wiring_digital.o)
                              Sketch.o (pinMode)
[...]
Memory Configuration

Name             Origin             Length             Attributes
text             0x00000000         0x00100000         xr
data             0x00800200         0x0000fe00         rw !x
eeprom           0x00810000         0x00010000         rw !x
fuse             0x00820000         0x00000003         rw !x
lock             0x00830000         0x00000400         rw !x
signature        0x00840000         0x00000400         rw !x
user_signatures  0x00850000         0x00000400         rw !x
*default*        0x00000000         0xffffffff

Linker script and memory map

Address of section .data set to 0x800200
LOAD C:/Program Files (x86)/Atmel/Studio/7.0/Packs/atmel/ATmega_DFP/1.2.209/gcc/dev/atmega2560/avr6/crtatmega2560.o
LOAD Sketch.o
START GROUP
LOAD c:/program files (x86)/atmel/studio/7.0/toolchain/avr8/avr8-gnu-toolchain/bin/../lib/gcc/avr/5.4.0/../../../../avr/lib/avr6\libm.a
LOAD C:\Users\marotron\Documents\Atmel Studio\7.0\MEng_Project_02\MEng_Project_02\ArduinoCore\Debug\libArduinoCore.a
END GROUP
LOAD c:/program files (x86)/atmel/studio/7.0/toolchain/avr8/avr8-gnu-toolchain/bin/../lib/gcc/avr/5.4.0/avr6\libgcc.a
LOAD c:/program files (x86)/atmel/studio/7.0/toolchain/avr8/avr8-gnu-toolchain/bin/../lib/gcc/avr/5.4.0/../../../../avr/lib/avr6\libm.a
START GROUP
LOAD c:/program files (x86)/atmel/studio/7.0/toolchain/avr8/avr8-gnu-toolchain/bin/../lib/gcc/avr/5.4.0/avr6\libgcc.a
LOAD c:/program files (x86)/atmel/studio/7.0/toolchain/avr8/avr8-gnu-toolchain/bin/../lib/gcc/avr/5.4.0/../../../../avr/lib/avr6\libm.a
LOAD c:/program files (x86)/atmel/studio/7.0/toolchain/avr8/avr8-gnu-toolchain/bin/../lib/gcc/avr/5.4.0/../../../../avr/lib/avr6\libc.a
LOAD C:/Program Files (x86)/Atmel/Studio/7.0/Packs/atmel/ATmega_DFP/1.2.209/gcc/dev/atmega2560/avr6\libatmega2560.a
END GROUP
                0x00100000                __TEXT_REGION_LENGTH__ = DEFINED (__TEXT_REGION_LENGTH__)?__TEXT_REGION_LENGTH__:0x100000
                0x0000fe00                __DATA_REGION_LENGTH__ = DEFINED (__DATA_REGION_LENGTH__)?__DATA_REGION_LENGTH__:0xfe00
                0x00010000                __EEPROM_REGION_LENGTH__ = DEFINED (__EEPROM_REGION_LENGTH__)?__EEPROM_REGION_LENGTH__:0x10000
                [0x00000003]                __FUSE_REGION_LENGTH__ = DEFINED (__FUSE_REGION_LENGTH__)?__FUSE_REGION_LENGTH__:0x400
                0x00000400                __LOCK_REGION_LENGTH__ = DEFINED (__LOCK_REGION_LENGTH__)?__LOCK_REGION_LENGTH__:0x400
                0x00000400                __SIGNATURE_REGION_LENGTH__ = DEFINED (__SIGNATURE_REGION_LENGTH__)?__SIGNATURE_REGION_LENGTH__:0x400
                0x00000400                __USER_SIGNATURE_REGION_LENGTH__ = DEFINED (__USER_SIGNATURE_REGION_LENGTH__)?__USER_SIGNATURE_REGION_LENGTH__:0x400

.hash
 *(.hash)

.dynsym
 *(.dynsym)

.dynstr
 *(.dynstr)

.gnu.version
 *(.gnu.version)

.gnu.version_d
 *(.gnu.version_d)

.gnu.version_r
 *(.gnu.version_r)

.rel.init
 *(.rel.init)

.rela.init
 *(.rela.init)

.rel.text
 *(.rel.text)
 *(.rel.text.*)
 *(.rel.gnu.linkonce.t*)

.rela.text
 *(.rela.text)
 *(.rela.text.*)
 *(.rela.gnu.linkonce.t*)

.rel.fini
 *(.rel.fini)

.rela.fini
 *(.rela.fini)

.rel.rodata
 *(.rel.rodata)
 *(.rel.rodata.*)
 *(.rel.gnu.linkonce.r*)

.rela.rodata
 *(.rela.rodata)
 *(.rela.rodata.*)
 *(.rela.gnu.linkonce.r*)

.rel.data
 *(.rel.data)
 *(.rel.data.*)
 *(.rel.gnu.linkonce.d*)

.rela.data
 *(.rela.data)
 *(.rela.data.*)
 *(.rela.gnu.linkonce.d*)

.rel.ctors
 *(.rel.ctors)

.rela.ctors
 *(.rela.ctors)

.rel.dtors
 *(.rel.dtors)

.rela.dtors
 *(.rela.dtors)

.rel.got
 *(.rel.got)

.rela.got
 *(.rela.got)

.rel.bss
 *(.rel.bss)

.rela.bss
 *(.rela.bss)

.rel.plt
 *(.rel.plt)

.rela.plt
 *(.rela.plt)

.text           0x00000000     0x1fe2
 *(.vectors)
 .vectors       0x00000000       0xe4 C:/Program Files (x86)/Atmel/Studio/7.0/Packs/atmel/ATmega_DFP/1.2.209/gcc/dev/atmega2560/avr6/crtatmega2560.o
                0x00000000                __vector_default
                0x00000000                __vectors
 *(.vectors)
 *(.progmem.gcc*)
 .progmem.gcc_sw_table.turnOffPWM
                0x000000e4       0x24 C:\Users\marotron\Documents\Atmel Studio\7.0\MEng_Project_02\MEng_Project_02\ArduinoCore\Debug\libArduinoCore.a(wiring_digital.o)
                0x00000108                . = ALIGN (0x2)
                0x00000108                __trampolines_start = .
 *(.trampolines)
 .trampolines   0x00000108        0x0 linker stubs
 *(.trampolines*)
                0x00000108                __trampolines_end = .
 *libprintf_flt.a:*(.progmem.data)
 *libc.a:*(.progmem.data)
 *(.progmem*)
 .progmem.data.digital_pin_to_timer_PGM
                0x00000108       0x46 C:\Users\marotron\Documents\Atmel Studio\7.0\MEng_Project_02\MEng_Project_02\ArduinoCore\Debug\libArduinoCore.a(wiring_digital.o)
                0x00000108                digital_pin_to_timer_PGM
 .progmem.data.digital_pin_to_bit_mask_PGM
                0x0000014e       0x46 C:\Users\marotron\Documents\Atmel Studio\7.0\MEng_Project_02\MEng_Project_02\ArduinoCore\Debug\libArduinoCore.a(wiring_digital.o)
                0x0000014e                digital_pin_to_bit_mask_PGM
 .progmem.data.digital_pin_to_port_PGM
                0x00000194       0x46 C:\Users\marotron\Documents\Atmel Studio\7.0\MEng_Project_02\MEng_Project_02\ArduinoCore\Debug\libArduinoCore.a(wiring_digital.o)
                0x00000194                digital_pin_to_port_PGM
 .progmem.data.port_to_output_PGM
                0x000001da       0x1a C:\Users\marotron\Documents\Atmel Studio\7.0\MEng_Project_02\MEng_Project_02\ArduinoCore\Debug\libArduinoCore.a(wiring_digital.o)
                0x000001da                port_to_output_PGM
 .progmem.data.port_to_mode_PGM
                0x000001f4       0x1a C:\Users\marotron\Documents\Atmel Studio\7.0\MEng_Project_02\MEng_Project_02\ArduinoCore\Debug\libArduinoCore.a(wiring_digital.o)
                0x000001f4                port_to_mode_PGM
                0x0000020e                . = ALIGN (0x2)
 *(.jumptables)
 *(.jumptables*)
 *(.lowtext)
 *(.lowtext*)
                0x0000020e                __ctors_start = .
 *(.ctors)
 .ctors         0x0000020e        0x2 Sketch.o
 .ctors         0x00000210        0x2 C:\Users\marotron\Documents\Atmel Studio\7.0\MEng_Project_02\MEng_Project_02\ArduinoCore\Debug\libArduinoCore.a(HardwareSerial0.o)
 .ctors         0x00000212        0x2 C:\Users\marotron\Documents\Atmel Studio\7.0\MEng_Project_02\MEng_Project_02\ArduinoCore\Debug\libArduinoCore.a(HardwareSerial1.o)
 .ctors         0x00000214        0x2 C:\Users\marotron\Documents\Atmel Studio\7.0\MEng_Project_02\MEng_Project_02\ArduinoCore\Debug\libArduinoCore.a(Wire.o)
                0x00000216                __ctors_end = .
                0x00000216                __dtors_start = .
 *(.dtors)
                0x00000216                __dtors_end = .
 SORT(*)(.ctors)
 SORT(*)(.dtors)
 *(.init0)
 .init0         0x00000216        0x0 C:/Program Files (x86)/Atmel/Studio/7.0/Packs/atmel/ATmega_DFP/1.2.209/gcc/dev/atmega2560/avr6/crtatmega2560.o
                0x00000216                __init
 *(.init0)
 *(.init1)
 *(.init1)
 *(.init2)
 .init2         0x00000216       0x10 C:/Program Files (x86)/Atmel/Studio/7.0/Packs/atmel/ATmega_DFP/1.2.209/gcc/dev/atmega2560/avr6/crtatmega2560.o
 *(.init2)
 *(.init3)
 *(.init3)
 *(.init4)
 .init4         0x00000226       0x1a c:/program files (x86)/atmel/studio/7.0/toolchain/avr8/avr8-gnu-toolchain/bin/../lib/gcc/avr/5.4.0/avr6\libgcc.a(_copy_data.o)
                0x00000226                __do_copy_data
 .init4         0x00000240       0x10 c:/program files (x86)/atmel/studio/7.0/toolchain/avr8/avr8-gnu-toolchain/bin/../lib/gcc/avr/5.4.0/avr6\libgcc.a(_clear_bss.o)
                0x00000240                __do_clear_bss
 *(.init4)
 *(.init5)
 *(.init5)
 *(.init6)
 .init6         0x00000250       0x20 c:/program files (x86)/atmel/studio/7.0/toolchain/avr8/avr8-gnu-toolchain/bin/../lib/gcc/avr/5.4.0/avr6\libgcc.a(_ctors.o)
                0x00000250                __do_global_ctors
 *(.init6)
 *(.init7)
 *(.init7)
 *(.init8)
 *(.init8)
 *(.init9)
 .init9         0x00000270        0x6 C:/Program Files (x86)/Atmel/Studio/7.0/Packs/atmel/ATmega_DFP/1.2.209/gcc/dev/atmega2560/avr6/crtatmega2560.o
 *(.init9)
 *(.text)
 .text          0x00000276        0x2 C:/Program Files (x86)/Atmel/Studio/7.0/Packs/atmel/ATmega_DFP/1.2.209/gcc/dev/atmega2560/avr6/crtatmega2560.o
                0x00000276                __vector_38
                0x00000276                __vector_22
                0x00000276                __vector_28
                0x00000276                __vector_1
                0x00000276                __vector_32
                0x00000276                __vector_34
                0x00000276                __vector_24
                0x00000276                __vector_12
                0x00000276                __vector_55
                0x00000276                __vector_46
                0x00000276                __bad_interrupt
                0x00000276                __vector_6
                0x00000276                __vector_31
                0x00000276                __vector_35
                0x00000276                __vector_3
                0x00000276                __vector_30
                0x00000276                __vector_45
                0x00000276                __vector_11
                0x00000276                __vector_54
                0x00000276                __vector_13
                0x00000276                __vector_17
                0x00000276                __vector_19
                0x00000276                __vector_56
                0x00000276                __vector_7
                0x00000276                __vector_49
                0x00000276                __vector_41
                0x00000276                __vector_43
                0x00000276                __vector_27
                0x00000276                __vector_5
                0x00000276                __vector_33
                0x00000276                __vector_47
                0x00000276                __vector_52
                0x00000276                __vector_4
                0x00000276                __vector_44
                0x00000276                __vector_51
                0x00000276                __vector_9
                0x00000276                __vector_2
                0x00000276                __vector_21
                0x00000276                __vector_15
                0x00000276                __vector_29
                0x00000276                __vector_40
                0x00000276                __vector_8
                0x00000276                __vector_48
                0x00000276                __vector_14
                0x00000276                __vector_53
                0x00000276                __vector_10
                0x00000276                __vector_50
                0x00000276                __vector_16
                0x00000276                __vector_18
                0x00000276                __vector_20
                0x00000276                __vector_42
                0x00000278                . = ALIGN (0x2)
 *(.text.*)
 .text._ZN14HardwareSerial5writeEi
                0x00000278        0xe Sketch.o
                0x00000278                _ZN14HardwareSerial5writeEi
 .text._Z8sumBytesPhh
                0x00000286       0x1a Sketch.o
                0x00000286                _Z8sumBytesPhh
 .text.startup._GLOBAL__sub_I_Load_High_Byte
                0x000002a0       0x22 Sketch.o
 .text._Z10writeServohhPhh
                0x000002c2       0xcc Sketch.o
                0x000002c2                _Z10writeServohhPhh
 .text._Z9moveSpeedhii
                0x0000038e       0x2e Sketch.o
                0x0000038e                _Z9moveSpeedhii
 .text._Z9readServohhh
                0x000003bc       0xa2 Sketch.o
                0x000003bc                _Z9readServohhh
 .text._Z5setIDh
                0x0000045e       0x96 Sketch.o
                0x0000045e                _Z5setIDh
 .text._Z4turnhbi
                0x000004f4       0xb0 Sketch.o
                0x000004f4                _Z4turnhbi
 .text._Z10setEndlesshb
                0x000005a4      0x11c Sketch.o
                0x000005a4                _Z10setEndlesshb
 .text._Z12setMaxTorquehi
                0x000006c0       0xbc Sketch.o
                0x000006c0                _Z12setMaxTorquehi
 .text.setup    0x0000077c       0xd2 Sketch.o
                0x0000077c                setup
 .text._Z12printDataLCDv
                0x0000084e      0x256 Sketch.o
                0x0000084e                _Z12printDataLCDv
 .text.loop     0x00000aa4       0x1e Sketch.o
                0x00000aa4                loop
 .text.avr-libc.fplib
                0x00000ac2        0xa c:/program files (x86)/atmel/studio/7.0/toolchain/avr8/avr8-gnu-toolchain/bin/../lib/gcc/avr/5.4.0/../../../../avr/lib/avr6\libm.a(fixsfsi.o)
                0x00000ac2                __fixsfsi
 .text.avr-libc.fplib
                0x00000acc       0x58 c:/program files (x86)/atmel/studio/7.0/toolchain/avr8/avr8-gnu-toolchain/bin/../lib/gcc/avr/5.4.0/../../../../avr/lib/avr6\libm.a(fixunssfsi.o)
                0x00000acc                __fixunssfsi
 .text.avr-libc.fplib
                0x00000b24       0x7a c:/program files (x86)/atmel/studio/7.0/toolchain/avr8/avr8-gnu-toolchain/bin/../lib/gcc/avr/5.4.0/../../../../avr/lib/avr6\libm.a(floatsisf.o)
                0x00000b24                __floatunsisf
                0x00000b28                __floatsisf
 .text.avr-libc.fplib
                0x00000b9e       0x44 c:/program files (x86)/atmel/studio/7.0/toolchain/avr8/avr8-gnu-toolchain/bin/../lib/gcc/avr/5.4.0/../../../../avr/lib/avr6\libm.a(fp_split3.o)
                0x00000b9e                __fp_split3
                0x00000bae                __fp_splitA
 .text.avr-libc.fplib
                0x00000be2        0xe c:/program files (x86)/atmel/studio/7.0/toolchain/avr8/avr8-gnu-toolchain/bin/../lib/gcc/avr/5.4.0/../../../../avr/lib/avr6\libm.a(fp_zero.o)
                0x00000be2                __fp_zero
                0x00000be4                __fp_szero
 .text.avr-libc.fplib
                0x00000bf0        0x4 c:/program files (x86)/atmel/studio/7.0/toolchain/avr8/avr8-gnu-toolchain/bin/../lib/gcc/avr/5.4.0/../../../../avr/lib/avr6\libm.a(mulsf3.o)
                0x00000bf0                __mulsf3
 .text.avr-libc.fplib
                0x00000bf4       0xc2 c:/program files (x86)/atmel/studio/7.0/toolchain/avr8/avr8-gnu-toolchain/bin/../lib/gcc/avr/5.4.0/../../../../avr/lib/avr6\libm.a(mulsf3x.o)
                0x00000c08                __mulsf3x
                0x00000c0c                __mulsf3_pse
 .text.avr-libc.fplib
                0x00000cb6        0xc c:/program files (x86)/atmel/studio/7.0/toolchain/avr8/avr8-gnu-toolchain/bin/../lib/gcc/avr/5.4.0/../../../../avr/lib/avr6\libm.a(fp_inf.o)
                0x00000cb6                __fp_inf
 .text.avr-libc.fplib
                0x00000cc2        0x6 c:/program files (x86)/atmel/studio/7.0/toolchain/avr8/avr8-gnu-toolchain/bin/../lib/gcc/avr/5.4.0/../../../../avr/lib/avr6\libm.a(fp_nan.o)
                0x00000cc2                __fp_nan
 .text.avr-libc.fplib
                0x00000cc8        0xe c:/program files (x86)/atmel/studio/7.0/toolchain/avr8/avr8-gnu-toolchain/bin/../lib/gcc/avr/5.4.0/../../../../avr/lib/avr6\libm.a(fp_pscA.o)
                0x00000cc8                __fp_pscA
 .text.avr-libc.fplib
                0x00000cd6        0xe c:/program files (x86)/atmel/studio/7.0/toolchain/avr8/avr8-gnu-toolchain/bin/../lib/gcc/avr/5.4.0/../../../../avr/lib/avr6\libm.a(fp_pscB.o)
                0x00000cd6                __fp_pscB
 .text.avr-libc.fplib
                0x00000ce4       0x22 c:/program files (x86)/atmel/studio/7.0/toolchain/avr8/avr8-gnu-toolchain/bin/../lib/gcc/avr/5.4.0/../../../../avr/lib/avr6\libm.a(fp_round.o)
                0x00000ce4                __fp_round
 .text._ZN14HardwareSerial9availableEv
                0x00000d06       0x18 C:\Users\marotron\Documents\Atmel Studio\7.0\MEng_Project_02\MEng_Project_02\ArduinoCore\Debug\libArduinoCore.a(HardwareSerial.o)
                0x00000d06                _ZN14HardwareSerial9availableEv
 .text._ZN14HardwareSerial4peekEv
                0x00000d1e       0x1c C:\Users\marotron\Documents\Atmel Studio\7.0\MEng_Project_02\MEng_Project_02\ArduinoCore\Debug\libArduinoCore.a(HardwareSerial.o)
                0x00000d1e                _ZN14HardwareSerial4peekEv
 .text._ZN14HardwareSerial4readEv
                0x00000d3a       0x28 C:\Users\marotron\Documents\Atmel Studio\7.0\MEng_Project_02\MEng_Project_02\ArduinoCore\Debug\libArduinoCore.a(HardwareSerial.o)
                0x00000d3a                _ZN14HardwareSerial4readEv
 .text._ZN14HardwareSerial17availableForWriteEv
                0x00000d62       0x1e C:\Users\marotron\Documents\Atmel Studio\7.0\MEng_Project_02\MEng_Project_02\ArduinoCore\Debug\libArduinoCore.a(HardwareSerial.o)
                0x00000d62                _ZN14HardwareSerial17availableForWriteEv
 .text._Z14serialEventRunv
                0x00000d80       0x76 C:\Users\marotron\Documents\Atmel Studio\7.0\MEng_Project_02\MEng_Project_02\ArduinoCore\Debug\libArduinoCore.a(HardwareSerial.o)
                0x00000d80                _Z14serialEventRunv
 .text._ZN14HardwareSerial17_tx_udr_empty_irqEv
                0x00000df6       0x44 C:\Users\marotron\Documents\Atmel Studio\7.0\MEng_Project_02\MEng_Project_02\ArduinoCore\Debug\libArduinoCore.a(HardwareSerial.o)
                0x00000df6                _ZN14HardwareSerial17_tx_udr_empty_irqEv
 .text._ZN14HardwareSerial5writeEh
                0x00000e3a       0x98 C:\Users\marotron\Documents\Atmel Studio\7.0\MEng_Project_02\MEng_Project_02\ArduinoCore\Debug\libArduinoCore.a(HardwareSerial.o)
                0x00000e3a                _ZN14HardwareSerial5writeEh
 .text._ZN14HardwareSerial5flushEv
                0x00000ed2       0x42 C:\Users\marotron\Documents\Atmel Studio\7.0\MEng_Project_02\MEng_Project_02\ArduinoCore\Debug\libArduinoCore.a(HardwareSerial.o)
                0x00000ed2                _ZN14HardwareSerial5flushEv
 .text._ZN14HardwareSerial5beginEmh
                0x00000f14       0xca C:\Users\marotron\Documents\Atmel Studio\7.0\MEng_Project_02\MEng_Project_02\ArduinoCore\Debug\libArduinoCore.a(HardwareSerial.o)
                0x00000f14                _ZN14HardwareSerial5beginEmh
 .text._ZN5Print17availableForWriteEv
                0x00000fde        0x6 C:\Users\marotron\Documents\Atmel Studio\7.0\MEng_Project_02\MEng_Project_02\ArduinoCore\Debug\libArduinoCore.a(HardwareSerial0.o)
                0x00000fde                _ZN5Print17availableForWriteEv
 .text._ZN5Print5flushEv
                0x00000fe4        0x2 C:\Users\marotron\Documents\Atmel Studio\7.0\MEng_Project_02\MEng_Project_02\ArduinoCore\Debug\libArduinoCore.a(HardwareSerial0.o)
                0x00000fe4                _ZN5Print5flushEv
 .text.__vector_25
                0x00000fe6       0x6c C:\Users\marotron\Documents\Atmel Studio\7.0\MEng_Project_02\MEng_Project_02\ArduinoCore\Debug\libArduinoCore.a(HardwareSerial0.o)
                0x00000fe6                __vector_25
 .text.__vector_26
                0x00001052       0x52 C:\Users\marotron\Documents\Atmel Studio\7.0\MEng_Project_02\MEng_Project_02\ArduinoCore\Debug\libArduinoCore.a(HardwareSerial0.o)
                0x00001052                __vector_26
 .text._Z17Serial0_availablev
                0x000010a4       0x12 C:\Users\marotron\Documents\Atmel Studio\7.0\MEng_Project_02\MEng_Project_02\ArduinoCore\Debug\libArduinoCore.a(HardwareSerial0.o)
                0x000010a4                _Z17Serial0_availablev
 .text.startup._GLOBAL__sub_I___vector_25
                0x000010b6       0x5a C:\Users\marotron\Documents\Atmel Studio\7.0\MEng_Project_02\MEng_Project_02\ArduinoCore\Debug\libArduinoCore.a(HardwareSerial0.o)
 .text.__vector_36
                0x00001110       0x6c C:\Users\marotron\Documents\Atmel Studio\7.0\MEng_Project_02\MEng_Project_02\ArduinoCore\Debug\libArduinoCore.a(HardwareSerial1.o)
                0x00001110                __vector_36
 .text.__vector_37
                0x0000117c       0x52 C:\Users\marotron\Documents\Atmel Studio\7.0\MEng_Project_02\MEng_Project_02\ArduinoCore\Debug\libArduinoCore.a(HardwareSerial1.o)
                0x0000117c                __vector_37
 .text._Z17Serial1_availablev
                0x000011ce       0x12 C:\Users\marotron\Documents\Atmel Studio\7.0\MEng_Project_02\MEng_Project_02\ArduinoCore\Debug\libArduinoCore.a(HardwareSerial1.o)
                0x000011ce                _Z17Serial1_availablev
 .text.startup._GLOBAL__sub_I___vector_36
                0x000011e0       0x5a C:\Users\marotron\Documents\Atmel Studio\7.0\MEng_Project_02\MEng_Project_02\ArduinoCore\Debug\libArduinoCore.a(HardwareSerial1.o)
 .text.initVariant
                0x0000123a        0x2 C:\Users\marotron\Documents\Atmel Studio\7.0\MEng_Project_02\MEng_Project_02\ArduinoCore\Debug\libArduinoCore.a(main.o)
                0x0000123a                initVariant
 .text.startup.main
                0x0000123c       0x14 C:\Users\marotron\Documents\Atmel Studio\7.0\MEng_Project_02\MEng_Project_02\ArduinoCore\Debug\libArduinoCore.a(main.o)
                0x0000123c                main
 .text._ZN5Print5writeEPKhj
                0x00001250       0x54 C:\Users\marotron\Documents\Atmel Studio\7.0\MEng_Project_02\MEng_Project_02\ArduinoCore\Debug\libArduinoCore.a(Print.o)
                0x00001250                _ZN5Print5writeEPKhj
 .text._ZN5Print5writeEPKc
                0x000012a4       0x2a C:\Users\marotron\Documents\Atmel Studio\7.0\MEng_Project_02\MEng_Project_02\ArduinoCore\Debug\libArduinoCore.a(Print.o)
                0x000012a4                _ZN5Print5writeEPKc
 .text._ZN5Print5printEPKc
                0x000012ce        0x2 C:\Users\marotron\Documents\Atmel Studio\7.0\MEng_Project_02\MEng_Project_02\ArduinoCore\Debug\libArduinoCore.a(Print.o)
                0x000012ce                _ZN5Print5printEPKc
 .text._ZN5Print5printEc
                0x000012d0        0xe C:\Users\marotron\Documents\Atmel Studio\7.0\MEng_Project_02\MEng_Project_02\ArduinoCore\Debug\libArduinoCore.a(Print.o)
                0x000012d0                _ZN5Print5printEc
 .text._ZN5Print11printNumberEmh
                0x000012de       0x8e C:\Users\marotron\Documents\Atmel Studio\7.0\MEng_Project_02\MEng_Project_02\ArduinoCore\Debug\libArduinoCore.a(Print.o)
                0x000012de                _ZN5Print11printNumberEmh
 .text._ZN5Print5printEmi
                0x0000136c       0x18 C:\Users\marotron\Documents\Atmel Studio\7.0\MEng_Project_02\MEng_Project_02\ArduinoCore\Debug\libArduinoCore.a(Print.o)
                0x0000136c                _ZN5Print5printEmi
 .text._ZN5Print5printEhi
                0x00001384        0xc C:\Users\marotron\Documents\Atmel Studio\7.0\MEng_Project_02\MEng_Project_02\ArduinoCore\Debug\libArduinoCore.a(Print.o)
                0x00001384                _ZN5Print5printEhi
 .text._ZN5Print5printEli
                0x00001390       0x8a C:\Users\marotron\Documents\Atmel Studio\7.0\MEng_Project_02\MEng_Project_02\ArduinoCore\Debug\libArduinoCore.a(Print.o)
                0x00001390                _ZN5Print5printEli
 .text._ZN5Print5printEii
                0x0000141a        0xc C:\Users\marotron\Documents\Atmel Studio\7.0\MEng_Project_02\MEng_Project_02\ArduinoCore\Debug\libArduinoCore.a(Print.o)
                0x0000141a                _ZN5Print5printEii
 .text.__vector_23
                0x00001426       0x94 C:\Users\marotron\Documents\Atmel Studio\7.0\MEng_Project_02\MEng_Project_02\ArduinoCore\Debug\libArduinoCore.a(wiring.o)
                0x00001426                __vector_23
 .text.millis   0x000014ba       0x18 C:\Users\marotron\Documents\Atmel Studio\7.0\MEng_Project_02\MEng_Project_02\ArduinoCore\Debug\libArduinoCore.a(wiring.o)
                0x000014ba                millis
 .text.micros   0x000014d2       0x4a C:\Users\marotron\Documents\Atmel Studio\7.0\MEng_Project_02\MEng_Project_02\ArduinoCore\Debug\libArduinoCore.a(wiring.o)
                0x000014d2                micros
 .text.delay    0x0000151c       0x72 C:\Users\marotron\Documents\Atmel Studio\7.0\MEng_Project_02\MEng_Project_02\ArduinoCore\Debug\libArduinoCore.a(wiring.o)
                0x0000151c                delay
 .text.delayMicroseconds
                0x0000158e       0x16 C:\Users\marotron\Documents\Atmel Studio\7.0\MEng_Project_02\MEng_Project_02\ArduinoCore\Debug\libArduinoCore.a(wiring.o)
                0x0000158e                delayMicroseconds
 .text.init     0x000015a4       0xc4 C:\Users\marotron\Documents\Atmel Studio\7.0\MEng_Project_02\MEng_Project_02\ArduinoCore\Debug\libArduinoCore.a(wiring.o)
                0x000015a4                init
 .text.turnOffPWM
                0x00001668       0xaa C:\Users\marotron\Documents\Atmel Studio\7.0\MEng_Project_02\MEng_Project_02\ArduinoCore\Debug\libArduinoCore.a(wiring_digital.o)
 .text.pinMode  0x00001712       0x78 C:\Users\marotron\Documents\Atmel Studio\7.0\MEng_Project_02\MEng_Project_02\ArduinoCore\Debug\libArduinoCore.a(wiring_digital.o)
                0x00001712                pinMode
 .text.digitalWrite
                0x0000178a       0x5c C:\Users\marotron\Documents\Atmel Studio\7.0\MEng_Project_02\MEng_Project_02\ArduinoCore\Debug\libArduinoCore.a(wiring_digital.o)
                0x0000178a                digitalWrite
 .text._ZN17LiquidCrystal_I2CC2Ehhh
                0x000017e6       0x18 C:\Users\marotron\Documents\Atmel Studio\7.0\MEng_Project_02\MEng_Project_02\ArduinoCore\Debug\libArduinoCore.a(LiquidCrystal_I2C.o)
                0x000017e6                _ZN17LiquidCrystal_I2CC1Ehhh
                0x000017e6                _ZN17LiquidCrystal_I2CC2Ehhh
 .text._ZN17LiquidCrystal_I2C13expanderWriteEh
                0x000017fe       0x28 C:\Users\marotron\Documents\Atmel Studio\7.0\MEng_Project_02\MEng_Project_02\ArduinoCore\Debug\libArduinoCore.a(LiquidCrystal_I2C.o)
                0x000017fe                _ZN17LiquidCrystal_I2C13expanderWriteEh
 .text._ZN17LiquidCrystal_I2C9backlightEv
                0x00001826        0xa C:\Users\marotron\Documents\Atmel Studio\7.0\MEng_Project_02\MEng_Project_02\ArduinoCore\Debug\libArduinoCore.a(LiquidCrystal_I2C.o)
                0x00001826                _ZN17LiquidCrystal_I2C9backlightEv
 .text._ZN17LiquidCrystal_I2C11pulseEnableEh
                0x00001830       0x28 C:\Users\marotron\Documents\Atmel Studio\7.0\MEng_Project_02\MEng_Project_02\ArduinoCore\Debug\libArduinoCore.a(LiquidCrystal_I2C.o)
                0x00001830                _ZN17LiquidCrystal_I2C11pulseEnableEh
 .text._ZN17LiquidCrystal_I2C10write4bitsEh
                0x00001858       0x18 C:\Users\marotron\Documents\Atmel Studio\7.0\MEng_Project_02\MEng_Project_02\ArduinoCore\Debug\libArduinoCore.a(LiquidCrystal_I2C.o)
                0x00001858                _ZN17LiquidCrystal_I2C10write4bitsEh
 .text._ZN17LiquidCrystal_I2C4sendEhh
                0x00001870       0x2a C:\Users\marotron\Documents\Atmel Studio\7.0\MEng_Project_02\MEng_Project_02\ArduinoCore\Debug\libArduinoCore.a(LiquidCrystal_I2C.o)
                0x00001870                _ZN17LiquidCrystal_I2C4sendEhh
 .text._ZN17LiquidCrystal_I2C7commandEh
                0x0000189a        0x4 C:\Users\marotron\Documents\Atmel Studio\7.0\MEng_Project_02\MEng_Project_02\ArduinoCore\Debug\libArduinoCore.a(LiquidCrystal_I2C.o)
                0x0000189a                _ZN17LiquidCrystal_I2C7commandEh
 .text._ZN17LiquidCrystal_I2C5clearEv
                0x0000189e        0xa C:\Users\marotron\Documents\Atmel Studio\7.0\MEng_Project_02\MEng_Project_02\ArduinoCore\Debug\libArduinoCore.a(LiquidCrystal_I2C.o)
                0x0000189e                _ZN17LiquidCrystal_I2C5clearEv
 .text._ZN17LiquidCrystal_I2C4homeEv
                0x000018a8        0xa C:\Users\marotron\Documents\Atmel Studio\7.0\MEng_Project_02\MEng_Project_02\ArduinoCore\Debug\libArduinoCore.a(LiquidCrystal_I2C.o)
                0x000018a8                _ZN17LiquidCrystal_I2C4homeEv
 .text._ZN17LiquidCrystal_I2C9setCursorEhh
                0x000018b2       0x5a C:\Users\marotron\Documents\Atmel Studio\7.0\MEng_Project_02\MEng_Project_02\ArduinoCore\Debug\libArduinoCore.a(LiquidCrystal_I2C.o)
                0x000018b2                _ZN17LiquidCrystal_I2C9setCursorEhh
 .text._ZN17LiquidCrystal_I2C7displayEv
                0x0000190c        0xe C:\Users\marotron\Documents\Atmel Studio\7.0\MEng_Project_02\MEng_Project_02\ArduinoCore\Debug\libArduinoCore.a(LiquidCrystal_I2C.o)
                0x0000190c                _ZN17LiquidCrystal_I2C7displayEv
 .text._ZN17LiquidCrystal_I2C5writeEh
                0x0000191a        0xa C:\Users\marotron\Documents\Atmel Studio\7.0\MEng_Project_02\MEng_Project_02\ArduinoCore\Debug\libArduinoCore.a(LiquidCrystal_I2C.o)
                0x0000191a                _ZN17LiquidCrystal_I2C5writeEh
 .text._ZN17LiquidCrystal_I2C5beginEhhh
                0x00001924       0x8a C:\Users\marotron\Documents\Atmel Studio\7.0\MEng_Project_02\MEng_Project_02\ArduinoCore\Debug\libArduinoCore.a(LiquidCrystal_I2C.o)
                0x00001924                _ZN17LiquidCrystal_I2C5beginEhhh
 .text._ZN17LiquidCrystal_I2C9init_privEv
                0x000019ae       0x1c C:\Users\marotron\Documents\Atmel Studio\7.0\MEng_Project_02\MEng_Project_02\ArduinoCore\Debug\libArduinoCore.a(LiquidCrystal_I2C.o)
                0x000019ae                _ZN17LiquidCrystal_I2C9init_privEv
 .text._ZN17LiquidCrystal_I2C4initEv
                0x000019ca        0x2 C:\Users\marotron\Documents\Atmel Studio\7.0\MEng_Project_02\MEng_Project_02\ArduinoCore\Debug\libArduinoCore.a(LiquidCrystal_I2C.o)
                0x000019ca                _ZN17LiquidCrystal_I2C4initEv
 .text._ZN7TwoWire9availableEv
                0x000019cc       0x10 C:\Users\marotron\Documents\Atmel Studio\7.0\MEng_Project_02\MEng_Project_02\ArduinoCore\Debug\libArduinoCore.a(Wire.o)
                0x000019cc                _ZN7TwoWire9availableEv
 .text._ZN7TwoWire4readEv
                0x000019dc       0x28 C:\Users\marotron\Documents\Atmel Studio\7.0\MEng_Project_02\MEng_Project_02\ArduinoCore\Debug\libArduinoCore.a(Wire.o)
                0x000019dc                _ZN7TwoWire4readEv
 .text._ZN7TwoWire4peekEv
                0x00001a04       0x1e C:\Users\marotron\Documents\Atmel Studio\7.0\MEng_Project_02\MEng_Project_02\ArduinoCore\Debug\libArduinoCore.a(Wire.o)
                0x00001a04                _ZN7TwoWire4peekEv
 .text._ZN7TwoWire5flushEv
                0x00001a22        0x2 C:\Users\marotron\Documents\Atmel Studio\7.0\MEng_Project_02\MEng_Project_02\ArduinoCore\Debug\libArduinoCore.a(Wire.o)
                0x00001a22                _ZN7TwoWire5flushEv
 .text._ZN7TwoWire16onReceiveServiceEPhi
                0x00001a24       0x54 C:\Users\marotron\Documents\Atmel Studio\7.0\MEng_Project_02\MEng_Project_02\ArduinoCore\Debug\libArduinoCore.a(Wire.o)
                0x00001a24                _ZN7TwoWire16onReceiveServiceEPhi
 .text._ZN7TwoWire16onRequestServiceEv
                0x00001a78       0x18 C:\Users\marotron\Documents\Atmel Studio\7.0\MEng_Project_02\MEng_Project_02\ArduinoCore\Debug\libArduinoCore.a(Wire.o)
                0x00001a78                _ZN7TwoWire16onRequestServiceEv
 .text._ZN7TwoWire5writeEPKhj
                0x00001a90       0x58 C:\Users\marotron\Documents\Atmel Studio\7.0\MEng_Project_02\MEng_Project_02\ArduinoCore\Debug\libArduinoCore.a(Wire.o)
                0x00001a90                _ZN7TwoWire5writeEPKhj
 .text._ZN7TwoWire5writeEh
                0x00001ae8       0x5c C:\Users\marotron\Documents\Atmel Studio\7.0\MEng_Project_02\MEng_Project_02\ArduinoCore\Debug\libArduinoCore.a(Wire.o)
                0x00001ae8                _ZN7TwoWire5writeEh
 .text._ZN7TwoWireC2Ev
                0x00001b44       0x20 C:\Users\marotron\Documents\Atmel Studio\7.0\MEng_Project_02\MEng_Project_02\ArduinoCore\Debug\libArduinoCore.a(Wire.o)
                0x00001b44                _ZN7TwoWireC1Ev
                0x00001b44                _ZN7TwoWireC2Ev
 .text._ZN7TwoWire5beginEv
                0x00001b64       0x1e C:\Users\marotron\Documents\Atmel Studio\7.0\MEng_Project_02\MEng_Project_02\ArduinoCore\Debug\libArduinoCore.a(Wire.o)
                0x00001b64                _ZN7TwoWire5beginEv
 .text._ZN7TwoWire17beginTransmissionEh
                0x00001b82       0x14 C:\Users\marotron\Documents\Atmel Studio\7.0\MEng_Project_02\MEng_Project_02\ArduinoCore\Debug\libArduinoCore.a(Wire.o)
                0x00001b82                _ZN7TwoWire17beginTransmissionEh
 .text._ZN7TwoWire15endTransmissionEh
                0x00001b96       0x24 C:\Users\marotron\Documents\Atmel Studio\7.0\MEng_Project_02\MEng_Project_02\ArduinoCore\Debug\libArduinoCore.a(Wire.o)
                0x00001b96                _ZN7TwoWire15endTransmissionEh
 .text._ZN7TwoWire15endTransmissionEv
                0x00001bba        0x4 C:\Users\marotron\Documents\Atmel Studio\7.0\MEng_Project_02\MEng_Project_02\ArduinoCore\Debug\libArduinoCore.a(Wire.o)
                0x00001bba                _ZN7TwoWire15endTransmissionEv
 .text.startup._GLOBAL__sub_I__ZN7TwoWire8rxBufferE
                0x00001bbe        0x6 C:\Users\marotron\Documents\Atmel Studio\7.0\MEng_Project_02\MEng_Project_02\ArduinoCore\Debug\libArduinoCore.a(Wire.o)
 .text.__empty  0x00001bc4        0x2 C:\Users\marotron\Documents\Atmel Studio\7.0\MEng_Project_02\MEng_Project_02\ArduinoCore\Debug\libArduinoCore.a(hooks.o)
                0x00001bc4                yield
 .text.twi_init
                0x00001bc6       0x38 C:\Users\marotron\Documents\Atmel Studio\7.0\MEng_Project_02\MEng_Project_02\ArduinoCore\Debug\libArduinoCore.a(twi.o)
                0x00001bc6                twi_init
 .text.twi_writeTo
                0x00001bfe       0xac C:\Users\marotron\Documents\Atmel Studio\7.0\MEng_Project_02\MEng_Project_02\ArduinoCore\Debug\libArduinoCore.a(twi.o)
                0x00001bfe                twi_writeTo
 .text.twi_transmit
                0x00001caa       0x50 C:\Users\marotron\Documents\Atmel Studio\7.0\MEng_Project_02\MEng_Project_02\ArduinoCore\Debug\libArduinoCore.a(twi.o)
                0x00001caa                twi_transmit
 .text.twi_attachSlaveRxEvent
                0x00001cfa        0xa C:\Users\marotron\Documents\Atmel Studio\7.0\MEng_Project_02\MEng_Project_02\ArduinoCore\Debug\libArduinoCore.a(twi.o)
                0x00001cfa                twi_attachSlaveRxEvent
 .text.twi_attachSlaveTxEvent
                0x00001d04        0xa C:\Users\marotron\Documents\Atmel Studio\7.0\MEng_Project_02\MEng_Project_02\ArduinoCore\Debug\libArduinoCore.a(twi.o)
                0x00001d04                twi_attachSlaveTxEvent
 .text.twi_stop
                0x00001d0e       0x14 C:\Users\marotron\Documents\Atmel Studio\7.0\MEng_Project_02\MEng_Project_02\ArduinoCore\Debug\libArduinoCore.a(twi.o)
                0x00001d0e                twi_stop
 .text.twi_releaseBus
                0x00001d22        0xc C:\Users\marotron\Documents\Atmel Studio\7.0\MEng_Project_02\MEng_Project_02\ArduinoCore\Debug\libArduinoCore.a(twi.o)
                0x00001d22                twi_releaseBus
 .text.__vector_39
                0x00001d2e      0x25c C:\Users\marotron\Documents\Atmel Studio\7.0\MEng_Project_02\MEng_Project_02\ArduinoCore\Debug\libArduinoCore.a(twi.o)
                0x00001d2e                __vector_39
 .text.libgcc.div
                0x00001f8a       0x44 c:/program files (x86)/atmel/studio/7.0/toolchain/avr8/avr8-gnu-toolchain/bin/../lib/gcc/avr/5.4.0/avr6\libgcc.a(_udivmodsi4.o)
                0x00001f8a                __udivmodsi4
 .text.libgcc   0x00001fce       0x10 c:/program files (x86)/atmel/studio/7.0/toolchain/avr8/avr8-gnu-toolchain/bin/../lib/gcc/avr/5.4.0/avr6\libgcc.a(_tablejump2.o)
                0x00001fce                __tablejump2__
                0x00001fde                . = ALIGN (0x2)
 *(.fini9)
 .fini9         0x00001fde        0x0 c:/program files (x86)/atmel/studio/7.0/toolchain/avr8/avr8-gnu-toolchain/bin/../lib/gcc/avr/5.4.0/avr6\libgcc.a(_exit.o)
                0x00001fde                _exit
                0x00001fde                exit
 *(.fini9)
 *(.fini8)
 *(.fini8)
 *(.fini7)
 *(.fini7)
 *(.fini6)
 *(.fini6)
 *(.fini5)
 *(.fini5)
 *(.fini4)
 *(.fini4)
 *(.fini3)
 *(.fini3)
 *(.fini2)
 *(.fini2)
 *(.fini1)
 *(.fini1)
 *(.fini0)
 .fini0         0x00001fde        0x4 c:/program files (x86)/atmel/studio/7.0/toolchain/avr8/avr8-gnu-toolchain/bin/../lib/gcc/avr/5.4.0/avr6\libgcc.a(_exit.o)
 *(.fini0)
                0x00001fe2                _etext = .

.data           0x00800200       0x94 load address 0x00001fe2
                0x00800200                PROVIDE (__data_start, .)
 *(.data)
 *(.data*)
 *(.gnu.linkonce.d*)
 *(.rodata)
 .rodata        0x00800200        0x8 C:\Users\marotron\Documents\Atmel Studio\7.0\MEng_Project_02\MEng_Project_02\ArduinoCore\Debug\libArduinoCore.a(LiquidCrystal_I2C.o)
 *(.rodata*)
 .rodata.str1.1
                0x00800208       0x5c Sketch.o
                                 0x63 (size before relaxing)
 .rodata._ZTV14HardwareSerial
                0x00800264       0x12 C:\Users\marotron\Documents\Atmel Studio\7.0\MEng_Project_02\MEng_Project_02\ArduinoCore\Debug\libArduinoCore.a(HardwareSerial.o)
                0x00800264                _ZTV14HardwareSerial
 .rodata._ZTV17LiquidCrystal_I2C
                0x00800276        0xc C:\Users\marotron\Documents\Atmel Studio\7.0\MEng_Project_02\MEng_Project_02\ArduinoCore\Debug\libArduinoCore.a(LiquidCrystal_I2C.o)
                0x00800276                _ZTV17LiquidCrystal_I2C
 .rodata._ZTV7TwoWire
                0x00800282       0x12 C:\Users\marotron\Documents\Atmel Studio\7.0\MEng_Project_02\MEng_Project_02\ArduinoCore\Debug\libArduinoCore.a(Wire.o)
                0x00800282                _ZTV7TwoWire
 *(.gnu.linkonce.r*)
                0x00800294                . = ALIGN (0x2)
                0x00800294                _edata = .
                0x00800294                PROVIDE (__data_end, .)

.bss            0x00800294      0x21b
                0x00800294                PROVIDE (__bss_start, .)
 *(.bss)
 *(.bss*)
 .bss.lcd       0x00800294        0xc Sketch.o
                0x00800294                lcd
 .bss.rotations
                0x008002a0        0x2 Sketch.o
                0x008002a0                rotations
 .bss.position_old
                0x008002a2        0x2 Sketch.o
                0x008002a2                position_old
 .bss.startTime
                0x008002a4        0x4 Sketch.o
                0x008002a4                startTime
 .bss.Serial    0x008002a8       0x9d C:\Users\marotron\Documents\Atmel Studio\7.0\MEng_Project_02\MEng_Project_02\ArduinoCore\Debug\libArduinoCore.a(HardwareSerial0.o)
                0x008002a8                Serial
 .bss.Serial1   0x00800345       0x9d C:\Users\marotron\Documents\Atmel Studio\7.0\MEng_Project_02\MEng_Project_02\ArduinoCore\Debug\libArduinoCore.a(HardwareSerial1.o)
                0x00800345                Serial1
 .bss.timer0_fract
                0x008003e2        0x1 C:\Users\marotron\Documents\Atmel Studio\7.0\MEng_Project_02\MEng_Project_02\ArduinoCore\Debug\libArduinoCore.a(wiring.o)
 .bss.timer0_millis
                0x008003e3        0x4 C:\Users\marotron\Documents\Atmel Studio\7.0\MEng_Project_02\MEng_Project_02\ArduinoCore\Debug\libArduinoCore.a(wiring.o)
                0x008003e3                timer0_millis
 .bss.timer0_overflow_count
                0x008003e7        0x4 C:\Users\marotron\Documents\Atmel Studio\7.0\MEng_Project_02\MEng_Project_02\ArduinoCore\Debug\libArduinoCore.a(wiring.o)
                0x008003e7                timer0_overflow_count
 .bss.Wire      0x008003eb        0xc C:\Users\marotron\Documents\Atmel Studio\7.0\MEng_Project_02\MEng_Project_02\ArduinoCore\Debug\libArduinoCore.a(Wire.o)
                0x008003eb                Wire
 .bss._ZN7TwoWire14user_onReceiveE
                0x008003f7        0x2 C:\Users\marotron\Documents\Atmel Studio\7.0\MEng_Project_02\MEng_Project_02\ArduinoCore\Debug\libArduinoCore.a(Wire.o)
                0x008003f7                _ZN7TwoWire14user_onReceiveE
 .bss._ZN7TwoWire14user_onRequestE
                0x008003f9        0x2 C:\Users\marotron\Documents\Atmel Studio\7.0\MEng_Project_02\MEng_Project_02\ArduinoCore\Debug\libArduinoCore.a(Wire.o)
                0x008003f9                _ZN7TwoWire14user_onRequestE
 .bss._ZN7TwoWire12transmittingE
                0x008003fb        0x1 C:\Users\marotron\Documents\Atmel Studio\7.0\MEng_Project_02\MEng_Project_02\ArduinoCore\Debug\libArduinoCore.a(Wire.o)
                0x008003fb                _ZN7TwoWire12transmittingE
 .bss._ZN7TwoWire14txBufferLengthE
                0x008003fc        0x1 C:\Users\marotron\Documents\Atmel Studio\7.0\MEng_Project_02\MEng_Project_02\ArduinoCore\Debug\libArduinoCore.a(Wire.o)
                0x008003fc                _ZN7TwoWire14txBufferLengthE
 .bss._ZN7TwoWire13txBufferIndexE
                0x008003fd        0x1 C:\Users\marotron\Documents\Atmel Studio\7.0\MEng_Project_02\MEng_Project_02\ArduinoCore\Debug\libArduinoCore.a(Wire.o)
                0x008003fd                _ZN7TwoWire13txBufferIndexE
 .bss._ZN7TwoWire8txBufferE
                0x008003fe       0x20 C:\Users\marotron\Documents\Atmel Studio\7.0\MEng_Project_02\MEng_Project_02\ArduinoCore\Debug\libArduinoCore.a(Wire.o)
                0x008003fe                _ZN7TwoWire8txBufferE
 .bss._ZN7TwoWire9txAddressE
                0x0080041e        0x1 C:\Users\marotron\Documents\Atmel Studio\7.0\MEng_Project_02\MEng_Project_02\ArduinoCore\Debug\libArduinoCore.a(Wire.o)
                0x0080041e                _ZN7TwoWire9txAddressE
 .bss._ZN7TwoWire14rxBufferLengthE
                0x0080041f        0x1 C:\Users\marotron\Documents\Atmel Studio\7.0\MEng_Project_02\MEng_Project_02\ArduinoCore\Debug\libArduinoCore.a(Wire.o)
                0x0080041f                _ZN7TwoWire14rxBufferLengthE
 .bss._ZN7TwoWire13rxBufferIndexE
                0x00800420        0x1 C:\Users\marotron\Documents\Atmel Studio\7.0\MEng_Project_02\MEng_Project_02\ArduinoCore\Debug\libArduinoCore.a(Wire.o)
                0x00800420                _ZN7TwoWire13rxBufferIndexE
 .bss._ZN7TwoWire8rxBufferE
                0x00800421       0x20 C:\Users\marotron\Documents\Atmel Studio\7.0\MEng_Project_02\MEng_Project_02\ArduinoCore\Debug\libArduinoCore.a(Wire.o)
                0x00800421                _ZN7TwoWire8rxBufferE
 .bss.twi_error
                0x00800441        0x1 C:\Users\marotron\Documents\Atmel Studio\7.0\MEng_Project_02\MEng_Project_02\ArduinoCore\Debug\libArduinoCore.a(twi.o)
 .bss.twi_rxBufferIndex
                0x00800442        0x1 C:\Users\marotron\Documents\Atmel Studio\7.0\MEng_Project_02\MEng_Project_02\ArduinoCore\Debug\libArduinoCore.a(twi.o)
 .bss.twi_rxBuffer
                0x00800443       0x20 C:\Users\marotron\Documents\Atmel Studio\7.0\MEng_Project_02\MEng_Project_02\ArduinoCore\Debug\libArduinoCore.a(twi.o)
 .bss.twi_txBufferLength
                0x00800463        0x1 C:\Users\marotron\Documents\Atmel Studio\7.0\MEng_Project_02\MEng_Project_02\ArduinoCore\Debug\libArduinoCore.a(twi.o)
 .bss.twi_txBufferIndex
                0x00800464        0x1 C:\Users\marotron\Documents\Atmel Studio\7.0\MEng_Project_02\MEng_Project_02\ArduinoCore\Debug\libArduinoCore.a(twi.o)
 .bss.twi_txBuffer
                0x00800465       0x20 C:\Users\marotron\Documents\Atmel Studio\7.0\MEng_Project_02\MEng_Project_02\ArduinoCore\Debug\libArduinoCore.a(twi.o)
 .bss.twi_masterBufferLength
                0x00800485        0x1 C:\Users\marotron\Documents\Atmel Studio\7.0\MEng_Project_02\MEng_Project_02\ArduinoCore\Debug\libArduinoCore.a(twi.o)
 .bss.twi_masterBufferIndex
                0x00800486        0x1 C:\Users\marotron\Documents\Atmel Studio\7.0\MEng_Project_02\MEng_Project_02\ArduinoCore\Debug\libArduinoCore.a(twi.o)
 .bss.twi_masterBuffer
                0x00800487       0x20 C:\Users\marotron\Documents\Atmel Studio\7.0\MEng_Project_02\MEng_Project_02\ArduinoCore\Debug\libArduinoCore.a(twi.o)
 .bss.twi_onSlaveReceive
                0x008004a7        0x2 C:\Users\marotron\Documents\Atmel Studio\7.0\MEng_Project_02\MEng_Project_02\ArduinoCore\Debug\libArduinoCore.a(twi.o)
 .bss.twi_onSlaveTransmit
                0x008004a9        0x2 C:\Users\marotron\Documents\Atmel Studio\7.0\MEng_Project_02\MEng_Project_02\ArduinoCore\Debug\libArduinoCore.a(twi.o)
 .bss.twi_inRepStart
                0x008004ab        0x1 C:\Users\marotron\Documents\Atmel Studio\7.0\MEng_Project_02\MEng_Project_02\ArduinoCore\Debug\libArduinoCore.a(twi.o)
 .bss.twi_sendStop
                0x008004ac        0x1 C:\Users\marotron\Documents\Atmel Studio\7.0\MEng_Project_02\MEng_Project_02\ArduinoCore\Debug\libArduinoCore.a(twi.o)
 .bss.twi_slarw
                0x008004ad        0x1 C:\Users\marotron\Documents\Atmel Studio\7.0\MEng_Project_02\MEng_Project_02\ArduinoCore\Debug\libArduinoCore.a(twi.o)
 .bss.twi_state
                0x008004ae        0x1 C:\Users\marotron\Documents\Atmel Studio\7.0\MEng_Project_02\MEng_Project_02\ArduinoCore\Debug\libArduinoCore.a(twi.o)
 *(COMMON)
                0x008004af                PROVIDE (__bss_end, .)
                0x00001fe2                __data_load_start = LOADADDR (.data)
                0x00002076                __data_load_end = (__data_load_start + SIZEOF (.data))

.noinit         0x008004af        0x0
                [!provide]                PROVIDE (__noinit_start, .)
 *(.noinit*)
                [!provide]                PROVIDE (__noinit_end, .)
                0x008004af                _end = .
                [!provide]                PROVIDE (__heap_start, .)

.eeprom         0x00810000        0x0
 *(.eeprom*)
                0x00810000                __eeprom_end = .

.fuse
 *(.fuse)
 *(.lfuse)
 *(.hfuse)
 *(.efuse)

.lock
 *(.lock*)

.signature
 *(.signature*)

.user_signatures
 *(.user_signatures*)

.stab
 *(.stab)

.stabstr
 *(.stabstr)

.stab.excl
 *(.stab.excl)

.stab.exclstr
 *(.stab.exclstr)

.stab.index
 *(.stab.index)

.stab.indexstr
 *(.stab.indexstr)

.comment        0x00000000       0x30
 *(.comment)
 .comment       0x00000000       0x30 Sketch.o
                                 0x31 (size before relaxing)
 .comment       0x00000030       0x31 C:\Users\marotron\Documents\Atmel Studio\7.0\MEng_Project_02\MEng_Project_02\ArduinoCore\Debug\libArduinoCore.a(HardwareSerial.o)
 .comment       0x00000030       0x31 C:\Users\marotron\Documents\Atmel Studio\7.0\MEng_Project_02\MEng_Project_02\ArduinoCore\Debug\libArduinoCore.a(HardwareSerial0.o)
 .comment       0x00000030       0x31 C:\Users\marotron\Documents\Atmel Studio\7.0\MEng_Project_02\MEng_Project_02\ArduinoCore\Debug\libArduinoCore.a(HardwareSerial1.o)
 .comment       0x00000030       0x31 C:\Users\marotron\Documents\Atmel Studio\7.0\MEng_Project_02\MEng_Project_02\ArduinoCore\Debug\libArduinoCore.a(main.o)
 .comment       0x00000030       0x31 C:\Users\marotron\Documents\Atmel Studio\7.0\MEng_Project_02\MEng_Project_02\ArduinoCore\Debug\libArduinoCore.a(Print.o)
 .comment       0x00000030       0x31 C:\Users\marotron\Documents\Atmel Studio\7.0\MEng_Project_02\MEng_Project_02\ArduinoCore\Debug\libArduinoCore.a(wiring.o)
 .comment       0x00000030       0x31 C:\Users\marotron\Documents\Atmel Studio\7.0\MEng_Project_02\MEng_Project_02\ArduinoCore\Debug\libArduinoCore.a(wiring_digital.o)
 .comment       0x00000030       0x31 C:\Users\marotron\Documents\Atmel Studio\7.0\MEng_Project_02\MEng_Project_02\ArduinoCore\Debug\libArduinoCore.a(LiquidCrystal_I2C.o)
 .comment       0x00000030       0x31 C:\Users\marotron\Documents\Atmel Studio\7.0\MEng_Project_02\MEng_Project_02\ArduinoCore\Debug\libArduinoCore.a(Wire.o)
 .comment       0x00000030       0x31 C:\Users\marotron\Documents\Atmel Studio\7.0\MEng_Project_02\MEng_Project_02\ArduinoCore\Debug\libArduinoCore.a(hooks.o)
 .comment       0x00000030       0x31 C:\Users\marotron\Documents\Atmel Studio\7.0\MEng_Project_02\MEng_Project_02\ArduinoCore\Debug\libArduinoCore.a(twi.o)

.note.gnu.avr.deviceinfo
                0x00000000       0x40
 .note.gnu.avr.deviceinfo
                0x00000000       0x40 C:/Program Files (x86)/Atmel/Studio/7.0/Packs/atmel/ATmega_DFP/1.2.209/gcc/dev/atmega2560/avr6/crtatmega2560.o

.note.gnu.build-id
 *(.note.gnu.build-id)

.debug
 *(.debug)

.line
 *(.line)

.debug_srcinfo
 *(.debug_srcinfo)

.debug_sfnames
 *(.debug_sfnames)

.debug_aranges  0x00000000      0x6b8
 *(.debug_aranges)
 .debug_aranges
                0x00000000      0x108 Sketch.o
 .debug_aranges
                0x00000108       0x68 C:\Users\marotron\Documents\Atmel Studio\7.0\MEng_Project_02\MEng_Project_02\ArduinoCore\Debug\libArduinoCore.a(HardwareSerial.o)
 .debug_aranges
                0x00000170       0x48 C:\Users\marotron\Documents\Atmel Studio\7.0\MEng_Project_02\MEng_Project_02\ArduinoCore\Debug\libArduinoCore.a(HardwareSerial0.o)
 .debug_aranges
                0x000001b8       0x48 C:\Users\marotron\Documents\Atmel Studio\7.0\MEng_Project_02\MEng_Project_02\ArduinoCore\Debug\libArduinoCore.a(HardwareSerial1.o)
 .debug_aranges
                0x00000200       0x30 C:\Users\marotron\Documents\Atmel Studio\7.0\MEng_Project_02\MEng_Project_02\ArduinoCore\Debug\libArduinoCore.a(main.o)
 .debug_aranges
                0x00000230      0x100 C:\Users\marotron\Documents\Atmel Studio\7.0\MEng_Project_02\MEng_Project_02\ArduinoCore\Debug\libArduinoCore.a(Print.o)
 .debug_aranges
                0x00000330       0x48 C:\Users\marotron\Documents\Atmel Studio\7.0\MEng_Project_02\MEng_Project_02\ArduinoCore\Debug\libArduinoCore.a(wiring.o)
 .debug_aranges
                0x00000378       0x38 C:\Users\marotron\Documents\Atmel Studio\7.0\MEng_Project_02\MEng_Project_02\ArduinoCore\Debug\libArduinoCore.a(wiring_digital.o)
 .debug_aranges
                0x000003b0      0x170 C:\Users\marotron\Documents\Atmel Studio\7.0\MEng_Project_02\MEng_Project_02\ArduinoCore\Debug\libArduinoCore.a(LiquidCrystal_I2C.o)
 .debug_aranges
                0x00000520       0xf8 C:\Users\marotron\Documents\Atmel Studio\7.0\MEng_Project_02\MEng_Project_02\ArduinoCore\Debug\libArduinoCore.a(Wire.o)
 .debug_aranges
                0x00000618       0x20 C:\Users\marotron\Documents\Atmel Studio\7.0\MEng_Project_02\MEng_Project_02\ArduinoCore\Debug\libArduinoCore.a(hooks.o)
 .debug_aranges
                0x00000638       0x80 C:\Users\marotron\Documents\Atmel Studio\7.0\MEng_Project_02\MEng_Project_02\ArduinoCore\Debug\libArduinoCore.a(twi.o)

.debug_pubnames
 *(.debug_pubnames)

.debug_info     0x00000000    0x10f45
 *(.debug_info .gnu.linkonce.wi.*)
 .debug_info    0x00000000      0xbbc C:/Program Files (x86)/Atmel/Studio/7.0/Packs/atmel/ATmega_DFP/1.2.209/gcc/dev/atmega2560/avr6/crtatmega2560.o
 .debug_info    0x00000bbc     0x2e6f Sketch.o
 .debug_info    0x00003a2b     0x205e C:\Users\marotron\Documents\Atmel Studio\7.0\MEng_Project_02\MEng_Project_02\ArduinoCore\Debug\libArduinoCore.a(HardwareSerial.o)
 .debug_info    0x00005a89     0x1b74 C:\Users\marotron\Documents\Atmel Studio\7.0\MEng_Project_02\MEng_Project_02\ArduinoCore\Debug\libArduinoCore.a(HardwareSerial0.o)
 .debug_info    0x000075fd     0x1b74 C:\Users\marotron\Documents\Atmel Studio\7.0\MEng_Project_02\MEng_Project_02\ArduinoCore\Debug\libArduinoCore.a(HardwareSerial1.o)
 .debug_info    0x00009171      0x295 C:\Users\marotron\Documents\Atmel Studio\7.0\MEng_Project_02\MEng_Project_02\ArduinoCore\Debug\libArduinoCore.a(main.o)
 .debug_info    0x00009406     0x295d C:\Users\marotron\Documents\Atmel Studio\7.0\MEng_Project_02\MEng_Project_02\ArduinoCore\Debug\libArduinoCore.a(Print.o)
 .debug_info    0x0000bd63      0x329 C:\Users\marotron\Documents\Atmel Studio\7.0\MEng_Project_02\MEng_Project_02\ArduinoCore\Debug\libArduinoCore.a(wiring.o)
 .debug_info    0x0000c08c      0x63a C:\Users\marotron\Documents\Atmel Studio\7.0\MEng_Project_02\MEng_Project_02\ArduinoCore\Debug\libArduinoCore.a(wiring_digital.o)
 .debug_info    0x0000c6c6     0x1a2f C:\Users\marotron\Documents\Atmel Studio\7.0\MEng_Project_02\MEng_Project_02\ArduinoCore\Debug\libArduinoCore.a(LiquidCrystal_I2C.o)
 .debug_info    0x0000e0f5     0x27b0 C:\Users\marotron\Documents\Atmel Studio\7.0\MEng_Project_02\MEng_Project_02\ArduinoCore\Debug\libArduinoCore.a(Wire.o)
 .debug_info    0x000108a5       0x3e C:\Users\marotron\Documents\Atmel Studio\7.0\MEng_Project_02\MEng_Project_02\ArduinoCore\Debug\libArduinoCore.a(hooks.o)
 .debug_info    0x000108e3      0x662 C:\Users\marotron\Documents\Atmel Studio\7.0\MEng_Project_02\MEng_Project_02\ArduinoCore\Debug\libArduinoCore.a(twi.o)

.debug_abbrev   0x00000000     0x2fb6
 *(.debug_abbrev)
 .debug_abbrev  0x00000000      0xb1a C:/Program Files (x86)/Atmel/Studio/7.0/Packs/atmel/ATmega_DFP/1.2.209/gcc/dev/atmega2560/avr6/crtatmega2560.o
 .debug_abbrev  0x00000b1a      0x416 Sketch.o
 .debug_abbrev  0x00000f30      0x4b7 C:\Users\marotron\Documents\Atmel Studio\7.0\MEng_Project_02\MEng_Project_02\ArduinoCore\Debug\libArduinoCore.a(HardwareSerial.o)
 .debug_abbrev  0x000013e7      0x3ce C:\Users\marotron\Documents\Atmel Studio\7.0\MEng_Project_02\MEng_Project_02\ArduinoCore\Debug\libArduinoCore.a(HardwareSerial0.o)
 .debug_abbrev  0x000017b5      0x3ce C:\Users\marotron\Documents\Atmel Studio\7.0\MEng_Project_02\MEng_Project_02\ArduinoCore\Debug\libArduinoCore.a(HardwareSerial1.o)
 .debug_abbrev  0x00001b83      0x12d C:\Users\marotron\Documents\Atmel Studio\7.0\MEng_Project_02\MEng_Project_02\ArduinoCore\Debug\libArduinoCore.a(main.o)
 .debug_abbrev  0x00001cb0      0x47a C:\Users\marotron\Documents\Atmel Studio\7.0\MEng_Project_02\MEng_Project_02\ArduinoCore\Debug\libArduinoCore.a(Print.o)
 .debug_abbrev  0x0000212a      0x146 C:\Users\marotron\Documents\Atmel Studio\7.0\MEng_Project_02\MEng_Project_02\ArduinoCore\Debug\libArduinoCore.a(wiring.o)
 .debug_abbrev  0x00002270      0x15a C:\Users\marotron\Documents\Atmel Studio\7.0\MEng_Project_02\MEng_Project_02\ArduinoCore\Debug\libArduinoCore.a(wiring_digital.o)
 .debug_abbrev  0x000023ca      0x3e1 C:\Users\marotron\Documents\Atmel Studio\7.0\MEng_Project_02\MEng_Project_02\ArduinoCore\Debug\libArduinoCore.a(LiquidCrystal_I2C.o)
 .debug_abbrev  0x000027ab      0x581 C:\Users\marotron\Documents\Atmel Studio\7.0\MEng_Project_02\MEng_Project_02\ArduinoCore\Debug\libArduinoCore.a(Wire.o)
 .debug_abbrev  0x00002d2c       0x2a C:\Users\marotron\Documents\Atmel Studio\7.0\MEng_Project_02\MEng_Project_02\ArduinoCore\Debug\libArduinoCore.a(hooks.o)
 .debug_abbrev  0x00002d56      0x260 C:\Users\marotron\Documents\Atmel Studio\7.0\MEng_Project_02\MEng_Project_02\ArduinoCore\Debug\libArduinoCore.a(twi.o)

.debug_line     0x00000000     0x3765
 *(.debug_line .debug_line.* .debug_line_end)
 .debug_line    0x00000000      0x1f9 C:/Program Files (x86)/Atmel/Studio/7.0/Packs/atmel/ATmega_DFP/1.2.209/gcc/dev/atmega2560/avr6/crtatmega2560.o
 .debug_line    0x000001f9      0xb17 Sketch.o
 .debug_line    0x00000d10      0x527 C:\Users\marotron\Documents\Atmel Studio\7.0\MEng_Project_02\MEng_Project_02\ArduinoCore\Debug\libArduinoCore.a(HardwareSerial.o)
 .debug_line    0x00001237      0x288 C:\Users\marotron\Documents\Atmel Studio\7.0\MEng_Project_02\MEng_Project_02\ArduinoCore\Debug\libArduinoCore.a(HardwareSerial0.o)
 .debug_line    0x000014bf      0x288 C:\Users\marotron\Documents\Atmel Studio\7.0\MEng_Project_02\MEng_Project_02\ArduinoCore\Debug\libArduinoCore.a(HardwareSerial1.o)
 .debug_line    0x00001747      0x161 C:\Users\marotron\Documents\Atmel Studio\7.0\MEng_Project_02\MEng_Project_02\ArduinoCore\Debug\libArduinoCore.a(main.o)
 .debug_line    0x000018a8      0x681 C:\Users\marotron\Documents\Atmel Studio\7.0\MEng_Project_02\MEng_Project_02\ArduinoCore\Debug\libArduinoCore.a(Print.o)
 .debug_line    0x00001f29      0x2cb C:\Users\marotron\Documents\Atmel Studio\7.0\MEng_Project_02\MEng_Project_02\ArduinoCore\Debug\libArduinoCore.a(wiring.o)
 .debug_line    0x000021f4      0x284 C:\Users\marotron\Documents\Atmel Studio\7.0\MEng_Project_02\MEng_Project_02\ArduinoCore\Debug\libArduinoCore.a(wiring_digital.o)
 .debug_line    0x00002478      0x7cf C:\Users\marotron\Documents\Atmel Studio\7.0\MEng_Project_02\MEng_Project_02\ArduinoCore\Debug\libArduinoCore.a(LiquidCrystal_I2C.o)
 .debug_line    0x00002c47      0x5ec C:\Users\marotron\Documents\Atmel Studio\7.0\MEng_Project_02\MEng_Project_02\ArduinoCore\Debug\libArduinoCore.a(Wire.o)
 .debug_line    0x00003233       0x41 C:\Users\marotron\Documents\Atmel Studio\7.0\MEng_Project_02\MEng_Project_02\ArduinoCore\Debug\libArduinoCore.a(hooks.o)
 .debug_line    0x00003274      0x4f1 C:\Users\marotron\Documents\Atmel Studio\7.0\MEng_Project_02\MEng_Project_02\ArduinoCore\Debug\libArduinoCore.a(twi.o)

.debug_frame    0x00000000     0x12c4
 *(.debug_frame)
 .debug_frame   0x00000000      0x35c Sketch.o
 .debug_frame   0x0000035c      0x110 C:\Users\marotron\Documents\Atmel Studio\7.0\MEng_Project_02\MEng_Project_02\ArduinoCore\Debug\libArduinoCore.a(HardwareSerial.o)
 .debug_frame   0x0000046c       0xe0 C:\Users\marotron\Documents\Atmel Studio\7.0\MEng_Project_02\MEng_Project_02\ArduinoCore\Debug\libArduinoCore.a(HardwareSerial0.o)
 .debug_frame   0x0000054c       0xe0 C:\Users\marotron\Documents\Atmel Studio\7.0\MEng_Project_02\MEng_Project_02\ArduinoCore\Debug\libArduinoCore.a(HardwareSerial1.o)
 .debug_frame   0x0000062c       0x54 C:\Users\marotron\Documents\Atmel Studio\7.0\MEng_Project_02\MEng_Project_02\ArduinoCore\Debug\libArduinoCore.a(main.o)
 .debug_frame   0x00000680      0x3ac C:\Users\marotron\Documents\Atmel Studio\7.0\MEng_Project_02\MEng_Project_02\ArduinoCore\Debug\libArduinoCore.a(Print.o)
 .debug_frame   0x00000a2c       0xc4 C:\Users\marotron\Documents\Atmel Studio\7.0\MEng_Project_02\MEng_Project_02\ArduinoCore\Debug\libArduinoCore.a(wiring.o)
 .debug_frame   0x00000af0       0x7c C:\Users\marotron\Documents\Atmel Studio\7.0\MEng_Project_02\MEng_Project_02\ArduinoCore\Debug\libArduinoCore.a(wiring_digital.o)
 .debug_frame   0x00000b6c      0x380 C:\Users\marotron\Documents\Atmel Studio\7.0\MEng_Project_02\MEng_Project_02\ArduinoCore\Debug\libArduinoCore.a(LiquidCrystal_I2C.o)
 .debug_frame   0x00000eec      0x280 C:\Users\marotron\Documents\Atmel Studio\7.0\MEng_Project_02\MEng_Project_02\ArduinoCore\Debug\libArduinoCore.a(Wire.o)
 .debug_frame   0x0000116c       0x24 C:\Users\marotron\Documents\Atmel Studio\7.0\MEng_Project_02\MEng_Project_02\ArduinoCore\Debug\libArduinoCore.a(hooks.o)
 .debug_frame   0x00001190      0x134 C:\Users\marotron\Documents\Atmel Studio\7.0\MEng_Project_02\MEng_Project_02\ArduinoCore\Debug\libArduinoCore.a(twi.o)

.debug_str      0x00000000     0x37b8
 *(.debug_str)
 .debug_str     0x00000000      0x3e6 C:/Program Files (x86)/Atmel/Studio/7.0/Packs/atmel/ATmega_DFP/1.2.209/gcc/dev/atmega2560/avr6/crtatmega2560.o
 .debug_str     0x000003e6      0x96c Sketch.o
                                0xa04 (size before relaxing)
 .debug_str     0x00000d52     0x1370 C:\Users\marotron\Documents\Atmel Studio\7.0\MEng_Project_02\MEng_Project_02\ArduinoCore\Debug\libArduinoCore.a(HardwareSerial.o)
                               0x16ff (size before relaxing)
 .debug_str     0x000020c2       0x86 C:\Users\marotron\Documents\Atmel Studio\7.0\MEng_Project_02\MEng_Project_02\ArduinoCore\Debug\libArduinoCore.a(HardwareSerial0.o)
                               0x141a (size before relaxing)
 .debug_str     0x00002148       0x47 C:\Users\marotron\Documents\Atmel Studio\7.0\MEng_Project_02\MEng_Project_02\ArduinoCore\Debug\libArduinoCore.a(HardwareSerial1.o)
                               0x141b (size before relaxing)
 .debug_str     0x0000218f       0x37 C:\Users\marotron\Documents\Atmel Studio\7.0\MEng_Project_02\MEng_Project_02\ArduinoCore\Debug\libArduinoCore.a(main.o)
                                0x2c6 (size before relaxing)
 .debug_str     0x000021c6      0x33c C:\Users\marotron\Documents\Atmel Studio\7.0\MEng_Project_02\MEng_Project_02\ArduinoCore\Debug\libArduinoCore.a(Print.o)
                               0x1254 (size before relaxing)
 .debug_str     0x00002502      0x164 C:\Users\marotron\Documents\Atmel Studio\7.0\MEng_Project_02\MEng_Project_02\ArduinoCore\Debug\libArduinoCore.a(wiring.o)
                                0x25c (size before relaxing)
 .debug_str     0x00002666       0xc2 C:\Users\marotron\Documents\Atmel Studio\7.0\MEng_Project_02\MEng_Project_02\ArduinoCore\Debug\libArduinoCore.a(wiring_digital.o)
                                0x2c1 (size before relaxing)
 .debug_str     0x00002728      0xa19 C:\Users\marotron\Documents\Atmel Studio\7.0\MEng_Project_02\MEng_Project_02\ArduinoCore\Debug\libArduinoCore.a(LiquidCrystal_I2C.o)
                                0xe23 (size before relaxing)
 .debug_str     0x00003141      0x50a C:\Users\marotron\Documents\Atmel Studio\7.0\MEng_Project_02\MEng_Project_02\ArduinoCore\Debug\libArduinoCore.a(Wire.o)
                               0x18d3 (size before relaxing)
 .debug_str     0x0000364b       0x1c C:\Users\marotron\Documents\Atmel Studio\7.0\MEng_Project_02\MEng_Project_02\ArduinoCore\Debug\libArduinoCore.a(hooks.o)
                                0x151 (size before relaxing)
 .debug_str     0x00003667      0x151 C:\Users\marotron\Documents\Atmel Studio\7.0\MEng_Project_02\MEng_Project_02\ArduinoCore\Debug\libArduinoCore.a(twi.o)
                                0x3dc (size before relaxing)

.debug_loc      0x00000000     0x5c6a
 *(.debug_loc)
 .debug_loc     0x00000000     0x1361 Sketch.o
 .debug_loc     0x00001361      0x4dc C:\Users\marotron\Documents\Atmel Studio\7.0\MEng_Project_02\MEng_Project_02\ArduinoCore\Debug\libArduinoCore.a(HardwareSerial.o)
 .debug_loc     0x0000183d      0x1b0 C:\Users\marotron\Documents\Atmel Studio\7.0\MEng_Project_02\MEng_Project_02\ArduinoCore\Debug\libArduinoCore.a(HardwareSerial0.o)
 .debug_loc     0x000019ed      0x1b0 C:\Users\marotron\Documents\Atmel Studio\7.0\MEng_Project_02\MEng_Project_02\ArduinoCore\Debug\libArduinoCore.a(HardwareSerial1.o)
 .debug_loc     0x00001b9d     0x1c87 C:\Users\marotron\Documents\Atmel Studio\7.0\MEng_Project_02\MEng_Project_02\ArduinoCore\Debug\libArduinoCore.a(Print.o)
 .debug_loc     0x00003824      0x28d C:\Users\marotron\Documents\Atmel Studio\7.0\MEng_Project_02\MEng_Project_02\ArduinoCore\Debug\libArduinoCore.a(wiring.o)
 .debug_loc     0x00003ab1      0x56b C:\Users\marotron\Documents\Atmel Studio\7.0\MEng_Project_02\MEng_Project_02\ArduinoCore\Debug\libArduinoCore.a(wiring_digital.o)
 .debug_loc     0x0000401c      0xc82 C:\Users\marotron\Documents\Atmel Studio\7.0\MEng_Project_02\MEng_Project_02\ArduinoCore\Debug\libArduinoCore.a(LiquidCrystal_I2C.o)
 .debug_loc     0x00004c9e      0xbe6 C:\Users\marotron\Documents\Atmel Studio\7.0\MEng_Project_02\MEng_Project_02\ArduinoCore\Debug\libArduinoCore.a(Wire.o)
 .debug_loc     0x00005884      0x3e6 C:\Users\marotron\Documents\Atmel Studio\7.0\MEng_Project_02\MEng_Project_02\ArduinoCore\Debug\libArduinoCore.a(twi.o)

.debug_macinfo
 *(.debug_macinfo)

.debug_weaknames
 *(.debug_weaknames)

.debug_funcnames
 *(.debug_funcnames)

.debug_typenames
 *(.debug_typenames)

.debug_varnames
 *(.debug_varnames)

.debug_pubtypes
 *(.debug_pubtypes)

.debug_ranges   0x00000000      0x670
 *(.debug_ranges)
 .debug_ranges  0x00000000      0x140 Sketch.o
 .debug_ranges  0x00000140       0x58 C:\Users\marotron\Documents\Atmel Studio\7.0\MEng_Project_02\MEng_Project_02\ArduinoCore\Debug\libArduinoCore.a(HardwareSerial.o)
 .debug_ranges  0x00000198       0x38 C:\Users\marotron\Documents\Atmel Studio\7.0\MEng_Project_02\MEng_Project_02\ArduinoCore\Debug\libArduinoCore.a(HardwareSerial0.o)
 .debug_ranges  0x000001d0       0x38 C:\Users\marotron\Documents\Atmel Studio\7.0\MEng_Project_02\MEng_Project_02\ArduinoCore\Debug\libArduinoCore.a(HardwareSerial1.o)
 .debug_ranges  0x00000208       0x20 C:\Users\marotron\Documents\Atmel Studio\7.0\MEng_Project_02\MEng_Project_02\ArduinoCore\Debug\libArduinoCore.a(main.o)
 .debug_ranges  0x00000228      0x120 C:\Users\marotron\Documents\Atmel Studio\7.0\MEng_Project_02\MEng_Project_02\ArduinoCore\Debug\libArduinoCore.a(Print.o)
 .debug_ranges  0x00000348       0x38 C:\Users\marotron\Documents\Atmel Studio\7.0\MEng_Project_02\MEng_Project_02\ArduinoCore\Debug\libArduinoCore.a(wiring.o)
 .debug_ranges  0x00000380       0x28 C:\Users\marotron\Documents\Atmel Studio\7.0\MEng_Project_02\MEng_Project_02\ArduinoCore\Debug\libArduinoCore.a(wiring_digital.o)
 .debug_ranges  0x000003a8      0x160 C:\Users\marotron\Documents\Atmel Studio\7.0\MEng_Project_02\MEng_Project_02\ArduinoCore\Debug\libArduinoCore.a(LiquidCrystal_I2C.o)
 .debug_ranges  0x00000508       0xe8 C:\Users\marotron\Documents\Atmel Studio\7.0\MEng_Project_02\MEng_Project_02\ArduinoCore\Debug\libArduinoCore.a(Wire.o)
 .debug_ranges  0x000005f0       0x10 C:\Users\marotron\Documents\Atmel Studio\7.0\MEng_Project_02\MEng_Project_02\ArduinoCore\Debug\libArduinoCore.a(hooks.o)
 .debug_ranges  0x00000600       0x70 C:\Users\marotron\Documents\Atmel Studio\7.0\MEng_Project_02\MEng_Project_02\ArduinoCore\Debug\libArduinoCore.a(twi.o)

.debug_macro
 *(.debug_macro)
OUTPUT(toImportToAS7.elf elf32-avr)
LOAD linker stubs
