Archive member included to satisfy reference by file (symbol)

c:/program files (x86)/atmel/studio/7.0/toolchain/avr8/avr8-gnu-toolchain/bin/../lib/gcc/avr/5.4.0/../../../../avr/lib/avr6\libm.a(fixsfsi.o)
                              Sketch.o (__fixsfsi)
c:/program files (x86)/atmel/studio/7.0/toolchain/avr8/avr8-gnu-toolchain/bin/../lib/gcc/avr/5.4.0/../../../../avr/lib/avr6\libm.a(fixunssfsi.o)
                              c:/program files (x86)/atmel/studio/7.0/toolchain/avr8/avr8-gnu-toolchain/bin/../lib/gcc/avr/5.4.0/../../../../avr/lib/avr6\libm.a(fixsfsi.o) (__fixunssfsi)
c:/program files (x86)/atmel/studio/7.0/toolchain/avr8/avr8-gnu-toolchain/bin/../lib/gcc/avr/5.4.0/../../../../avr/lib/avr6\libm.a(floatsisf.o)
                              Sketch.o (__floatsisf)
c:/program files (x86)/atmel/studio/7.0/toolchain/avr8/avr8-gnu-toolchain/bin/../lib/gcc/avr/5.4.0/../../../../avr/lib/avr6\libm.a(fp_split3.o)
                              c:/program files (x86)/atmel/studio/7.0/toolchain/avr8/avr8-gnu-toolchain/bin/../lib/gcc/avr/5.4.0/../../../../avr/lib/avr6\libm.a(fixunssfsi.o) (__fp_splitA)
c:/program files (x86)/atmel/studio/7.0/toolchain/avr8/avr8-gnu-toolchain/bin/../lib/gcc/avr/5.4.0/../../../../avr/lib/avr6\libm.a(fp_zero.o)
                              c:/program files (x86)/atmel/studio/7.0/toolchain/avr8/avr8-gnu-toolchain/bin/../lib/gcc/avr/5.4.0/../../../../avr/lib/avr6\libm.a(fixunssfsi.o) (__fp_zero)
c:/program files (x86)/atmel/studio/7.0/toolchain/avr8/avr8-gnu-toolchain/bin/../lib/gcc/avr/5.4.0/../../../../avr/lib/avr6\libm.a(mulsf3.o)
                              Sketch.o (__mulsf3)
c:/program files (x86)/atmel/studio/7.0/toolchain/avr8/avr8-gnu-toolchain/bin/../lib/gcc/avr/5.4.0/../../../../avr/lib/avr6\libm.a(mulsf3x.o)
                              c:/program files (x86)/atmel/studio/7.0/toolchain/avr8/avr8-gnu-toolchain/bin/../lib/gcc/avr/5.4.0/../../../../avr/lib/avr6\libm.a(mulsf3.o) (__mulsf3x)
c:/program files (x86)/atmel/studio/7.0/toolchain/avr8/avr8-gnu-toolchain/bin/../lib/gcc/avr/5.4.0/../../../../avr/lib/avr6\libm.a(fp_inf.o)
                              c:/program files (x86)/atmel/studio/7.0/toolchain/avr8/avr8-gnu-toolchain/bin/../lib/gcc/avr/5.4.0/../../../../avr/lib/avr6\libm.a(mulsf3x.o) (__fp_inf)
c:/program files (x86)/atmel/studio/7.0/toolchain/avr8/avr8-gnu-toolchain/bin/../lib/gcc/avr/5.4.0/../../../../avr/lib/avr6\libm.a(fp_nan.o)
                              c:/program files (x86)/atmel/studio/7.0/toolchain/avr8/avr8-gnu-toolchain/bin/../lib/gcc/avr/5.4.0/../../../../avr/lib/avr6\libm.a(mulsf3x.o) (__fp_nan)
c:/program files (x86)/atmel/studio/7.0/toolchain/avr8/avr8-gnu-toolchain/bin/../lib/gcc/avr/5.4.0/../../../../avr/lib/avr6\libm.a(fp_pscA.o)
                              c:/program files (x86)/atmel/studio/7.0/toolchain/avr8/avr8-gnu-toolchain/bin/../lib/gcc/avr/5.4.0/../../../../avr/lib/avr6\libm.a(mulsf3x.o) (__fp_pscA)
c:/program files (x86)/atmel/studio/7.0/toolchain/avr8/avr8-gnu-toolchain/bin/../lib/gcc/avr/5.4.0/../../../../avr/lib/avr6\libm.a(fp_pscB.o)
                              c:/program files (x86)/atmel/studio/7.0/toolchain/avr8/avr8-gnu-toolchain/bin/../lib/gcc/avr/5.4.0/../../../../avr/lib/avr6\libm.a(mulsf3x.o) (__fp_pscB)
c:/program files (x86)/atmel/studio/7.0/toolchain/avr8/avr8-gnu-toolchain/bin/../lib/gcc/avr/5.4.0/../../../../avr/lib/avr6\libm.a(fp_round.o)
                              c:/program files (x86)/atmel/studio/7.0/toolchain/avr8/avr8-gnu-toolchain/bin/../lib/gcc/avr/5.4.0/../../../../avr/lib/avr6\libm.a(mulsf3.o) (__fp_round)
C:\Users\marotron\Documents\Atmel Studio\7.0\MEng_Project_Arm\MEng_Project_02\ArduinoCore\Debug\libArduinoCore.a(HardwareSerial.o)
                              Sketch.o (_ZN14HardwareSerial9availableEv)
C:\Users\marotron\Documents\Atmel Studio\7.0\MEng_Project_Arm\MEng_Project_02\ArduinoCore\Debug\libArduinoCore.a(HardwareSerial0.o)
                              Sketch.o (Serial)
C:\Users\marotron\Documents\Atmel Studio\7.0\MEng_Project_Arm\MEng_Project_02\ArduinoCore\Debug\libArduinoCore.a(HardwareSerial1.o)
                              Sketch.o (Serial1)
C:\Users\marotron\Documents\Atmel Studio\7.0\MEng_Project_Arm\MEng_Project_02\ArduinoCore\Debug\libArduinoCore.a(main.o)
                              C:/Program Files (x86)/Atmel/Studio/7.0/Packs/atmel/ATmega_DFP/1.2.209/gcc/dev/atmega2560/avr6/crtatmega2560.o (main)
C:\Users\marotron\Documents\Atmel Studio\7.0\MEng_Project_Arm\MEng_Project_02\ArduinoCore\Debug\libArduinoCore.a(Print.o)
                              Sketch.o (_ZN5Print5writeEPKhj)
C:\Users\marotron\Documents\Atmel Studio\7.0\MEng_Project_Arm\MEng_Project_02\ArduinoCore\Debug\libArduinoCore.a(wiring.o)
                              Sketch.o (millis)
C:\Users\marotron\Documents\Atmel Studio\7.0\MEng_Project_Arm\MEng_Project_02\ArduinoCore\Debug\libArduinoCore.a(wiring_digital.o)
                              Sketch.o (pinMode)
[...]
Memory Configuration

Name             Origin             Length             Attributes
text             0x00000000         0x00100000         xr
data             0x00800200         0x0000fe00         rw !x
eeprom           0x00810000         0x00010000         rw !x
fuse             0x00820000         0x00000003         rw !x
lock             0x00830000         0x00000400         rw !x
signature        0x00840000         0x00000400         rw !x
user_signatures  0x00850000         0x00000400         rw !x
*default*        0x00000000         0xffffffff

Linker script and memory map

Address of section .data set to 0x800200
LOAD C:/Program Files (x86)/Atmel/Studio/7.0/Packs/atmel/ATmega_DFP/1.2.209/gcc/dev/atmega2560/avr6/crtatmega2560.o
LOAD Sketch.o
START GROUP
LOAD c:/program files (x86)/atmel/studio/7.0/toolchain/avr8/avr8-gnu-toolchain/bin/../lib/gcc/avr/5.4.0/../../../../avr/lib/avr6\libm.a
LOAD C:\Users\marotron\Documents\Atmel Studio\7.0\MEng_Project_Arm\MEng_Project_02\ArduinoCore\Debug\libArduinoCore.a
END GROUP
LOAD c:/program files (x86)/atmel/studio/7.0/toolchain/avr8/avr8-gnu-toolchain/bin/../lib/gcc/avr/5.4.0/avr6\libgcc.a
LOAD c:/program files (x86)/atmel/studio/7.0/toolchain/avr8/avr8-gnu-toolchain/bin/../lib/gcc/avr/5.4.0/../../../../avr/lib/avr6\libm.a
START GROUP
LOAD c:/program files (x86)/atmel/studio/7.0/toolchain/avr8/avr8-gnu-toolchain/bin/../lib/gcc/avr/5.4.0/avr6\libgcc.a
LOAD c:/program files (x86)/atmel/studio/7.0/toolchain/avr8/avr8-gnu-toolchain/bin/../lib/gcc/avr/5.4.0/../../../../avr/lib/avr6\libm.a
LOAD c:/program files (x86)/atmel/studio/7.0/toolchain/avr8/avr8-gnu-toolchain/bin/../lib/gcc/avr/5.4.0/../../../../avr/lib/avr6\libc.a
LOAD C:/Program Files (x86)/Atmel/Studio/7.0/Packs/atmel/ATmega_DFP/1.2.209/gcc/dev/atmega2560/avr6\libatmega2560.a
END GROUP
                0x00100000                __TEXT_REGION_LENGTH__ = DEFINED (__TEXT_REGION_LENGTH__)?__TEXT_REGION_LENGTH__:0x100000
                0x0000fe00                __DATA_REGION_LENGTH__ = DEFINED (__DATA_REGION_LENGTH__)?__DATA_REGION_LENGTH__:0xfe00
                0x00010000                __EEPROM_REGION_LENGTH__ = DEFINED (__EEPROM_REGION_LENGTH__)?__EEPROM_REGION_LENGTH__:0x10000
                [0x00000003]                __FUSE_REGION_LENGTH__ = DEFINED (__FUSE_REGION_LENGTH__)?__FUSE_REGION_LENGTH__:0x400
                0x00000400                __LOCK_REGION_LENGTH__ = DEFINED (__LOCK_REGION_LENGTH__)?__LOCK_REGION_LENGTH__:0x400
                0x00000400                __SIGNATURE_REGION_LENGTH__ = DEFINED (__SIGNATURE_REGION_LENGTH__)?__SIGNATURE_REGION_LENGTH__:0x400
                0x00000400                __USER_SIGNATURE_REGION_LENGTH__ = DEFINED (__USER_SIGNATURE_REGION_LENGTH__)?__USER_SIGNATURE_REGION_LENGTH__:0x400

.hash
 *(.hash)

.dynsym
 *(.dynsym)

.dynstr
 *(.dynstr)

.gnu.version
 *(.gnu.version)

.gnu.version_d
 *(.gnu.version_d)

.gnu.version_r
 *(.gnu.version_r)

.rel.init
 *(.rel.init)

.rela.init
 *(.rela.init)

.rel.text
 *(.rel.text)
 *(.rel.text.*)
 *(.rel.gnu.linkonce.t*)

.rela.text
 *(.rela.text)
 *(.rela.text.*)
 *(.rela.gnu.linkonce.t*)

.rel.fini
 *(.rel.fini)

.rela.fini
 *(.rela.fini)

.rel.rodata
 *(.rel.rodata)
 *(.rel.rodata.*)
 *(.rel.gnu.linkonce.r*)

.rela.rodata
 *(.rela.rodata)
 *(.rela.rodata.*)
 *(.rela.gnu.linkonce.r*)

.rel.data
 *(.rel.data)
 *(.rel.data.*)
 *(.rel.gnu.linkonce.d*)

.rela.data
 *(.rela.data)
 *(.rela.data.*)
 *(.rela.gnu.linkonce.d*)

.rel.ctors
 *(.rel.ctors)

.rela.ctors
 *(.rela.ctors)

.rel.dtors
 *(.rel.dtors)

.rela.dtors
 *(.rela.dtors)

.rel.got
 *(.rel.got)

.rela.got
 *(.rela.got)

.rel.bss
 *(.rel.bss)

.rela.bss
 *(.rela.bss)

.rel.plt
 *(.rel.plt)

.rela.plt
 *(.rela.plt)

.text           0x00000000     0x24c8
 *(.vectors)
 .vectors       0x00000000       0xe4 C:/Program Files (x86)/Atmel/Studio/7.0/Packs/atmel/ATmega_DFP/1.2.209/gcc/dev/atmega2560/avr6/crtatmega2560.o
                0x00000000                __vector_default
                0x00000000                __vectors
 *(.vectors)
 *(.progmem.gcc*)
 .progmem.gcc_sw_table.turnOffPWM
                0x000000e4       0x24 C:\Users\marotron\Documents\Atmel Studio\7.0\MEng_Project_Arm\MEng_Project_02\ArduinoCore\Debug\libArduinoCore.a(wiring_digital.o)
                0x00000108                . = ALIGN (0x2)
                0x00000108                __trampolines_start = .
 *(.trampolines)
 .trampolines   0x00000108        0x0 linker stubs
 *(.trampolines*)
                0x00000108                __trampolines_end = .
 *libprintf_flt.a:*(.progmem.data)
 *libc.a:*(.progmem.data)
 *(.progmem*)
 .progmem.data.digital_pin_to_timer_PGM
                0x00000108       0x46 C:\Users\marotron\Documents\Atmel Studio\7.0\MEng_Project_Arm\MEng_Project_02\ArduinoCore\Debug\libArduinoCore.a(wiring_digital.o)
                0x00000108                digital_pin_to_timer_PGM
 .progmem.data.digital_pin_to_bit_mask_PGM
                0x0000014e       0x46 C:\Users\marotron\Documents\Atmel Studio\7.0\MEng_Project_Arm\MEng_Project_02\ArduinoCore\Debug\libArduinoCore.a(wiring_digital.o)
                0x0000014e                digital_pin_to_bit_mask_PGM
 .progmem.data.digital_pin_to_port_PGM
                0x00000194       0x46 C:\Users\marotron\Documents\Atmel Studio\7.0\MEng_Project_Arm\MEng_Project_02\ArduinoCore\Debug\libArduinoCore.a(wiring_digital.o)
                0x00000194                digital_pin_to_port_PGM
 .progmem.data.port_to_output_PGM
                0x000001da       0x1a C:\Users\marotron\Documents\Atmel Studio\7.0\MEng_Project_Arm\MEng_Project_02\ArduinoCore\Debug\libArduinoCore.a(wiring_digital.o)
                0x000001da                port_to_output_PGM
 .progmem.data.port_to_mode_PGM
                0x000001f4       0x1a C:\Users\marotron\Documents\Atmel Studio\7.0\MEng_Project_Arm\MEng_Project_02\ArduinoCore\Debug\libArduinoCore.a(wiring_digital.o)
                0x000001f4                port_to_mode_PGM
                0x0000020e                . = ALIGN (0x2)
 *(.jumptables)
 *(.jumptables*)
 *(.lowtext)
 *(.lowtext*)
                0x0000020e                __ctors_start = .
 *(.ctors)
 .ctors         0x0000020e        0x2 Sketch.o
 .ctors         0x00000210        0x2 C:\Users\marotron\Documents\Atmel Studio\7.0\MEng_Project_Arm\MEng_Project_02\ArduinoCore\Debug\libArduinoCore.a(HardwareSerial0.o)
 .ctors         0x00000212        0x2 C:\Users\marotron\Documents\Atmel Studio\7.0\MEng_Project_Arm\MEng_Project_02\ArduinoCore\Debug\libArduinoCore.a(HardwareSerial1.o)
 .ctors         0x00000214        0x2 C:\Users\marotron\Documents\Atmel Studio\7.0\MEng_Project_Arm\MEng_Project_02\ArduinoCore\Debug\libArduinoCore.a(Wire.o)
                0x00000216                __ctors_end = .
                0x00000216                __dtors_start = .
 *(.dtors)
                0x00000216                __dtors_end = .
 SORT(*)(.ctors)
 SORT(*)(.dtors)
 *(.init0)
 .init0         0x00000216        0x0 C:/Program Files (x86)/Atmel/Studio/7.0/Packs/atmel/ATmega_DFP/1.2.209/gcc/dev/atmega2560/avr6/crtatmega2560.o
                0x00000216                __init
 *(.init0)
 *(.init1)
 *(.init1)
 *(.init2)
 .init2         0x00000216       0x10 C:/Program Files (x86)/Atmel/Studio/7.0/Packs/atmel/ATmega_DFP/1.2.209/gcc/dev/atmega2560/avr6/crtatmega2560.o
 *(.init2)
 *(.init3)
 *(.init3)
 *(.init4)
 .init4         0x00000226       0x1a c:/program files (x86)/atmel/studio/7.0/toolchain/avr8/avr8-gnu-toolchain/bin/../lib/gcc/avr/5.4.0/avr6\libgcc.a(_copy_data.o)
                0x00000226                __do_copy_data
 .init4         0x00000240       0x10 c:/program files (x86)/atmel/studio/7.0/toolchain/avr8/avr8-gnu-toolchain/bin/../lib/gcc/avr/5.4.0/avr6\libgcc.a(_clear_bss.o)
                0x00000240                __do_clear_bss
 *(.init4)
 *(.init5)
 *(.init5)
 *(.init6)
 .init6         0x00000250       0x20 c:/program files (x86)/atmel/studio/7.0/toolchain/avr8/avr8-gnu-toolchain/bin/../lib/gcc/avr/5.4.0/avr6\libgcc.a(_ctors.o)
                0x00000250                __do_global_ctors
 *(.init6)
 *(.init7)
 *(.init7)
 *(.init8)
 *(.init8)
 *(.init9)
 .init9         0x00000270        0x6 C:/Program Files (x86)/Atmel/Studio/7.0/Packs/atmel/ATmega_DFP/1.2.209/gcc/dev/atmega2560/avr6/crtatmega2560.o
 *(.init9)
 *(.text)
 .text          0x00000276        0x2 C:/Program Files (x86)/Atmel/Studio/7.0/Packs/atmel/ATmega_DFP/1.2.209/gcc/dev/atmega2560/avr6/crtatmega2560.o
                0x00000276                __vector_38
                0x00000276                __vector_22
                0x00000276                __vector_28
                0x00000276                __vector_1
                0x00000276                __vector_32
                0x00000276                __vector_34
                0x00000276                __vector_24
                0x00000276                __vector_12
                0x00000276                __vector_55
                0x00000276                __vector_46
                0x00000276                __bad_interrupt
                0x00000276                __vector_6
                0x00000276                __vector_31
                0x00000276                __vector_35
                0x00000276                __vector_3
                0x00000276                __vector_30
                0x00000276                __vector_45
                0x00000276                __vector_11
                0x00000276                __vector_54
                0x00000276                __vector_13
                0x00000276                __vector_17
                0x00000276                __vector_19
                0x00000276                __vector_56
                0x00000276                __vector_7
                0x00000276                __vector_49
                0x00000276                __vector_41
                0x00000276                __vector_43
                0x00000276                __vector_27
                0x00000276                __vector_5
                0x00000276                __vector_33
                0x00000276                __vector_47
                0x00000276                __vector_52
                0x00000276                __vector_4
                0x00000276                __vector_44
                0x00000276                __vector_51
                0x00000276                __vector_2
                0x00000276                __vector_21
                0x00000276                __vector_15
                0x00000276                __vector_29
                0x00000276                __vector_40
                0x00000276                __vector_8
                0x00000276                __vector_48
                0x00000276                __vector_14
                0x00000276                __vector_53
                0x00000276                __vector_10
                0x00000276                __vector_50
                0x00000276                __vector_16
                0x00000276                __vector_18
                0x00000276                __vector_20
                0x00000276                __vector_42
                0x00000278                . = ALIGN (0x2)
 *(.text.*)
 .text._ZN14HardwareSerial5writeEi
                0x00000278        0xe Sketch.o
                0x00000278                _ZN14HardwareSerial5writeEi
 .text._Z9printLCD1hhi
                0x00000286       0x60 Sketch.o
                0x00000286                _Z9printLCD1hhi
 .text._Z9printLCD3hhi
                0x000002e6       0x64 Sketch.o
                0x000002e6                _Z9printLCD3hhi
 .text._Z9printLCD4hhi
                0x0000034a       0x68 Sketch.o
                0x0000034a                _Z9printLCD4hhi
 .text._Z8sumBytesPhh
                0x000003b2       0x1a Sketch.o
                0x000003b2                _Z8sumBytesPhh
 .text.startup._GLOBAL__sub_I_Load_High_Byte
                0x000003cc       0x32 Sketch.o
 .text._Z10writeServohhPhh
                0x000003fe       0xca Sketch.o
                0x000003fe                _Z10writeServohhPhh
 .text._Z9moveSpeedhii
                0x000004c8       0x5e Sketch.o
                0x000004c8                _Z9moveSpeedhii
 .text._Z10setEndlesshb.part.0
                0x00000526       0x2e Sketch.o
 .text._Z10setEndlesshb
                0x00000554       0x3e Sketch.o
                0x00000554                _Z10setEndlesshb
 .text._Z12clearEndlessh
                0x00000592        0x4 Sketch.o
                0x00000592                _Z12clearEndlessh
 .text.__vector_9
                0x00000596       0xda Sketch.o
                0x00000596                __vector_9
 .text._Z9readServohhh
                0x00000670       0x9a Sketch.o
                0x00000670                _Z9readServohhh
 .text.setup    0x0000070a       0xde Sketch.o
                0x0000070a                setup
 .text._Z12printDataLCDv
                0x000007e8      0x2a6 Sketch.o
                0x000007e8                _Z12printDataLCDv
 .text.loop     0x00000a8e        0xc Sketch.o
                0x00000a8e                loop
 .text.avr-libc.fplib
                0x00000a9a        0xa c:/program files (x86)/atmel/studio/7.0/toolchain/avr8/avr8-gnu-toolchain/bin/../lib/gcc/avr/5.4.0/../../../../avr/lib/avr6\libm.a(fixsfsi.o)
                0x00000a9a                __fixsfsi
 .text.avr-libc.fplib
                0x00000aa4       0x58 c:/program files (x86)/atmel/studio/7.0/toolchain/avr8/avr8-gnu-toolchain/bin/../lib/gcc/avr/5.4.0/../../../../avr/lib/avr6\libm.a(fixunssfsi.o)
                0x00000aa4                __fixunssfsi
 .text.avr-libc.fplib
                0x00000afc       0x7a c:/program files (x86)/atmel/studio/7.0/toolchain/avr8/avr8-gnu-toolchain/bin/../lib/gcc/avr/5.4.0/../../../../avr/lib/avr6\libm.a(floatsisf.o)
                0x00000afc                __floatunsisf
                0x00000b00                __floatsisf
 .text.avr-libc.fplib
                0x00000b76       0x44 c:/program files (x86)/atmel/studio/7.0/toolchain/avr8/avr8-gnu-toolchain/bin/../lib/gcc/avr/5.4.0/../../../../avr/lib/avr6\libm.a(fp_split3.o)
                0x00000b76                __fp_split3
                0x00000b86                __fp_splitA
 .text.avr-libc.fplib
                0x00000bba        0xe c:/program files (x86)/atmel/studio/7.0/toolchain/avr8/avr8-gnu-toolchain/bin/../lib/gcc/avr/5.4.0/../../../../avr/lib/avr6\libm.a(fp_zero.o)
                0x00000bba                __fp_zero
                0x00000bbc                __fp_szero
 .text.avr-libc.fplib
                0x00000bc8        0x4 c:/program files (x86)/atmel/studio/7.0/toolchain/avr8/avr8-gnu-toolchain/bin/../lib/gcc/avr/5.4.0/../../../../avr/lib/avr6\libm.a(mulsf3.o)
                0x00000bc8                __mulsf3
 .text.avr-libc.fplib
                0x00000bcc       0xc2 c:/program files (x86)/atmel/studio/7.0/toolchain/avr8/avr8-gnu-toolchain/bin/../lib/gcc/avr/5.4.0/../../../../avr/lib/avr6\libm.a(mulsf3x.o)
                0x00000be0                __mulsf3x
                0x00000be4                __mulsf3_pse
 .text.avr-libc.fplib
                0x00000c8e        0xc c:/program files (x86)/atmel/studio/7.0/toolchain/avr8/avr8-gnu-toolchain/bin/../lib/gcc/avr/5.4.0/../../../../avr/lib/avr6\libm.a(fp_inf.o)
                0x00000c8e                __fp_inf
 .text.avr-libc.fplib
                0x00000c9a        0x6 c:/program files (x86)/atmel/studio/7.0/toolchain/avr8/avr8-gnu-toolchain/bin/../lib/gcc/avr/5.4.0/../../../../avr/lib/avr6\libm.a(fp_nan.o)
                0x00000c9a                __fp_nan
 .text.avr-libc.fplib
                0x00000ca0        0xe c:/program files (x86)/atmel/studio/7.0/toolchain/avr8/avr8-gnu-toolchain/bin/../lib/gcc/avr/5.4.0/../../../../avr/lib/avr6\libm.a(fp_pscA.o)
                0x00000ca0                __fp_pscA
 .text.avr-libc.fplib
                0x00000cae        0xe c:/program files (x86)/atmel/studio/7.0/toolchain/avr8/avr8-gnu-toolchain/bin/../lib/gcc/avr/5.4.0/../../../../avr/lib/avr6\libm.a(fp_pscB.o)
                0x00000cae                __fp_pscB
 .text.avr-libc.fplib
                0x00000cbc       0x22 c:/program files (x86)/atmel/studio/7.0/toolchain/avr8/avr8-gnu-toolchain/bin/../lib/gcc/avr/5.4.0/../../../../avr/lib/avr6\libm.a(fp_round.o)
                0x00000cbc                __fp_round
 .text._ZN14HardwareSerial9availableEv
                0x00000cde       0x18 C:\Users\marotron\Documents\Atmel Studio\7.0\MEng_Project_Arm\MEng_Project_02\ArduinoCore\Debug\libArduinoCore.a(HardwareSerial.o)
                0x00000cde                _ZN14HardwareSerial9availableEv
 .text._ZN14HardwareSerial4peekEv
                0x00000cf6       0x1c C:\Users\marotron\Documents\Atmel Studio\7.0\MEng_Project_Arm\MEng_Project_02\ArduinoCore\Debug\libArduinoCore.a(HardwareSerial.o)
                0x00000cf6                _ZN14HardwareSerial4peekEv
 .text._ZN14HardwareSerial4readEv
                0x00000d12       0x28 C:\Users\marotron\Documents\Atmel Studio\7.0\MEng_Project_Arm\MEng_Project_02\ArduinoCore\Debug\libArduinoCore.a(HardwareSerial.o)
                0x00000d12                _ZN14HardwareSerial4readEv
 .text._ZN14HardwareSerial17availableForWriteEv
                0x00000d3a       0x1e C:\Users\marotron\Documents\Atmel Studio\7.0\MEng_Project_Arm\MEng_Project_02\ArduinoCore\Debug\libArduinoCore.a(HardwareSerial.o)
                0x00000d3a                _ZN14HardwareSerial17availableForWriteEv
 .text._Z14serialEventRunv
                0x00000d58       0x76 C:\Users\marotron\Documents\Atmel Studio\7.0\MEng_Project_Arm\MEng_Project_02\ArduinoCore\Debug\libArduinoCore.a(HardwareSerial.o)
                0x00000d58                _Z14serialEventRunv
 .text._ZN14HardwareSerial17_tx_udr_empty_irqEv
                0x00000dce       0x44 C:\Users\marotron\Documents\Atmel Studio\7.0\MEng_Project_Arm\MEng_Project_02\ArduinoCore\Debug\libArduinoCore.a(HardwareSerial.o)
                0x00000dce                _ZN14HardwareSerial17_tx_udr_empty_irqEv
 .text._ZN14HardwareSerial5writeEh
                0x00000e12       0x98 C:\Users\marotron\Documents\Atmel Studio\7.0\MEng_Project_Arm\MEng_Project_02\ArduinoCore\Debug\libArduinoCore.a(HardwareSerial.o)
                0x00000e12                _ZN14HardwareSerial5writeEh
 .text._ZN14HardwareSerial5flushEv
                0x00000eaa       0x42 C:\Users\marotron\Documents\Atmel Studio\7.0\MEng_Project_Arm\MEng_Project_02\ArduinoCore\Debug\libArduinoCore.a(HardwareSerial.o)
                0x00000eaa                _ZN14HardwareSerial5flushEv
 .text._ZN14HardwareSerial5beginEmh
                0x00000eec       0xc6 C:\Users\marotron\Documents\Atmel Studio\7.0\MEng_Project_Arm\MEng_Project_02\ArduinoCore\Debug\libArduinoCore.a(HardwareSerial.o)
                0x00000eec                _ZN14HardwareSerial5beginEmh
 .text._ZN5Print17availableForWriteEv
                0x00000fb2        0x6 C:\Users\marotron\Documents\Atmel Studio\7.0\MEng_Project_Arm\MEng_Project_02\ArduinoCore\Debug\libArduinoCore.a(HardwareSerial0.o)
                0x00000fb2                _ZN5Print17availableForWriteEv
 .text._ZN5Print5flushEv
                0x00000fb8        0x2 C:\Users\marotron\Documents\Atmel Studio\7.0\MEng_Project_Arm\MEng_Project_02\ArduinoCore\Debug\libArduinoCore.a(HardwareSerial0.o)
                0x00000fb8                _ZN5Print5flushEv
 .text.__vector_25
                0x00000fba       0x6c C:\Users\marotron\Documents\Atmel Studio\7.0\MEng_Project_Arm\MEng_Project_02\ArduinoCore\Debug\libArduinoCore.a(HardwareSerial0.o)
                0x00000fba                __vector_25
 .text.__vector_26
                0x00001026       0x52 C:\Users\marotron\Documents\Atmel Studio\7.0\MEng_Project_Arm\MEng_Project_02\ArduinoCore\Debug\libArduinoCore.a(HardwareSerial0.o)
                0x00001026                __vector_26
 .text._Z17Serial0_availablev
                0x00001078       0x12 C:\Users\marotron\Documents\Atmel Studio\7.0\MEng_Project_Arm\MEng_Project_02\ArduinoCore\Debug\libArduinoCore.a(HardwareSerial0.o)
                0x00001078                _Z17Serial0_availablev
 .text.startup._GLOBAL__sub_I___vector_25
                0x0000108a       0x5a C:\Users\marotron\Documents\Atmel Studio\7.0\MEng_Project_Arm\MEng_Project_02\ArduinoCore\Debug\libArduinoCore.a(HardwareSerial0.o)
 .text.__vector_36
                0x000010e4       0x6c C:\Users\marotron\Documents\Atmel Studio\7.0\MEng_Project_Arm\MEng_Project_02\ArduinoCore\Debug\libArduinoCore.a(HardwareSerial1.o)
                0x000010e4                __vector_36
 .text.__vector_37
                0x00001150       0x52 C:\Users\marotron\Documents\Atmel Studio\7.0\MEng_Project_Arm\MEng_Project_02\ArduinoCore\Debug\libArduinoCore.a(HardwareSerial1.o)
                0x00001150                __vector_37
 .text._Z17Serial1_availablev
                0x000011a2       0x12 C:\Users\marotron\Documents\Atmel Studio\7.0\MEng_Project_Arm\MEng_Project_02\ArduinoCore\Debug\libArduinoCore.a(HardwareSerial1.o)
                0x000011a2                _Z17Serial1_availablev
 .text.startup._GLOBAL__sub_I___vector_36
                0x000011b4       0x5a C:\Users\marotron\Documents\Atmel Studio\7.0\MEng_Project_Arm\MEng_Project_02\ArduinoCore\Debug\libArduinoCore.a(HardwareSerial1.o)
 .text.initVariant
                0x0000120e        0x2 C:\Users\marotron\Documents\Atmel Studio\7.0\MEng_Project_Arm\MEng_Project_02\ArduinoCore\Debug\libArduinoCore.a(main.o)
                0x0000120e                initVariant
 .text.startup.main
                0x00001210       0x14 C:\Users\marotron\Documents\Atmel Studio\7.0\MEng_Project_Arm\MEng_Project_02\ArduinoCore\Debug\libArduinoCore.a(main.o)
                0x00001210                main
 .text._ZN5Print5writeEPKhj
                0x00001224       0x54 C:\Users\marotron\Documents\Atmel Studio\7.0\MEng_Project_Arm\MEng_Project_02\ArduinoCore\Debug\libArduinoCore.a(Print.o)
                0x00001224                _ZN5Print5writeEPKhj
 .text._ZN5Print5writeEPKc
                0x00001278       0x2a C:\Users\marotron\Documents\Atmel Studio\7.0\MEng_Project_Arm\MEng_Project_02\ArduinoCore\Debug\libArduinoCore.a(Print.o)
                0x00001278                _ZN5Print5writeEPKc
 .text._ZN5Print5printEPKc
                0x000012a2        0x2 C:\Users\marotron\Documents\Atmel Studio\7.0\MEng_Project_Arm\MEng_Project_02\ArduinoCore\Debug\libArduinoCore.a(Print.o)
                0x000012a2                _ZN5Print5printEPKc
 .text._ZN5Print11printNumberEmh
                0x000012a4       0x8e C:\Users\marotron\Documents\Atmel Studio\7.0\MEng_Project_Arm\MEng_Project_02\ArduinoCore\Debug\libArduinoCore.a(Print.o)
                0x000012a4                _ZN5Print11printNumberEmh
 .text._ZN5Print5printEmi
                0x00001332       0x18 C:\Users\marotron\Documents\Atmel Studio\7.0\MEng_Project_Arm\MEng_Project_02\ArduinoCore\Debug\libArduinoCore.a(Print.o)
                0x00001332                _ZN5Print5printEmi
 .text._ZN5Print5printEhi
                0x0000134a        0xc C:\Users\marotron\Documents\Atmel Studio\7.0\MEng_Project_Arm\MEng_Project_02\ArduinoCore\Debug\libArduinoCore.a(Print.o)
                0x0000134a                _ZN5Print5printEhi
 .text.__vector_23
                0x00001356       0x94 C:\Users\marotron\Documents\Atmel Studio\7.0\MEng_Project_Arm\MEng_Project_02\ArduinoCore\Debug\libArduinoCore.a(wiring.o)
                0x00001356                __vector_23
 .text.millis   0x000013ea       0x18 C:\Users\marotron\Documents\Atmel Studio\7.0\MEng_Project_Arm\MEng_Project_02\ArduinoCore\Debug\libArduinoCore.a(wiring.o)
                0x000013ea                millis
 .text.micros   0x00001402       0x4a C:\Users\marotron\Documents\Atmel Studio\7.0\MEng_Project_Arm\MEng_Project_02\ArduinoCore\Debug\libArduinoCore.a(wiring.o)
                0x00001402                micros
 .text.delay    0x0000144c       0x72 C:\Users\marotron\Documents\Atmel Studio\7.0\MEng_Project_Arm\MEng_Project_02\ArduinoCore\Debug\libArduinoCore.a(wiring.o)
                0x0000144c                delay
 .text.delayMicroseconds
                0x000014be       0x16 C:\Users\marotron\Documents\Atmel Studio\7.0\MEng_Project_Arm\MEng_Project_02\ArduinoCore\Debug\libArduinoCore.a(wiring.o)
                0x000014be                delayMicroseconds
 .text.init     0x000014d4       0xc4 C:\Users\marotron\Documents\Atmel Studio\7.0\MEng_Project_Arm\MEng_Project_02\ArduinoCore\Debug\libArduinoCore.a(wiring.o)
                0x000014d4                init
 .text.turnOffPWM
                0x00001598       0xaa C:\Users\marotron\Documents\Atmel Studio\7.0\MEng_Project_Arm\MEng_Project_02\ArduinoCore\Debug\libArduinoCore.a(wiring_digital.o)
 .text.pinMode  0x00001642       0x78 C:\Users\marotron\Documents\Atmel Studio\7.0\MEng_Project_Arm\MEng_Project_02\ArduinoCore\Debug\libArduinoCore.a(wiring_digital.o)
                0x00001642                pinMode
 .text.digitalWrite
                0x000016ba       0x5c C:\Users\marotron\Documents\Atmel Studio\7.0\MEng_Project_Arm\MEng_Project_02\ArduinoCore\Debug\libArduinoCore.a(wiring_digital.o)
                0x000016ba                digitalWrite
 .text._ZN17LiquidCrystal_I2CC2Ehhh
                0x00001716       0x18 C:\Users\marotron\Documents\Atmel Studio\7.0\MEng_Project_Arm\MEng_Project_02\ArduinoCore\Debug\libArduinoCore.a(LiquidCrystal_I2C.o)
                0x00001716                _ZN17LiquidCrystal_I2CC1Ehhh
                0x00001716                _ZN17LiquidCrystal_I2CC2Ehhh
 .text._ZN17LiquidCrystal_I2C13expanderWriteEh
                0x0000172e       0x28 C:\Users\marotron\Documents\Atmel Studio\7.0\MEng_Project_Arm\MEng_Project_02\ArduinoCore\Debug\libArduinoCore.a(LiquidCrystal_I2C.o)
                0x0000172e                _ZN17LiquidCrystal_I2C13expanderWriteEh
 .text._ZN17LiquidCrystal_I2C9backlightEv
                0x00001756        0xa C:\Users\marotron\Documents\Atmel Studio\7.0\MEng_Project_Arm\MEng_Project_02\ArduinoCore\Debug\libArduinoCore.a(LiquidCrystal_I2C.o)
                0x00001756                _ZN17LiquidCrystal_I2C9backlightEv
 .text._ZN17LiquidCrystal_I2C11pulseEnableEh
                0x00001760       0x28 C:\Users\marotron\Documents\Atmel Studio\7.0\MEng_Project_Arm\MEng_Project_02\ArduinoCore\Debug\libArduinoCore.a(LiquidCrystal_I2C.o)
                0x00001760                _ZN17LiquidCrystal_I2C11pulseEnableEh
 .text._ZN17LiquidCrystal_I2C10write4bitsEh
                0x00001788       0x18 C:\Users\marotron\Documents\Atmel Studio\7.0\MEng_Project_Arm\MEng_Project_02\ArduinoCore\Debug\libArduinoCore.a(LiquidCrystal_I2C.o)
                0x00001788                _ZN17LiquidCrystal_I2C10write4bitsEh
 .text._ZN17LiquidCrystal_I2C4sendEhh
                0x000017a0       0x2a C:\Users\marotron\Documents\Atmel Studio\7.0\MEng_Project_Arm\MEng_Project_02\ArduinoCore\Debug\libArduinoCore.a(LiquidCrystal_I2C.o)
                0x000017a0                _ZN17LiquidCrystal_I2C4sendEhh
 .text._ZN17LiquidCrystal_I2C7commandEh
                0x000017ca        0x4 C:\Users\marotron\Documents\Atmel Studio\7.0\MEng_Project_Arm\MEng_Project_02\ArduinoCore\Debug\libArduinoCore.a(LiquidCrystal_I2C.o)
                0x000017ca                _ZN17LiquidCrystal_I2C7commandEh
 .text._ZN17LiquidCrystal_I2C5clearEv
                0x000017ce        0xa C:\Users\marotron\Documents\Atmel Studio\7.0\MEng_Project_Arm\MEng_Project_02\ArduinoCore\Debug\libArduinoCore.a(LiquidCrystal_I2C.o)
                0x000017ce                _ZN17LiquidCrystal_I2C5clearEv
 .text._ZN17LiquidCrystal_I2C4homeEv
                0x000017d8        0xa C:\Users\marotron\Documents\Atmel Studio\7.0\MEng_Project_Arm\MEng_Project_02\ArduinoCore\Debug\libArduinoCore.a(LiquidCrystal_I2C.o)
                0x000017d8                _ZN17LiquidCrystal_I2C4homeEv
 .text._ZN17LiquidCrystal_I2C9setCursorEhh
                0x000017e2       0x5a C:\Users\marotron\Documents\Atmel Studio\7.0\MEng_Project_Arm\MEng_Project_02\ArduinoCore\Debug\libArduinoCore.a(LiquidCrystal_I2C.o)
                0x000017e2                _ZN17LiquidCrystal_I2C9setCursorEhh
 .text._ZN17LiquidCrystal_I2C7displayEv
                0x0000183c        0xe C:\Users\marotron\Documents\Atmel Studio\7.0\MEng_Project_Arm\MEng_Project_02\ArduinoCore\Debug\libArduinoCore.a(LiquidCrystal_I2C.o)
                0x0000183c                _ZN17LiquidCrystal_I2C7displayEv
 .text._ZN17LiquidCrystal_I2C5writeEh
                0x0000184a        0xa C:\Users\marotron\Documents\Atmel Studio\7.0\MEng_Project_Arm\MEng_Project_02\ArduinoCore\Debug\libArduinoCore.a(LiquidCrystal_I2C.o)
                0x0000184a                _ZN17LiquidCrystal_I2C5writeEh
 .text._ZN17LiquidCrystal_I2C5beginEhhh
                0x00001854       0x8a C:\Users\marotron\Documents\Atmel Studio\7.0\MEng_Project_Arm\MEng_Project_02\ArduinoCore\Debug\libArduinoCore.a(LiquidCrystal_I2C.o)
                0x00001854                _ZN17LiquidCrystal_I2C5beginEhhh
 .text._ZN17LiquidCrystal_I2C9init_privEv
                0x000018de       0x1c C:\Users\marotron\Documents\Atmel Studio\7.0\MEng_Project_Arm\MEng_Project_02\ArduinoCore\Debug\libArduinoCore.a(LiquidCrystal_I2C.o)
                0x000018de                _ZN17LiquidCrystal_I2C9init_privEv
 .text._ZN17LiquidCrystal_I2C4initEv
                0x000018fa        0x2 C:\Users\marotron\Documents\Atmel Studio\7.0\MEng_Project_Arm\MEng_Project_02\ArduinoCore\Debug\libArduinoCore.a(LiquidCrystal_I2C.o)
                0x000018fa                _ZN17LiquidCrystal_I2C4initEv
 .text._ZN7TwoWire9availableEv
                0x000018fc       0x10 C:\Users\marotron\Documents\Atmel Studio\7.0\MEng_Project_Arm\MEng_Project_02\ArduinoCore\Debug\libArduinoCore.a(Wire.o)
                0x000018fc                _ZN7TwoWire9availableEv
 .text._ZN7TwoWire4readEv
                0x0000190c       0x28 C:\Users\marotron\Documents\Atmel Studio\7.0\MEng_Project_Arm\MEng_Project_02\ArduinoCore\Debug\libArduinoCore.a(Wire.o)
                0x0000190c                _ZN7TwoWire4readEv
 .text._ZN7TwoWire4peekEv
                0x00001934       0x1e C:\Users\marotron\Documents\Atmel Studio\7.0\MEng_Project_Arm\MEng_Project_02\ArduinoCore\Debug\libArduinoCore.a(Wire.o)
                0x00001934                _ZN7TwoWire4peekEv
 .text._ZN7TwoWire5flushEv
                0x00001952        0x2 C:\Users\marotron\Documents\Atmel Studio\7.0\MEng_Project_Arm\MEng_Project_02\ArduinoCore\Debug\libArduinoCore.a(Wire.o)
                0x00001952                _ZN7TwoWire5flushEv
 .text._ZN7TwoWire16onReceiveServiceEPhi
                0x00001954       0x54 C:\Users\marotron\Documents\Atmel Studio\7.0\MEng_Project_Arm\MEng_Project_02\ArduinoCore\Debug\libArduinoCore.a(Wire.o)
                0x00001954                _ZN7TwoWire16onReceiveServiceEPhi
 .text._ZN7TwoWire16onRequestServiceEv
                0x000019a8       0x18 C:\Users\marotron\Documents\Atmel Studio\7.0\MEng_Project_Arm\MEng_Project_02\ArduinoCore\Debug\libArduinoCore.a(Wire.o)
                0x000019a8                _ZN7TwoWire16onRequestServiceEv
 .text._ZN7TwoWire5writeEPKhj
                0x000019c0       0x58 C:\Users\marotron\Documents\Atmel Studio\7.0\MEng_Project_Arm\MEng_Project_02\ArduinoCore\Debug\libArduinoCore.a(Wire.o)
                0x000019c0                _ZN7TwoWire5writeEPKhj
 .text._ZN7TwoWire5writeEh
                0x00001a18       0x5c C:\Users\marotron\Documents\Atmel Studio\7.0\MEng_Project_Arm\MEng_Project_02\ArduinoCore\Debug\libArduinoCore.a(Wire.o)
                0x00001a18                _ZN7TwoWire5writeEh
 .text._ZN7TwoWireC2Ev
                0x00001a74       0x20 C:\Users\marotron\Documents\Atmel Studio\7.0\MEng_Project_Arm\MEng_Project_02\ArduinoCore\Debug\libArduinoCore.a(Wire.o)
                0x00001a74                _ZN7TwoWireC1Ev
                0x00001a74                _ZN7TwoWireC2Ev
 .text._ZN7TwoWire5beginEv
                0x00001a94       0x1e C:\Users\marotron\Documents\Atmel Studio\7.0\MEng_Project_Arm\MEng_Project_02\ArduinoCore\Debug\libArduinoCore.a(Wire.o)
                0x00001a94                _ZN7TwoWire5beginEv
 .text._ZN7TwoWire17beginTransmissionEh
                0x00001ab2       0x14 C:\Users\marotron\Documents\Atmel Studio\7.0\MEng_Project_Arm\MEng_Project_02\ArduinoCore\Debug\libArduinoCore.a(Wire.o)
                0x00001ab2                _ZN7TwoWire17beginTransmissionEh
 .text._ZN7TwoWire15endTransmissionEh
                0x00001ac6       0x24 C:\Users\marotron\Documents\Atmel Studio\7.0\MEng_Project_Arm\MEng_Project_02\ArduinoCore\Debug\libArduinoCore.a(Wire.o)
                0x00001ac6                _ZN7TwoWire15endTransmissionEh
 .text._ZN7TwoWire15endTransmissionEv
                0x00001aea        0x4 C:\Users\marotron\Documents\Atmel Studio\7.0\MEng_Project_Arm\MEng_Project_02\ArduinoCore\Debug\libArduinoCore.a(Wire.o)
                0x00001aea                _ZN7TwoWire15endTransmissionEv
 .text.startup._GLOBAL__sub_I__ZN7TwoWire8rxBufferE
                0x00001aee        0x6 C:\Users\marotron\Documents\Atmel Studio\7.0\MEng_Project_Arm\MEng_Project_02\ArduinoCore\Debug\libArduinoCore.a(Wire.o)
 .text.__empty  0x00001af4        0x2 C:\Users\marotron\Documents\Atmel Studio\7.0\MEng_Project_Arm\MEng_Project_02\ArduinoCore\Debug\libArduinoCore.a(hooks.o)
                0x00001af4                yield
 .text.twi_init
                0x00001af6       0x38 C:\Users\marotron\Documents\Atmel Studio\7.0\MEng_Project_Arm\MEng_Project_02\ArduinoCore\Debug\libArduinoCore.a(twi.o)
                0x00001af6                twi_init
 .text.twi_writeTo
                0x00001b2e       0xac C:\Users\marotron\Documents\Atmel Studio\7.0\MEng_Project_Arm\MEng_Project_02\ArduinoCore\Debug\libArduinoCore.a(twi.o)
                0x00001b2e                twi_writeTo
 .text.twi_transmit
                0x00001bda       0x50 C:\Users\marotron\Documents\Atmel Studio\7.0\MEng_Project_Arm\MEng_Project_02\ArduinoCore\Debug\libArduinoCore.a(twi.o)
                0x00001bda                twi_transmit
 .text.twi_attachSlaveRxEvent
                0x00001c2a        0xa C:\Users\marotron\Documents\Atmel Studio\7.0\MEng_Project_Arm\MEng_Project_02\ArduinoCore\Debug\libArduinoCore.a(twi.o)
                0x00001c2a                twi_attachSlaveRxEvent
 .text.twi_attachSlaveTxEvent
                0x00001c34        0xa C:\Users\marotron\Documents\Atmel Studio\7.0\MEng_Project_Arm\MEng_Project_02\ArduinoCore\Debug\libArduinoCore.a(twi.o)
                0x00001c34                twi_attachSlaveTxEvent
 .text.twi_stop
                0x00001c3e       0x14 C:\Users\marotron\Documents\Atmel Studio\7.0\MEng_Project_Arm\MEng_Project_02\ArduinoCore\Debug\libArduinoCore.a(twi.o)
                0x00001c3e                twi_stop
 .text.twi_releaseBus
                0x00001c52        0xc C:\Users\marotron\Documents\Atmel Studio\7.0\MEng_Project_Arm\MEng_Project_02\ArduinoCore\Debug\libArduinoCore.a(twi.o)
                0x00001c52                twi_releaseBus
 .text.__vector_39
                0x00001c5e      0x25c C:\Users\marotron\Documents\Atmel Studio\7.0\MEng_Project_Arm\MEng_Project_02\ArduinoCore\Debug\libArduinoCore.a(twi.o)
                0x00001c5e                __vector_39
 .text.libgcc.div
                0x00001eba       0x44 c:/program files (x86)/atmel/studio/7.0/toolchain/avr8/avr8-gnu-toolchain/bin/../lib/gcc/avr/5.4.0/avr6\libgcc.a(_udivmodsi4.o)
                0x00001eba                __udivmodsi4
 .text.libgcc   0x00001efe       0x10 c:/program files (x86)/atmel/studio/7.0/toolchain/avr8/avr8-gnu-toolchain/bin/../lib/gcc/avr/5.4.0/avr6\libgcc.a(_tablejump2.o)
                0x00001efe                __tablejump2__
 .text.avr-libc
                0x00001f0e       0x5c c:/program files (x86)/atmel/studio/7.0/toolchain/avr8/avr8-gnu-toolchain/bin/../lib/gcc/avr/5.4.0/../../../../avr/lib/avr6\libc.a(sprintf.o)
                0x00001f0e                sprintf
 .text.avr-libc
                0x00001f6a      0x3fa c:/program files (x86)/atmel/studio/7.0/toolchain/avr8/avr8-gnu-toolchain/bin/../lib/gcc/avr/5.4.0/../../../../avr/lib/avr6\libc.a(vfprintf_std.o)
                0x00001f6a                vfprintf
 .text.avr-libc
                0x00002364       0x16 c:/program files (x86)/atmel/studio/7.0/toolchain/avr8/avr8-gnu-toolchain/bin/../lib/gcc/avr/5.4.0/../../../../avr/lib/avr6\libc.a(strnlen_P.o)
                0x00002364                strnlen_P
 .text.avr-libc
                0x0000237a       0x16 c:/program files (x86)/atmel/studio/7.0/toolchain/avr8/avr8-gnu-toolchain/bin/../lib/gcc/avr/5.4.0/../../../../avr/lib/avr6\libc.a(strnlen.o)
                0x0000237a                strnlen
 .text.avr-libc
                0x00002390       0x78 c:/program files (x86)/atmel/studio/7.0/toolchain/avr8/avr8-gnu-toolchain/bin/../lib/gcc/avr/5.4.0/../../../../avr/lib/avr6\libc.a(fputc.o)
                0x00002390                fputc
 .text.avr-libc
                0x00002408       0xbc c:/program files (x86)/atmel/studio/7.0/toolchain/avr8/avr8-gnu-toolchain/bin/../lib/gcc/avr/5.4.0/../../../../avr/lib/avr6\libc.a(ultoa_invert.o)
                0x00002408                __ultoa_invert
                0x000024c4                . = ALIGN (0x2)
 *(.fini9)
 .fini9         0x000024c4        0x0 c:/program files (x86)/atmel/studio/7.0/toolchain/avr8/avr8-gnu-toolchain/bin/../lib/gcc/avr/5.4.0/avr6\libgcc.a(_exit.o)
                0x000024c4                _exit
                0x000024c4                exit
 *(.fini9)
 *(.fini8)
 *(.fini8)
 *(.fini7)
 *(.fini7)
 *(.fini6)
 *(.fini6)
 *(.fini5)
 *(.fini5)
 *(.fini4)
 *(.fini4)
 *(.fini3)
 *(.fini3)
 *(.fini2)
 *(.fini2)
 *(.fini1)
 *(.fini1)
 *(.fini0)
 .fini0         0x000024c4        0x4 c:/program files (x86)/atmel/studio/7.0/toolchain/avr8/avr8-gnu-toolchain/bin/../lib/gcc/avr/5.4.0/avr6\libgcc.a(_exit.o)
 *(.fini0)
                0x000024c8                _etext = .

.data           0x00800200      0x120 load address 0x000024c8
                0x00800200                PROVIDE (__data_start, .)
 *(.data)
 *(.data*)
 .data.angle    0x00800200        0x2 Sketch.o
                0x00800200                angle
 .data.id       0x00800202        0x1 Sketch.o
                0x00800202                id
 *(.gnu.linkonce.d*)
 *(.rodata)
 .rodata        0x00800203        0x8 C:\Users\marotron\Documents\Atmel Studio\7.0\MEng_Project_Arm\MEng_Project_02\ArduinoCore\Debug\libArduinoCore.a(LiquidCrystal_I2C.o)
 *(.rodata*)
 .rodata.str1.1
                0x0080020b       0xe5 Sketch.o
                                 0xea (size before relaxing)
 .rodata._ZTV14HardwareSerial
                0x008002f0       0x12 C:\Users\marotron\Documents\Atmel Studio\7.0\MEng_Project_Arm\MEng_Project_02\ArduinoCore\Debug\libArduinoCore.a(HardwareSerial.o)
                0x008002f0                _ZTV14HardwareSerial
 .rodata._ZTV17LiquidCrystal_I2C
                0x00800302        0xc C:\Users\marotron\Documents\Atmel Studio\7.0\MEng_Project_Arm\MEng_Project_02\ArduinoCore\Debug\libArduinoCore.a(LiquidCrystal_I2C.o)
                0x00800302                _ZTV17LiquidCrystal_I2C
 .rodata._ZTV7TwoWire
                0x0080030e       0x12 C:\Users\marotron\Documents\Atmel Studio\7.0\MEng_Project_Arm\MEng_Project_02\ArduinoCore\Debug\libArduinoCore.a(Wire.o)
                0x0080030e                _ZTV7TwoWire
 *(.gnu.linkonce.r*)
                0x00800320                . = ALIGN (0x2)
                0x00800320                _edata = .
                0x00800320                PROVIDE (__data_end, .)

.bss            0x00800320      0x222
                0x00800320                PROVIDE (__bss_start, .)
 *(.bss)
 *(.bss*)
 .bss.lcd       0x00800320        0xc Sketch.o
                0x00800320                lcd
 .bss.cycle_counter
                0x0080032c        0x2 Sketch.o
                0x0080032c                cycle_counter
 .bss.error_counter
                0x0080032e        0x2 Sketch.o
                0x0080032e                error_counter
 .bss.error_byte_old
                0x00800330        0x1 Sketch.o
                0x00800330                error_byte_old
 .bss.currPos   0x00800331        0x2 Sketch.o
                0x00800331                currPos
 .bss.rotations
                0x00800333        0x2 Sketch.o
                0x00800333                rotations
 .bss.position_old
                0x00800335        0x2 Sketch.o
                0x00800335                position_old
 .bss.startTime
                0x00800337        0x4 Sketch.o
                0x00800337                startTime
 .bss.Serial    0x0080033b       0x9d C:\Users\marotron\Documents\Atmel Studio\7.0\MEng_Project_Arm\MEng_Project_02\ArduinoCore\Debug\libArduinoCore.a(HardwareSerial0.o)
                0x0080033b                Serial
 .bss.Serial1   0x008003d8       0x9d C:\Users\marotron\Documents\Atmel Studio\7.0\MEng_Project_Arm\MEng_Project_02\ArduinoCore\Debug\libArduinoCore.a(HardwareSerial1.o)
                0x008003d8                Serial1
 .bss.timer0_fract
                0x00800475        0x1 C:\Users\marotron\Documents\Atmel Studio\7.0\MEng_Project_Arm\MEng_Project_02\ArduinoCore\Debug\libArduinoCore.a(wiring.o)
 .bss.timer0_millis
                0x00800476        0x4 C:\Users\marotron\Documents\Atmel Studio\7.0\MEng_Project_Arm\MEng_Project_02\ArduinoCore\Debug\libArduinoCore.a(wiring.o)
                0x00800476                timer0_millis
 .bss.timer0_overflow_count
                0x0080047a        0x4 C:\Users\marotron\Documents\Atmel Studio\7.0\MEng_Project_Arm\MEng_Project_02\ArduinoCore\Debug\libArduinoCore.a(wiring.o)
                0x0080047a                timer0_overflow_count
 .bss.Wire      0x0080047e        0xc C:\Users\marotron\Documents\Atmel Studio\7.0\MEng_Project_Arm\MEng_Project_02\ArduinoCore\Debug\libArduinoCore.a(Wire.o)
                0x0080047e                Wire
 .bss._ZN7TwoWire14user_onReceiveE
                0x0080048a        0x2 C:\Users\marotron\Documents\Atmel Studio\7.0\MEng_Project_Arm\MEng_Project_02\ArduinoCore\Debug\libArduinoCore.a(Wire.o)
                0x0080048a                _ZN7TwoWire14user_onReceiveE
 .bss._ZN7TwoWire14user_onRequestE
                0x0080048c        0x2 C:\Users\marotron\Documents\Atmel Studio\7.0\MEng_Project_Arm\MEng_Project_02\ArduinoCore\Debug\libArduinoCore.a(Wire.o)
                0x0080048c                _ZN7TwoWire14user_onRequestE
 .bss._ZN7TwoWire12transmittingE
                0x0080048e        0x1 C:\Users\marotron\Documents\Atmel Studio\7.0\MEng_Project_Arm\MEng_Project_02\ArduinoCore\Debug\libArduinoCore.a(Wire.o)
                0x0080048e                _ZN7TwoWire12transmittingE
 .bss._ZN7TwoWire14txBufferLengthE
                0x0080048f        0x1 C:\Users\marotron\Documents\Atmel Studio\7.0\MEng_Project_Arm\MEng_Project_02\ArduinoCore\Debug\libArduinoCore.a(Wire.o)
                0x0080048f                _ZN7TwoWire14txBufferLengthE
 .bss._ZN7TwoWire13txBufferIndexE
                0x00800490        0x1 C:\Users\marotron\Documents\Atmel Studio\7.0\MEng_Project_Arm\MEng_Project_02\ArduinoCore\Debug\libArduinoCore.a(Wire.o)
                0x00800490                _ZN7TwoWire13txBufferIndexE
 .bss._ZN7TwoWire8txBufferE
                0x00800491       0x20 C:\Users\marotron\Documents\Atmel Studio\7.0\MEng_Project_Arm\MEng_Project_02\ArduinoCore\Debug\libArduinoCore.a(Wire.o)
                0x00800491                _ZN7TwoWire8txBufferE
 .bss._ZN7TwoWire9txAddressE
                0x008004b1        0x1 C:\Users\marotron\Documents\Atmel Studio\7.0\MEng_Project_Arm\MEng_Project_02\ArduinoCore\Debug\libArduinoCore.a(Wire.o)
                0x008004b1                _ZN7TwoWire9txAddressE
 .bss._ZN7TwoWire14rxBufferLengthE
                0x008004b2        0x1 C:\Users\marotron\Documents\Atmel Studio\7.0\MEng_Project_Arm\MEng_Project_02\ArduinoCore\Debug\libArduinoCore.a(Wire.o)
                0x008004b2                _ZN7TwoWire14rxBufferLengthE
 .bss._ZN7TwoWire13rxBufferIndexE
                0x008004b3        0x1 C:\Users\marotron\Documents\Atmel Studio\7.0\MEng_Project_Arm\MEng_Project_02\ArduinoCore\Debug\libArduinoCore.a(Wire.o)
                0x008004b3                _ZN7TwoWire13rxBufferIndexE
 .bss._ZN7TwoWire8rxBufferE
                0x008004b4       0x20 C:\Users\marotron\Documents\Atmel Studio\7.0\MEng_Project_Arm\MEng_Project_02\ArduinoCore\Debug\libArduinoCore.a(Wire.o)
                0x008004b4                _ZN7TwoWire8rxBufferE
 .bss.twi_error
                0x008004d4        0x1 C:\Users\marotron\Documents\Atmel Studio\7.0\MEng_Project_Arm\MEng_Project_02\ArduinoCore\Debug\libArduinoCore.a(twi.o)
 .bss.twi_rxBufferIndex
                0x008004d5        0x1 C:\Users\marotron\Documents\Atmel Studio\7.0\MEng_Project_Arm\MEng_Project_02\ArduinoCore\Debug\libArduinoCore.a(twi.o)
 .bss.twi_rxBuffer
                0x008004d6       0x20 C:\Users\marotron\Documents\Atmel Studio\7.0\MEng_Project_Arm\MEng_Project_02\ArduinoCore\Debug\libArduinoCore.a(twi.o)
 .bss.twi_txBufferLength
                0x008004f6        0x1 C:\Users\marotron\Documents\Atmel Studio\7.0\MEng_Project_Arm\MEng_Project_02\ArduinoCore\Debug\libArduinoCore.a(twi.o)
 .bss.twi_txBufferIndex
                0x008004f7        0x1 C:\Users\marotron\Documents\Atmel Studio\7.0\MEng_Project_Arm\MEng_Project_02\ArduinoCore\Debug\libArduinoCore.a(twi.o)
 .bss.twi_txBuffer
                0x008004f8       0x20 C:\Users\marotron\Documents\Atmel Studio\7.0\MEng_Project_Arm\MEng_Project_02\ArduinoCore\Debug\libArduinoCore.a(twi.o)
 .bss.twi_masterBufferLength
                0x00800518        0x1 C:\Users\marotron\Documents\Atmel Studio\7.0\MEng_Project_Arm\MEng_Project_02\ArduinoCore\Debug\libArduinoCore.a(twi.o)
 .bss.twi_masterBufferIndex
                0x00800519        0x1 C:\Users\marotron\Documents\Atmel Studio\7.0\MEng_Project_Arm\MEng_Project_02\ArduinoCore\Debug\libArduinoCore.a(twi.o)
 .bss.twi_masterBuffer
                0x0080051a       0x20 C:\Users\marotron\Documents\Atmel Studio\7.0\MEng_Project_Arm\MEng_Project_02\ArduinoCore\Debug\libArduinoCore.a(twi.o)
 .bss.twi_onSlaveReceive
                0x0080053a        0x2 C:\Users\marotron\Documents\Atmel Studio\7.0\MEng_Project_Arm\MEng_Project_02\ArduinoCore\Debug\libArduinoCore.a(twi.o)
 .bss.twi_onSlaveTransmit
                0x0080053c        0x2 C:\Users\marotron\Documents\Atmel Studio\7.0\MEng_Project_Arm\MEng_Project_02\ArduinoCore\Debug\libArduinoCore.a(twi.o)
 .bss.twi_inRepStart
                0x0080053e        0x1 C:\Users\marotron\Documents\Atmel Studio\7.0\MEng_Project_Arm\MEng_Project_02\ArduinoCore\Debug\libArduinoCore.a(twi.o)
 .bss.twi_sendStop
                0x0080053f        0x1 C:\Users\marotron\Documents\Atmel Studio\7.0\MEng_Project_Arm\MEng_Project_02\ArduinoCore\Debug\libArduinoCore.a(twi.o)
 .bss.twi_slarw
                0x00800540        0x1 C:\Users\marotron\Documents\Atmel Studio\7.0\MEng_Project_Arm\MEng_Project_02\ArduinoCore\Debug\libArduinoCore.a(twi.o)
 .bss.twi_state
                0x00800541        0x1 C:\Users\marotron\Documents\Atmel Studio\7.0\MEng_Project_Arm\MEng_Project_02\ArduinoCore\Debug\libArduinoCore.a(twi.o)
 *(COMMON)
                0x00800542                PROVIDE (__bss_end, .)
                0x000024c8                __data_load_start = LOADADDR (.data)
                0x000025e8                __data_load_end = (__data_load_start + SIZEOF (.data))

.noinit         0x00800542        0x0
                [!provide]                PROVIDE (__noinit_start, .)
 *(.noinit*)
                [!provide]                PROVIDE (__noinit_end, .)
                0x00800542                _end = .
                0x00800542                PROVIDE (__heap_start, .)

.eeprom         0x00810000        0x0
 *(.eeprom*)
                0x00810000                __eeprom_end = .

.fuse
 *(.fuse)
 *(.lfuse)
 *(.hfuse)
 *(.efuse)

.lock
 *(.lock*)

.signature
 *(.signature*)

.user_signatures
 *(.user_signatures*)

.stab
 *(.stab)

.stabstr
 *(.stabstr)

.stab.excl
 *(.stab.excl)

.stab.exclstr
 *(.stab.exclstr)

.stab.index
 *(.stab.index)

.stab.indexstr
 *(.stab.indexstr)

.comment        0x00000000       0x5c
 *(.comment)
 .comment       0x00000000       0x30 Sketch.o
                                 0x31 (size before relaxing)
 .comment       0x00000030       0x31 C:\Users\marotron\Documents\Atmel Studio\7.0\MEng_Project_Arm\MEng_Project_02\ArduinoCore\Debug\libArduinoCore.a(HardwareSerial.o)
 .comment       0x00000030       0x31 C:\Users\marotron\Documents\Atmel Studio\7.0\MEng_Project_Arm\MEng_Project_02\ArduinoCore\Debug\libArduinoCore.a(HardwareSerial0.o)
 .comment       0x00000030       0x31 C:\Users\marotron\Documents\Atmel Studio\7.0\MEng_Project_Arm\MEng_Project_02\ArduinoCore\Debug\libArduinoCore.a(HardwareSerial1.o)
 .comment       0x00000030       0x31 C:\Users\marotron\Documents\Atmel Studio\7.0\MEng_Project_Arm\MEng_Project_02\ArduinoCore\Debug\libArduinoCore.a(main.o)
 .comment       0x00000030       0x31 C:\Users\marotron\Documents\Atmel Studio\7.0\MEng_Project_Arm\MEng_Project_02\ArduinoCore\Debug\libArduinoCore.a(Print.o)
 .comment       0x00000030       0x31 C:\Users\marotron\Documents\Atmel Studio\7.0\MEng_Project_Arm\MEng_Project_02\ArduinoCore\Debug\libArduinoCore.a(wiring.o)
 .comment       0x00000030       0x31 C:\Users\marotron\Documents\Atmel Studio\7.0\MEng_Project_Arm\MEng_Project_02\ArduinoCore\Debug\libArduinoCore.a(wiring_digital.o)
 .comment       0x00000030       0x31 C:\Users\marotron\Documents\Atmel Studio\7.0\MEng_Project_Arm\MEng_Project_02\ArduinoCore\Debug\libArduinoCore.a(LiquidCrystal_I2C.o)
 .comment       0x00000030       0x31 C:\Users\marotron\Documents\Atmel Studio\7.0\MEng_Project_Arm\MEng_Project_02\ArduinoCore\Debug\libArduinoCore.a(Wire.o)
 .comment       0x00000030       0x31 C:\Users\marotron\Documents\Atmel Studio\7.0\MEng_Project_Arm\MEng_Project_02\ArduinoCore\Debug\libArduinoCore.a(hooks.o)
 .comment       0x00000030       0x31 C:\Users\marotron\Documents\Atmel Studio\7.0\MEng_Project_Arm\MEng_Project_02\ArduinoCore\Debug\libArduinoCore.a(twi.o)
 .comment       0x00000030       0x31 c:/program files (x86)/atmel/studio/7.0/toolchain/avr8/avr8-gnu-toolchain/bin/../lib/gcc/avr/5.4.0/../../../../avr/lib/avr6\libc.a(sprintf.o)
 .comment       0x00000030       0x2c c:/program files (x86)/atmel/studio/7.0/toolchain/avr8/avr8-gnu-toolchain/bin/../lib/gcc/avr/5.4.0/../../../../avr/lib/avr6\libc.a(vfprintf_std.o)
                                 0x2d (size before relaxing)
 .comment       0x0000005c       0x31 c:/program files (x86)/atmel/studio/7.0/toolchain/avr8/avr8-gnu-toolchain/bin/../lib/gcc/avr/5.4.0/../../../../avr/lib/avr6\libc.a(fputc.o)

.note.gnu.avr.deviceinfo
                0x00000000       0x40
 .note.gnu.avr.deviceinfo
                0x00000000       0x40 C:/Program Files (x86)/Atmel/Studio/7.0/Packs/atmel/ATmega_DFP/1.2.209/gcc/dev/atmega2560/avr6/crtatmega2560.o

.note.gnu.build-id
 *(.note.gnu.build-id)

.debug
 *(.debug)

.line
 *(.line)

.debug_srcinfo
 *(.debug_srcinfo)

.debug_sfnames
 *(.debug_sfnames)

.debug_aranges  0x00000000      0x718
 *(.debug_aranges)
 .debug_aranges
                0x00000000      0x168 Sketch.o
 .debug_aranges
                0x00000168       0x68 C:\Users\marotron\Documents\Atmel Studio\7.0\MEng_Project_Arm\MEng_Project_02\ArduinoCore\Debug\libArduinoCore.a(HardwareSerial.o)
 .debug_aranges
                0x000001d0       0x48 C:\Users\marotron\Documents\Atmel Studio\7.0\MEng_Project_Arm\MEng_Project_02\ArduinoCore\Debug\libArduinoCore.a(HardwareSerial0.o)
 .debug_aranges
                0x00000218       0x48 C:\Users\marotron\Documents\Atmel Studio\7.0\MEng_Project_Arm\MEng_Project_02\ArduinoCore\Debug\libArduinoCore.a(HardwareSerial1.o)
 .debug_aranges
                0x00000260       0x30 C:\Users\marotron\Documents\Atmel Studio\7.0\MEng_Project_Arm\MEng_Project_02\ArduinoCore\Debug\libArduinoCore.a(main.o)
 .debug_aranges
                0x00000290      0x100 C:\Users\marotron\Documents\Atmel Studio\7.0\MEng_Project_Arm\MEng_Project_02\ArduinoCore\Debug\libArduinoCore.a(Print.o)
 .debug_aranges
                0x00000390       0x48 C:\Users\marotron\Documents\Atmel Studio\7.0\MEng_Project_Arm\MEng_Project_02\ArduinoCore\Debug\libArduinoCore.a(wiring.o)
 .debug_aranges
                0x000003d8       0x38 C:\Users\marotron\Documents\Atmel Studio\7.0\MEng_Project_Arm\MEng_Project_02\ArduinoCore\Debug\libArduinoCore.a(wiring_digital.o)
 .debug_aranges
                0x00000410      0x170 C:\Users\marotron\Documents\Atmel Studio\7.0\MEng_Project_Arm\MEng_Project_02\ArduinoCore\Debug\libArduinoCore.a(LiquidCrystal_I2C.o)
 .debug_aranges
                0x00000580       0xf8 C:\Users\marotron\Documents\Atmel Studio\7.0\MEng_Project_Arm\MEng_Project_02\ArduinoCore\Debug\libArduinoCore.a(Wire.o)
 .debug_aranges
                0x00000678       0x20 C:\Users\marotron\Documents\Atmel Studio\7.0\MEng_Project_Arm\MEng_Project_02\ArduinoCore\Debug\libArduinoCore.a(hooks.o)
 .debug_aranges
                0x00000698       0x80 C:\Users\marotron\Documents\Atmel Studio\7.0\MEng_Project_Arm\MEng_Project_02\ArduinoCore\Debug\libArduinoCore.a(twi.o)

.debug_pubnames
 *(.debug_pubnames)

.debug_info     0x00000000    0x12594
 *(.debug_info .gnu.linkonce.wi.*)
 .debug_info    0x00000000      0xbbc C:/Program Files (x86)/Atmel/Studio/7.0/Packs/atmel/ATmega_DFP/1.2.209/gcc/dev/atmega2560/avr6/crtatmega2560.o
 .debug_info    0x00000bbc     0x44be Sketch.o
 .debug_info    0x0000507a     0x205e C:\Users\marotron\Documents\Atmel Studio\7.0\MEng_Project_Arm\MEng_Project_02\ArduinoCore\Debug\libArduinoCore.a(HardwareSerial.o)
 .debug_info    0x000070d8     0x1b74 C:\Users\marotron\Documents\Atmel Studio\7.0\MEng_Project_Arm\MEng_Project_02\ArduinoCore\Debug\libArduinoCore.a(HardwareSerial0.o)
 .debug_info    0x00008c4c     0x1b74 C:\Users\marotron\Documents\Atmel Studio\7.0\MEng_Project_Arm\MEng_Project_02\ArduinoCore\Debug\libArduinoCore.a(HardwareSerial1.o)
 .debug_info    0x0000a7c0      0x295 C:\Users\marotron\Documents\Atmel Studio\7.0\MEng_Project_Arm\MEng_Project_02\ArduinoCore\Debug\libArduinoCore.a(main.o)
 .debug_info    0x0000aa55     0x295d C:\Users\marotron\Documents\Atmel Studio\7.0\MEng_Project_Arm\MEng_Project_02\ArduinoCore\Debug\libArduinoCore.a(Print.o)
 .debug_info    0x0000d3b2      0x329 C:\Users\marotron\Documents\Atmel Studio\7.0\MEng_Project_Arm\MEng_Project_02\ArduinoCore\Debug\libArduinoCore.a(wiring.o)
 .debug_info    0x0000d6db      0x63a C:\Users\marotron\Documents\Atmel Studio\7.0\MEng_Project_Arm\MEng_Project_02\ArduinoCore\Debug\libArduinoCore.a(wiring_digital.o)
 .debug_info    0x0000dd15     0x1a2f C:\Users\marotron\Documents\Atmel Studio\7.0\MEng_Project_Arm\MEng_Project_02\ArduinoCore\Debug\libArduinoCore.a(LiquidCrystal_I2C.o)
 .debug_info    0x0000f744     0x27b0 C:\Users\marotron\Documents\Atmel Studio\7.0\MEng_Project_Arm\MEng_Project_02\ArduinoCore\Debug\libArduinoCore.a(Wire.o)
 .debug_info    0x00011ef4       0x3e C:\Users\marotron\Documents\Atmel Studio\7.0\MEng_Project_Arm\MEng_Project_02\ArduinoCore\Debug\libArduinoCore.a(hooks.o)
 .debug_info    0x00011f32      0x662 C:\Users\marotron\Documents\Atmel Studio\7.0\MEng_Project_Arm\MEng_Project_02\ArduinoCore\Debug\libArduinoCore.a(twi.o)

.debug_abbrev   0x00000000     0x318c
 *(.debug_abbrev)
 .debug_abbrev  0x00000000      0xb1a C:/Program Files (x86)/Atmel/Studio/7.0/Packs/atmel/ATmega_DFP/1.2.209/gcc/dev/atmega2560/avr6/crtatmega2560.o
 .debug_abbrev  0x00000b1a      0x5ec Sketch.o
 .debug_abbrev  0x00001106      0x4b7 C:\Users\marotron\Documents\Atmel Studio\7.0\MEng_Project_Arm\MEng_Project_02\ArduinoCore\Debug\libArduinoCore.a(HardwareSerial.o)
 .debug_abbrev  0x000015bd      0x3ce C:\Users\marotron\Documents\Atmel Studio\7.0\MEng_Project_Arm\MEng_Project_02\ArduinoCore\Debug\libArduinoCore.a(HardwareSerial0.o)
 .debug_abbrev  0x0000198b      0x3ce C:\Users\marotron\Documents\Atmel Studio\7.0\MEng_Project_Arm\MEng_Project_02\ArduinoCore\Debug\libArduinoCore.a(HardwareSerial1.o)
 .debug_abbrev  0x00001d59      0x12d C:\Users\marotron\Documents\Atmel Studio\7.0\MEng_Project_Arm\MEng_Project_02\ArduinoCore\Debug\libArduinoCore.a(main.o)
 .debug_abbrev  0x00001e86      0x47a C:\Users\marotron\Documents\Atmel Studio\7.0\MEng_Project_Arm\MEng_Project_02\ArduinoCore\Debug\libArduinoCore.a(Print.o)
 .debug_abbrev  0x00002300      0x146 C:\Users\marotron\Documents\Atmel Studio\7.0\MEng_Project_Arm\MEng_Project_02\ArduinoCore\Debug\libArduinoCore.a(wiring.o)
 .debug_abbrev  0x00002446      0x15a C:\Users\marotron\Documents\Atmel Studio\7.0\MEng_Project_Arm\MEng_Project_02\ArduinoCore\Debug\libArduinoCore.a(wiring_digital.o)
 .debug_abbrev  0x000025a0      0x3e1 C:\Users\marotron\Documents\Atmel Studio\7.0\MEng_Project_Arm\MEng_Project_02\ArduinoCore\Debug\libArduinoCore.a(LiquidCrystal_I2C.o)
 .debug_abbrev  0x00002981      0x581 C:\Users\marotron\Documents\Atmel Studio\7.0\MEng_Project_Arm\MEng_Project_02\ArduinoCore\Debug\libArduinoCore.a(Wire.o)
 .debug_abbrev  0x00002f02       0x2a C:\Users\marotron\Documents\Atmel Studio\7.0\MEng_Project_Arm\MEng_Project_02\ArduinoCore\Debug\libArduinoCore.a(hooks.o)
 .debug_abbrev  0x00002f2c      0x260 C:\Users\marotron\Documents\Atmel Studio\7.0\MEng_Project_Arm\MEng_Project_02\ArduinoCore\Debug\libArduinoCore.a(twi.o)

.debug_line     0x00000000     0x3a4f
 *(.debug_line .debug_line.* .debug_line_end)
 .debug_line    0x00000000      0x1f9 C:/Program Files (x86)/Atmel/Studio/7.0/Packs/atmel/ATmega_DFP/1.2.209/gcc/dev/atmega2560/avr6/crtatmega2560.o
 .debug_line    0x000001f9      0xe01 Sketch.o
 .debug_line    0x00000ffa      0x527 C:\Users\marotron\Documents\Atmel Studio\7.0\MEng_Project_Arm\MEng_Project_02\ArduinoCore\Debug\libArduinoCore.a(HardwareSerial.o)
 .debug_line    0x00001521      0x288 C:\Users\marotron\Documents\Atmel Studio\7.0\MEng_Project_Arm\MEng_Project_02\ArduinoCore\Debug\libArduinoCore.a(HardwareSerial0.o)
 .debug_line    0x000017a9      0x288 C:\Users\marotron\Documents\Atmel Studio\7.0\MEng_Project_Arm\MEng_Project_02\ArduinoCore\Debug\libArduinoCore.a(HardwareSerial1.o)
 .debug_line    0x00001a31      0x161 C:\Users\marotron\Documents\Atmel Studio\7.0\MEng_Project_Arm\MEng_Project_02\ArduinoCore\Debug\libArduinoCore.a(main.o)
 .debug_line    0x00001b92      0x681 C:\Users\marotron\Documents\Atmel Studio\7.0\MEng_Project_Arm\MEng_Project_02\ArduinoCore\Debug\libArduinoCore.a(Print.o)
 .debug_line    0x00002213      0x2cb C:\Users\marotron\Documents\Atmel Studio\7.0\MEng_Project_Arm\MEng_Project_02\ArduinoCore\Debug\libArduinoCore.a(wiring.o)
 .debug_line    0x000024de      0x284 C:\Users\marotron\Documents\Atmel Studio\7.0\MEng_Project_Arm\MEng_Project_02\ArduinoCore\Debug\libArduinoCore.a(wiring_digital.o)
 .debug_line    0x00002762      0x7cf C:\Users\marotron\Documents\Atmel Studio\7.0\MEng_Project_Arm\MEng_Project_02\ArduinoCore\Debug\libArduinoCore.a(LiquidCrystal_I2C.o)
 .debug_line    0x00002f31      0x5ec C:\Users\marotron\Documents\Atmel Studio\7.0\MEng_Project_Arm\MEng_Project_02\ArduinoCore\Debug\libArduinoCore.a(Wire.o)
 .debug_line    0x0000351d       0x41 C:\Users\marotron\Documents\Atmel Studio\7.0\MEng_Project_Arm\MEng_Project_02\ArduinoCore\Debug\libArduinoCore.a(hooks.o)
 .debug_line    0x0000355e      0x4f1 C:\Users\marotron\Documents\Atmel Studio\7.0\MEng_Project_Arm\MEng_Project_02\ArduinoCore\Debug\libArduinoCore.a(twi.o)

.debug_frame    0x00000000     0x14bc
 *(.debug_frame)
 .debug_frame   0x00000000      0x554 Sketch.o
 .debug_frame   0x00000554      0x110 C:\Users\marotron\Documents\Atmel Studio\7.0\MEng_Project_Arm\MEng_Project_02\ArduinoCore\Debug\libArduinoCore.a(HardwareSerial.o)
 .debug_frame   0x00000664       0xe0 C:\Users\marotron\Documents\Atmel Studio\7.0\MEng_Project_Arm\MEng_Project_02\ArduinoCore\Debug\libArduinoCore.a(HardwareSerial0.o)
 .debug_frame   0x00000744       0xe0 C:\Users\marotron\Documents\Atmel Studio\7.0\MEng_Project_Arm\MEng_Project_02\ArduinoCore\Debug\libArduinoCore.a(HardwareSerial1.o)
 .debug_frame   0x00000824       0x54 C:\Users\marotron\Documents\Atmel Studio\7.0\MEng_Project_Arm\MEng_Project_02\ArduinoCore\Debug\libArduinoCore.a(main.o)
 .debug_frame   0x00000878      0x3ac C:\Users\marotron\Documents\Atmel Studio\7.0\MEng_Project_Arm\MEng_Project_02\ArduinoCore\Debug\libArduinoCore.a(Print.o)
 .debug_frame   0x00000c24       0xc4 C:\Users\marotron\Documents\Atmel Studio\7.0\MEng_Project_Arm\MEng_Project_02\ArduinoCore\Debug\libArduinoCore.a(wiring.o)
 .debug_frame   0x00000ce8       0x7c C:\Users\marotron\Documents\Atmel Studio\7.0\MEng_Project_Arm\MEng_Project_02\ArduinoCore\Debug\libArduinoCore.a(wiring_digital.o)
 .debug_frame   0x00000d64      0x380 C:\Users\marotron\Documents\Atmel Studio\7.0\MEng_Project_Arm\MEng_Project_02\ArduinoCore\Debug\libArduinoCore.a(LiquidCrystal_I2C.o)
 .debug_frame   0x000010e4      0x280 C:\Users\marotron\Documents\Atmel Studio\7.0\MEng_Project_Arm\MEng_Project_02\ArduinoCore\Debug\libArduinoCore.a(Wire.o)
 .debug_frame   0x00001364       0x24 C:\Users\marotron\Documents\Atmel Studio\7.0\MEng_Project_Arm\MEng_Project_02\ArduinoCore\Debug\libArduinoCore.a(hooks.o)
 .debug_frame   0x00001388      0x134 C:\Users\marotron\Documents\Atmel Studio\7.0\MEng_Project_Arm\MEng_Project_02\ArduinoCore\Debug\libArduinoCore.a(twi.o)

.debug_str      0x00000000     0x3953
 *(.debug_str)
 .debug_str     0x00000000      0x3e6 C:/Program Files (x86)/Atmel/Studio/7.0/Packs/atmel/ATmega_DFP/1.2.209/gcc/dev/atmega2560/avr6/crtatmega2560.o
 .debug_str     0x000003e6     0x161f Sketch.o
                               0x1706 (size before relaxing)
 .debug_str     0x00001a05      0x85e C:\Users\marotron\Documents\Atmel Studio\7.0\MEng_Project_Arm\MEng_Project_02\ArduinoCore\Debug\libArduinoCore.a(HardwareSerial.o)
                               0x16ff (size before relaxing)
 .debug_str     0x00002263       0x86 C:\Users\marotron\Documents\Atmel Studio\7.0\MEng_Project_Arm\MEng_Project_02\ArduinoCore\Debug\libArduinoCore.a(HardwareSerial0.o)
                               0x141a (size before relaxing)
 .debug_str     0x000022e9       0x47 C:\Users\marotron\Documents\Atmel Studio\7.0\MEng_Project_Arm\MEng_Project_02\ArduinoCore\Debug\libArduinoCore.a(HardwareSerial1.o)
                               0x141b (size before relaxing)
 .debug_str     0x00002330       0x37 C:\Users\marotron\Documents\Atmel Studio\7.0\MEng_Project_Arm\MEng_Project_02\ArduinoCore\Debug\libArduinoCore.a(main.o)
                                0x2c6 (size before relaxing)
 .debug_str     0x00002367      0x33c C:\Users\marotron\Documents\Atmel Studio\7.0\MEng_Project_Arm\MEng_Project_02\ArduinoCore\Debug\libArduinoCore.a(Print.o)
                               0x1254 (size before relaxing)
 .debug_str     0x000026a3      0x164 C:\Users\marotron\Documents\Atmel Studio\7.0\MEng_Project_Arm\MEng_Project_02\ArduinoCore\Debug\libArduinoCore.a(wiring.o)
                                0x25c (size before relaxing)
 .debug_str     0x00002807       0xc2 C:\Users\marotron\Documents\Atmel Studio\7.0\MEng_Project_Arm\MEng_Project_02\ArduinoCore\Debug\libArduinoCore.a(wiring_digital.o)
                                0x2c1 (size before relaxing)
 .debug_str     0x000028c9      0xa13 C:\Users\marotron\Documents\Atmel Studio\7.0\MEng_Project_Arm\MEng_Project_02\ArduinoCore\Debug\libArduinoCore.a(LiquidCrystal_I2C.o)
                                0xe23 (size before relaxing)
 .debug_str     0x000032dc      0x50a C:\Users\marotron\Documents\Atmel Studio\7.0\MEng_Project_Arm\MEng_Project_02\ArduinoCore\Debug\libArduinoCore.a(Wire.o)
                               0x18d3 (size before relaxing)
 .debug_str     0x000037e6       0x1c C:\Users\marotron\Documents\Atmel Studio\7.0\MEng_Project_Arm\MEng_Project_02\ArduinoCore\Debug\libArduinoCore.a(hooks.o)
                                0x151 (size before relaxing)
 .debug_str     0x00003802      0x151 C:\Users\marotron\Documents\Atmel Studio\7.0\MEng_Project_Arm\MEng_Project_02\ArduinoCore\Debug\libArduinoCore.a(twi.o)
                                0x3dc (size before relaxing)

.debug_loc      0x00000000     0x6567
 *(.debug_loc)
 .debug_loc     0x00000000     0x1c5e Sketch.o
 .debug_loc     0x00001c5e      0x4dc C:\Users\marotron\Documents\Atmel Studio\7.0\MEng_Project_Arm\MEng_Project_02\ArduinoCore\Debug\libArduinoCore.a(HardwareSerial.o)
 .debug_loc     0x0000213a      0x1b0 C:\Users\marotron\Documents\Atmel Studio\7.0\MEng_Project_Arm\MEng_Project_02\ArduinoCore\Debug\libArduinoCore.a(HardwareSerial0.o)
 .debug_loc     0x000022ea      0x1b0 C:\Users\marotron\Documents\Atmel Studio\7.0\MEng_Project_Arm\MEng_Project_02\ArduinoCore\Debug\libArduinoCore.a(HardwareSerial1.o)
 .debug_loc     0x0000249a     0x1c87 C:\Users\marotron\Documents\Atmel Studio\7.0\MEng_Project_Arm\MEng_Project_02\ArduinoCore\Debug\libArduinoCore.a(Print.o)
 .debug_loc     0x00004121      0x28d C:\Users\marotron\Documents\Atmel Studio\7.0\MEng_Project_Arm\MEng_Project_02\ArduinoCore\Debug\libArduinoCore.a(wiring.o)
 .debug_loc     0x000043ae      0x56b C:\Users\marotron\Documents\Atmel Studio\7.0\MEng_Project_Arm\MEng_Project_02\ArduinoCore\Debug\libArduinoCore.a(wiring_digital.o)
 .debug_loc     0x00004919      0xc82 C:\Users\marotron\Documents\Atmel Studio\7.0\MEng_Project_Arm\MEng_Project_02\ArduinoCore\Debug\libArduinoCore.a(LiquidCrystal_I2C.o)
 .debug_loc     0x0000559b      0xbe6 C:\Users\marotron\Documents\Atmel Studio\7.0\MEng_Project_Arm\MEng_Project_02\ArduinoCore\Debug\libArduinoCore.a(Wire.o)
 .debug_loc     0x00006181      0x3e6 C:\Users\marotron\Documents\Atmel Studio\7.0\MEng_Project_Arm\MEng_Project_02\ArduinoCore\Debug\libArduinoCore.a(twi.o)

.debug_macinfo
 *(.debug_macinfo)

.debug_weaknames
 *(.debug_weaknames)

.debug_funcnames
 *(.debug_funcnames)

.debug_typenames
 *(.debug_typenames)

.debug_varnames
 *(.debug_varnames)

.debug_pubtypes
 *(.debug_pubtypes)

.debug_ranges   0x00000000      0x6b8
 *(.debug_ranges)
 .debug_ranges  0x00000000      0x188 Sketch.o
 .debug_ranges  0x00000188       0x58 C:\Users\marotron\Documents\Atmel Studio\7.0\MEng_Project_Arm\MEng_Project_02\ArduinoCore\Debug\libArduinoCore.a(HardwareSerial.o)
 .debug_ranges  0x000001e0       0x38 C:\Users\marotron\Documents\Atmel Studio\7.0\MEng_Project_Arm\MEng_Project_02\ArduinoCore\Debug\libArduinoCore.a(HardwareSerial0.o)
 .debug_ranges  0x00000218       0x38 C:\Users\marotron\Documents\Atmel Studio\7.0\MEng_Project_Arm\MEng_Project_02\ArduinoCore\Debug\libArduinoCore.a(HardwareSerial1.o)
 .debug_ranges  0x00000250       0x20 C:\Users\marotron\Documents\Atmel Studio\7.0\MEng_Project_Arm\MEng_Project_02\ArduinoCore\Debug\libArduinoCore.a(main.o)
 .debug_ranges  0x00000270      0x120 C:\Users\marotron\Documents\Atmel Studio\7.0\MEng_Project_Arm\MEng_Project_02\ArduinoCore\Debug\libArduinoCore.a(Print.o)
 .debug_ranges  0x00000390       0x38 C:\Users\marotron\Documents\Atmel Studio\7.0\MEng_Project_Arm\MEng_Project_02\ArduinoCore\Debug\libArduinoCore.a(wiring.o)
 .debug_ranges  0x000003c8       0x28 C:\Users\marotron\Documents\Atmel Studio\7.0\MEng_Project_Arm\MEng_Project_02\ArduinoCore\Debug\libArduinoCore.a(wiring_digital.o)
 .debug_ranges  0x000003f0      0x160 C:\Users\marotron\Documents\Atmel Studio\7.0\MEng_Project_Arm\MEng_Project_02\ArduinoCore\Debug\libArduinoCore.a(LiquidCrystal_I2C.o)
 .debug_ranges  0x00000550       0xe8 C:\Users\marotron\Documents\Atmel Studio\7.0\MEng_Project_Arm\MEng_Project_02\ArduinoCore\Debug\libArduinoCore.a(Wire.o)
 .debug_ranges  0x00000638       0x10 C:\Users\marotron\Documents\Atmel Studio\7.0\MEng_Project_Arm\MEng_Project_02\ArduinoCore\Debug\libArduinoCore.a(hooks.o)
 .debug_ranges  0x00000648       0x70 C:\Users\marotron\Documents\Atmel Studio\7.0\MEng_Project_Arm\MEng_Project_02\ArduinoCore\Debug\libArduinoCore.a(twi.o)

.debug_macro
 *(.debug_macro)
OUTPUT(toImportToAS7.elf elf32-avr)
LOAD linker stubs
