Archive member included to satisfy reference by file (symbol)

c:/program files (x86)/atmel/studio/7.0/toolchain/avr8/avr8-gnu-toolchain/bin/../lib/gcc/avr/5.4.0/../../../../avr/lib/avr6\libm.a(fixsfsi.o)
                              Main.o (__fixsfsi)
c:/program files (x86)/atmel/studio/7.0/toolchain/avr8/avr8-gnu-toolchain/bin/../lib/gcc/avr/5.4.0/../../../../avr/lib/avr6\libm.a(fixunssfsi.o)
                              c:/program files (x86)/atmel/studio/7.0/toolchain/avr8/avr8-gnu-toolchain/bin/../lib/gcc/avr/5.4.0/../../../../avr/lib/avr6\libm.a(fixsfsi.o) (__fixunssfsi)
c:/program files (x86)/atmel/studio/7.0/toolchain/avr8/avr8-gnu-toolchain/bin/../lib/gcc/avr/5.4.0/../../../../avr/lib/avr6\libm.a(floatsisf.o)
                              Main.o (__floatsisf)
c:/program files (x86)/atmel/studio/7.0/toolchain/avr8/avr8-gnu-toolchain/bin/../lib/gcc/avr/5.4.0/../../../../avr/lib/avr6\libm.a(fp_split3.o)
                              c:/program files (x86)/atmel/studio/7.0/toolchain/avr8/avr8-gnu-toolchain/bin/../lib/gcc/avr/5.4.0/../../../../avr/lib/avr6\libm.a(fixunssfsi.o) (__fp_splitA)
c:/program files (x86)/atmel/studio/7.0/toolchain/avr8/avr8-gnu-toolchain/bin/../lib/gcc/avr/5.4.0/../../../../avr/lib/avr6\libm.a(fp_zero.o)
                              c:/program files (x86)/atmel/studio/7.0/toolchain/avr8/avr8-gnu-toolchain/bin/../lib/gcc/avr/5.4.0/../../../../avr/lib/avr6\libm.a(fixunssfsi.o) (__fp_zero)
c:/program files (x86)/atmel/studio/7.0/toolchain/avr8/avr8-gnu-toolchain/bin/../lib/gcc/avr/5.4.0/../../../../avr/lib/avr6\libm.a(mulsf3.o)
                              Main.o (__mulsf3)
c:/program files (x86)/atmel/studio/7.0/toolchain/avr8/avr8-gnu-toolchain/bin/../lib/gcc/avr/5.4.0/../../../../avr/lib/avr6\libm.a(mulsf3x.o)
                              c:/program files (x86)/atmel/studio/7.0/toolchain/avr8/avr8-gnu-toolchain/bin/../lib/gcc/avr/5.4.0/../../../../avr/lib/avr6\libm.a(mulsf3.o) (__mulsf3x)
c:/program files (x86)/atmel/studio/7.0/toolchain/avr8/avr8-gnu-toolchain/bin/../lib/gcc/avr/5.4.0/../../../../avr/lib/avr6\libm.a(fp_inf.o)
                              c:/program files (x86)/atmel/studio/7.0/toolchain/avr8/avr8-gnu-toolchain/bin/../lib/gcc/avr/5.4.0/../../../../avr/lib/avr6\libm.a(mulsf3x.o) (__fp_inf)
c:/program files (x86)/atmel/studio/7.0/toolchain/avr8/avr8-gnu-toolchain/bin/../lib/gcc/avr/5.4.0/../../../../avr/lib/avr6\libm.a(fp_nan.o)
                              c:/program files (x86)/atmel/studio/7.0/toolchain/avr8/avr8-gnu-toolchain/bin/../lib/gcc/avr/5.4.0/../../../../avr/lib/avr6\libm.a(mulsf3x.o) (__fp_nan)
c:/program files (x86)/atmel/studio/7.0/toolchain/avr8/avr8-gnu-toolchain/bin/../lib/gcc/avr/5.4.0/../../../../avr/lib/avr6\libm.a(fp_pscA.o)
                              c:/program files (x86)/atmel/studio/7.0/toolchain/avr8/avr8-gnu-toolchain/bin/../lib/gcc/avr/5.4.0/../../../../avr/lib/avr6\libm.a(mulsf3x.o) (__fp_pscA)
c:/program files (x86)/atmel/studio/7.0/toolchain/avr8/avr8-gnu-toolchain/bin/../lib/gcc/avr/5.4.0/../../../../avr/lib/avr6\libm.a(fp_pscB.o)
                              c:/program files (x86)/atmel/studio/7.0/toolchain/avr8/avr8-gnu-toolchain/bin/../lib/gcc/avr/5.4.0/../../../../avr/lib/avr6\libm.a(mulsf3x.o) (__fp_pscB)
c:/program files (x86)/atmel/studio/7.0/toolchain/avr8/avr8-gnu-toolchain/bin/../lib/gcc/avr/5.4.0/../../../../avr/lib/avr6\libm.a(fp_round.o)
                              c:/program files (x86)/atmel/studio/7.0/toolchain/avr8/avr8-gnu-toolchain/bin/../lib/gcc/avr/5.4.0/../../../../avr/lib/avr6\libm.a(mulsf3.o) (__fp_round)
C:\Users\marotron\Documents\Atmel Studio\7.0\MEng_Project_Arm\MEng_Project_02\ArduinoCore\Debug\libArduinoCore.a(HardwareSerial.o)
                              Main.o (_ZN14HardwareSerial9availableEv)
C:\Users\marotron\Documents\Atmel Studio\7.0\MEng_Project_Arm\MEng_Project_02\ArduinoCore\Debug\libArduinoCore.a(HardwareSerial0.o)
                              Main.o (Serial)
C:\Users\marotron\Documents\Atmel Studio\7.0\MEng_Project_Arm\MEng_Project_02\ArduinoCore\Debug\libArduinoCore.a(HardwareSerial1.o)
                              Main.o (Serial1)
C:\Users\marotron\Documents\Atmel Studio\7.0\MEng_Project_Arm\MEng_Project_02\ArduinoCore\Debug\libArduinoCore.a(main.o)
                              C:/Program Files (x86)/Atmel/Studio/7.0/Packs/atmel/ATmega_DFP/1.2.209/gcc/dev/atmega2560/avr6/crtatmega2560.o (main)
C:\Users\marotron\Documents\Atmel Studio\7.0\MEng_Project_Arm\MEng_Project_02\ArduinoCore\Debug\libArduinoCore.a(Print.o)
                              Main.o (_ZN5Print5writeEPKhj)
C:\Users\marotron\Documents\Atmel Studio\7.0\MEng_Project_Arm\MEng_Project_02\ArduinoCore\Debug\libArduinoCore.a(wiring.o)
                              Main.o (millis)
C:\Users\marotron\Documents\Atmel Studio\7.0\MEng_Project_Arm\MEng_Project_02\ArduinoCore\Debug\libArduinoCore.a(wiring_digital.o)
                              Main.o (pinMode)
[...]
Memory Configuration

Name             Origin             Length             Attributes
text             0x00000000         0x00100000         xr
data             0x00800200         0x0000fe00         rw !x
eeprom           0x00810000         0x00010000         rw !x
fuse             0x00820000         0x00000003         rw !x
lock             0x00830000         0x00000400         rw !x
signature        0x00840000         0x00000400         rw !x
user_signatures  0x00850000         0x00000400         rw !x
*default*        0x00000000         0xffffffff

Linker script and memory map

Address of section .data set to 0x800200
LOAD C:/Program Files (x86)/Atmel/Studio/7.0/Packs/atmel/ATmega_DFP/1.2.209/gcc/dev/atmega2560/avr6/crtatmega2560.o
LOAD Main.o
START GROUP
LOAD c:/program files (x86)/atmel/studio/7.0/toolchain/avr8/avr8-gnu-toolchain/bin/../lib/gcc/avr/5.4.0/../../../../avr/lib/avr6\libm.a
LOAD C:\Users\marotron\Documents\Atmel Studio\7.0\MEng_Project_Arm\MEng_Project_02\ArduinoCore\Debug\libArduinoCore.a
END GROUP
LOAD c:/program files (x86)/atmel/studio/7.0/toolchain/avr8/avr8-gnu-toolchain/bin/../lib/gcc/avr/5.4.0/avr6\libgcc.a
LOAD c:/program files (x86)/atmel/studio/7.0/toolchain/avr8/avr8-gnu-toolchain/bin/../lib/gcc/avr/5.4.0/../../../../avr/lib/avr6\libm.a
START GROUP
LOAD c:/program files (x86)/atmel/studio/7.0/toolchain/avr8/avr8-gnu-toolchain/bin/../lib/gcc/avr/5.4.0/avr6\libgcc.a
LOAD c:/program files (x86)/atmel/studio/7.0/toolchain/avr8/avr8-gnu-toolchain/bin/../lib/gcc/avr/5.4.0/../../../../avr/lib/avr6\libm.a
LOAD c:/program files (x86)/atmel/studio/7.0/toolchain/avr8/avr8-gnu-toolchain/bin/../lib/gcc/avr/5.4.0/../../../../avr/lib/avr6\libc.a
LOAD C:/Program Files (x86)/Atmel/Studio/7.0/Packs/atmel/ATmega_DFP/1.2.209/gcc/dev/atmega2560/avr6\libatmega2560.a
END GROUP
                0x00100000                __TEXT_REGION_LENGTH__ = DEFINED (__TEXT_REGION_LENGTH__)?__TEXT_REGION_LENGTH__:0x100000
                0x0000fe00                __DATA_REGION_LENGTH__ = DEFINED (__DATA_REGION_LENGTH__)?__DATA_REGION_LENGTH__:0xfe00
                0x00010000                __EEPROM_REGION_LENGTH__ = DEFINED (__EEPROM_REGION_LENGTH__)?__EEPROM_REGION_LENGTH__:0x10000
                [0x00000003]                __FUSE_REGION_LENGTH__ = DEFINED (__FUSE_REGION_LENGTH__)?__FUSE_REGION_LENGTH__:0x400
                0x00000400                __LOCK_REGION_LENGTH__ = DEFINED (__LOCK_REGION_LENGTH__)?__LOCK_REGION_LENGTH__:0x400
                0x00000400                __SIGNATURE_REGION_LENGTH__ = DEFINED (__SIGNATURE_REGION_LENGTH__)?__SIGNATURE_REGION_LENGTH__:0x400
                0x00000400                __USER_SIGNATURE_REGION_LENGTH__ = DEFINED (__USER_SIGNATURE_REGION_LENGTH__)?__USER_SIGNATURE_REGION_LENGTH__:0x400

.hash
 *(.hash)

.dynsym
 *(.dynsym)

.dynstr
 *(.dynstr)

.gnu.version
 *(.gnu.version)

.gnu.version_d
 *(.gnu.version_d)

.gnu.version_r
 *(.gnu.version_r)

.rel.init
 *(.rel.init)

.rela.init
 *(.rela.init)

.rel.text
 *(.rel.text)
 *(.rel.text.*)
 *(.rel.gnu.linkonce.t*)

.rela.text
 *(.rela.text)
 *(.rela.text.*)
 *(.rela.gnu.linkonce.t*)

.rel.fini
 *(.rel.fini)

.rela.fini
 *(.rela.fini)

.rel.rodata
 *(.rel.rodata)
 *(.rel.rodata.*)
 *(.rel.gnu.linkonce.r*)

.rela.rodata
 *(.rela.rodata)
 *(.rela.rodata.*)
 *(.rela.gnu.linkonce.r*)

.rel.data
 *(.rel.data)
 *(.rel.data.*)
 *(.rel.gnu.linkonce.d*)

.rela.data
 *(.rela.data)
 *(.rela.data.*)
 *(.rela.gnu.linkonce.d*)

.rel.ctors
 *(.rel.ctors)

.rela.ctors
 *(.rela.ctors)

.rel.dtors
 *(.rel.dtors)

.rela.dtors
 *(.rela.dtors)

.rel.got
 *(.rel.got)

.rela.got
 *(.rela.got)

.rel.bss
 *(.rel.bss)

.rela.bss
 *(.rela.bss)

.rel.plt
 *(.rel.plt)

.rela.plt
 *(.rela.plt)

.text           0x00000000     0x2690
 *(.vectors)
 .vectors       0x00000000       0xe4 C:/Program Files (x86)/Atmel/Studio/7.0/Packs/atmel/ATmega_DFP/1.2.209/gcc/dev/atmega2560/avr6/crtatmega2560.o
                0x00000000                __vector_default
                0x00000000                __vectors
 *(.vectors)
 *(.progmem.gcc*)
 .progmem.gcc_sw_table.turnOffPWM
                0x000000e4       0x24 C:\Users\marotron\Documents\Atmel Studio\7.0\MEng_Project_Arm\MEng_Project_02\ArduinoCore\Debug\libArduinoCore.a(wiring_digital.o)
                0x00000108                . = ALIGN (0x2)
                0x00000108                __trampolines_start = .
 *(.trampolines)
 .trampolines   0x00000108        0x0 linker stubs
 *(.trampolines*)
                0x00000108                __trampolines_end = .
 *libprintf_flt.a:*(.progmem.data)
 *libc.a:*(.progmem.data)
 *(.progmem*)
 .progmem.data.digital_pin_to_timer_PGM
                0x00000108       0x46 C:\Users\marotron\Documents\Atmel Studio\7.0\MEng_Project_Arm\MEng_Project_02\ArduinoCore\Debug\libArduinoCore.a(wiring_digital.o)
                0x00000108                digital_pin_to_timer_PGM
 .progmem.data.digital_pin_to_bit_mask_PGM
                0x0000014e       0x46 C:\Users\marotron\Documents\Atmel Studio\7.0\MEng_Project_Arm\MEng_Project_02\ArduinoCore\Debug\libArduinoCore.a(wiring_digital.o)
                0x0000014e                digital_pin_to_bit_mask_PGM
 .progmem.data.digital_pin_to_port_PGM
                0x00000194       0x46 C:\Users\marotron\Documents\Atmel Studio\7.0\MEng_Project_Arm\MEng_Project_02\ArduinoCore\Debug\libArduinoCore.a(wiring_digital.o)
                0x00000194                digital_pin_to_port_PGM
 .progmem.data.port_to_output_PGM
                0x000001da       0x1a C:\Users\marotron\Documents\Atmel Studio\7.0\MEng_Project_Arm\MEng_Project_02\ArduinoCore\Debug\libArduinoCore.a(wiring_digital.o)
                0x000001da                port_to_output_PGM
 .progmem.data.port_to_mode_PGM
                0x000001f4       0x1a C:\Users\marotron\Documents\Atmel Studio\7.0\MEng_Project_Arm\MEng_Project_02\ArduinoCore\Debug\libArduinoCore.a(wiring_digital.o)
                0x000001f4                port_to_mode_PGM
                0x0000020e                . = ALIGN (0x2)
 *(.jumptables)
 *(.jumptables*)
 *(.lowtext)
 *(.lowtext*)
                0x0000020e                __ctors_start = .
 *(.ctors)
 .ctors         0x0000020e        0x2 Main.o
 .ctors         0x00000210        0x2 C:\Users\marotron\Documents\Atmel Studio\7.0\MEng_Project_Arm\MEng_Project_02\ArduinoCore\Debug\libArduinoCore.a(HardwareSerial0.o)
 .ctors         0x00000212        0x2 C:\Users\marotron\Documents\Atmel Studio\7.0\MEng_Project_Arm\MEng_Project_02\ArduinoCore\Debug\libArduinoCore.a(HardwareSerial1.o)
 .ctors         0x00000214        0x2 C:\Users\marotron\Documents\Atmel Studio\7.0\MEng_Project_Arm\MEng_Project_02\ArduinoCore\Debug\libArduinoCore.a(Wire.o)
                0x00000216                __ctors_end = .
                0x00000216                __dtors_start = .
 *(.dtors)
                0x00000216                __dtors_end = .
 SORT(*)(.ctors)
 SORT(*)(.dtors)
 *(.init0)
 .init0         0x00000216        0x0 C:/Program Files (x86)/Atmel/Studio/7.0/Packs/atmel/ATmega_DFP/1.2.209/gcc/dev/atmega2560/avr6/crtatmega2560.o
                0x00000216                __init
 *(.init0)
 *(.init1)
 *(.init1)
 *(.init2)
 .init2         0x00000216       0x10 C:/Program Files (x86)/Atmel/Studio/7.0/Packs/atmel/ATmega_DFP/1.2.209/gcc/dev/atmega2560/avr6/crtatmega2560.o
 *(.init2)
 *(.init3)
 *(.init3)
 *(.init4)
 .init4         0x00000226       0x1a c:/program files (x86)/atmel/studio/7.0/toolchain/avr8/avr8-gnu-toolchain/bin/../lib/gcc/avr/5.4.0/avr6\libgcc.a(_copy_data.o)
                0x00000226                __do_copy_data
 .init4         0x00000240       0x10 c:/program files (x86)/atmel/studio/7.0/toolchain/avr8/avr8-gnu-toolchain/bin/../lib/gcc/avr/5.4.0/avr6\libgcc.a(_clear_bss.o)
                0x00000240                __do_clear_bss
 *(.init4)
 *(.init5)
 *(.init5)
 *(.init6)
 .init6         0x00000250       0x20 c:/program files (x86)/atmel/studio/7.0/toolchain/avr8/avr8-gnu-toolchain/bin/../lib/gcc/avr/5.4.0/avr6\libgcc.a(_ctors.o)
                0x00000250                __do_global_ctors
 *(.init6)
 *(.init7)
 *(.init7)
 *(.init8)
 *(.init8)
 *(.init9)
 .init9         0x00000270        0x8 C:/Program Files (x86)/Atmel/Studio/7.0/Packs/atmel/ATmega_DFP/1.2.209/gcc/dev/atmega2560/avr6/crtatmega2560.o
 *(.init9)
 *(.text)
 .text          0x00000278        0x2 C:/Program Files (x86)/Atmel/Studio/7.0/Packs/atmel/ATmega_DFP/1.2.209/gcc/dev/atmega2560/avr6/crtatmega2560.o
                0x00000278                __vector_38
                0x00000278                __vector_22
                0x00000278                __vector_28
                0x00000278                __vector_1
                0x00000278                __vector_32
                0x00000278                __vector_34
                0x00000278                __vector_24
                0x00000278                __vector_12
                0x00000278                __vector_55
                0x00000278                __vector_46
                0x00000278                __bad_interrupt
                0x00000278                __vector_6
                0x00000278                __vector_31
                0x00000278                __vector_35
                0x00000278                __vector_3
                0x00000278                __vector_30
                0x00000278                __vector_45
                0x00000278                __vector_11
                0x00000278                __vector_54
                0x00000278                __vector_13
                0x00000278                __vector_17
                0x00000278                __vector_19
                0x00000278                __vector_56
                0x00000278                __vector_7
                0x00000278                __vector_49
                0x00000278                __vector_41
                0x00000278                __vector_43
                0x00000278                __vector_27
                0x00000278                __vector_5
                0x00000278                __vector_33
                0x00000278                __vector_47
                0x00000278                __vector_52
                0x00000278                __vector_4
                0x00000278                __vector_44
                0x00000278                __vector_51
                0x00000278                __vector_2
                0x00000278                __vector_21
                0x00000278                __vector_15
                0x00000278                __vector_29
                0x00000278                __vector_40
                0x00000278                __vector_8
                0x00000278                __vector_48
                0x00000278                __vector_14
                0x00000278                __vector_53
                0x00000278                __vector_10
                0x00000278                __vector_50
                0x00000278                __vector_16
                0x00000278                __vector_18
                0x00000278                __vector_20
                0x00000278                __vector_42
                0x0000027a                . = ALIGN (0x2)
 *(.text.*)
 .text._ZN14HardwareSerial5writeEi
                0x0000027a        0xe Main.o
                0x0000027a                _ZN14HardwareSerial5writeEi
 .text._Z8printLCDhhih
                0x00000288       0xc6 Main.o
                0x00000288                _Z8printLCDhhih
 .text._Z13setupSwitchesv
                0x0000034e       0x22 Main.o
                0x0000034e                _Z13setupSwitchesv
 .text._Z8sumBytesPhh
                0x00000370       0x1a Main.o
                0x00000370                _Z8sumBytesPhh
 .text.startup._GLOBAL__sub_I_Load_High_Byte
                0x0000038a       0x32 Main.o
 .text._Z10writeServohhPhh
                0x000003bc       0xcc Main.o
                0x000003bc                _Z10writeServohhPhh
 .text._Z9moveSpeedhii
                0x00000488       0x5e Main.o
                0x00000488                _Z9moveSpeedhii
 .text._Z10setEndlesshb.part.0
                0x000004e6       0x2e Main.o
 .text._Z10setEndlesshb
                0x00000514       0x3e Main.o
                0x00000514                _Z10setEndlesshb
 .text._Z12clearEndlessh
                0x00000552        0x4 Main.o
                0x00000552                _Z12clearEndlessh
 .text.__vector_9
                0x00000556       0xfc Main.o
                0x00000556                __vector_9
 .text._Z10writeServohhh
                0x00000652       0x9e Main.o
                0x00000652                _Z10writeServohhh
 .text._Z9readServohhh
                0x000006f0       0x9e Main.o
                0x000006f0                _Z9readServohhh
 .text._Z11printBufferv
                0x0000078e       0x74 Main.o
                0x0000078e                _Z11printBufferv
 .text.setup    0x00000802       0xc8 Main.o
                0x00000802                setup
 .text._Z12printDataLCDv
                0x000008ca      0x29e Main.o
                0x000008ca                _Z12printDataLCDv
 .text.loop     0x00000b68        0xc Main.o
                0x00000b68                loop
 .text.avr-libc.fplib
                0x00000b74        0xa c:/program files (x86)/atmel/studio/7.0/toolchain/avr8/avr8-gnu-toolchain/bin/../lib/gcc/avr/5.4.0/../../../../avr/lib/avr6\libm.a(fixsfsi.o)
                0x00000b74                __fixsfsi
 .text.avr-libc.fplib
                0x00000b7e       0x58 c:/program files (x86)/atmel/studio/7.0/toolchain/avr8/avr8-gnu-toolchain/bin/../lib/gcc/avr/5.4.0/../../../../avr/lib/avr6\libm.a(fixunssfsi.o)
                0x00000b7e                __fixunssfsi
 .text.avr-libc.fplib
                0x00000bd6       0x7a c:/program files (x86)/atmel/studio/7.0/toolchain/avr8/avr8-gnu-toolchain/bin/../lib/gcc/avr/5.4.0/../../../../avr/lib/avr6\libm.a(floatsisf.o)
                0x00000bd6                __floatunsisf
                0x00000bda                __floatsisf
 .text.avr-libc.fplib
                0x00000c50       0x44 c:/program files (x86)/atmel/studio/7.0/toolchain/avr8/avr8-gnu-toolchain/bin/../lib/gcc/avr/5.4.0/../../../../avr/lib/avr6\libm.a(fp_split3.o)
                0x00000c50                __fp_split3
                0x00000c60                __fp_splitA
 .text.avr-libc.fplib
                0x00000c94        0xe c:/program files (x86)/atmel/studio/7.0/toolchain/avr8/avr8-gnu-toolchain/bin/../lib/gcc/avr/5.4.0/../../../../avr/lib/avr6\libm.a(fp_zero.o)
                0x00000c94                __fp_zero
                0x00000c96                __fp_szero
 .text.avr-libc.fplib
                0x00000ca2        0x4 c:/program files (x86)/atmel/studio/7.0/toolchain/avr8/avr8-gnu-toolchain/bin/../lib/gcc/avr/5.4.0/../../../../avr/lib/avr6\libm.a(mulsf3.o)
                0x00000ca2                __mulsf3
 .text.avr-libc.fplib
                0x00000ca6       0xc2 c:/program files (x86)/atmel/studio/7.0/toolchain/avr8/avr8-gnu-toolchain/bin/../lib/gcc/avr/5.4.0/../../../../avr/lib/avr6\libm.a(mulsf3x.o)
                0x00000cba                __mulsf3x
                0x00000cbe                __mulsf3_pse
 .text.avr-libc.fplib
                0x00000d68        0xc c:/program files (x86)/atmel/studio/7.0/toolchain/avr8/avr8-gnu-toolchain/bin/../lib/gcc/avr/5.4.0/../../../../avr/lib/avr6\libm.a(fp_inf.o)
                0x00000d68                __fp_inf
 .text.avr-libc.fplib
                0x00000d74        0x6 c:/program files (x86)/atmel/studio/7.0/toolchain/avr8/avr8-gnu-toolchain/bin/../lib/gcc/avr/5.4.0/../../../../avr/lib/avr6\libm.a(fp_nan.o)
                0x00000d74                __fp_nan
 .text.avr-libc.fplib
                0x00000d7a        0xe c:/program files (x86)/atmel/studio/7.0/toolchain/avr8/avr8-gnu-toolchain/bin/../lib/gcc/avr/5.4.0/../../../../avr/lib/avr6\libm.a(fp_pscA.o)
                0x00000d7a                __fp_pscA
 .text.avr-libc.fplib
                0x00000d88        0xe c:/program files (x86)/atmel/studio/7.0/toolchain/avr8/avr8-gnu-toolchain/bin/../lib/gcc/avr/5.4.0/../../../../avr/lib/avr6\libm.a(fp_pscB.o)
                0x00000d88                __fp_pscB
 .text.avr-libc.fplib
                0x00000d96       0x22 c:/program files (x86)/atmel/studio/7.0/toolchain/avr8/avr8-gnu-toolchain/bin/../lib/gcc/avr/5.4.0/../../../../avr/lib/avr6\libm.a(fp_round.o)
                0x00000d96                __fp_round
 .text._ZN14HardwareSerial9availableEv
                0x00000db8       0x18 C:\Users\marotron\Documents\Atmel Studio\7.0\MEng_Project_Arm\MEng_Project_02\ArduinoCore\Debug\libArduinoCore.a(HardwareSerial.o)
                0x00000db8                _ZN14HardwareSerial9availableEv
 .text._ZN14HardwareSerial4peekEv
                0x00000dd0       0x1c C:\Users\marotron\Documents\Atmel Studio\7.0\MEng_Project_Arm\MEng_Project_02\ArduinoCore\Debug\libArduinoCore.a(HardwareSerial.o)
                0x00000dd0                _ZN14HardwareSerial4peekEv
 .text._ZN14HardwareSerial4readEv
                0x00000dec       0x28 C:\Users\marotron\Documents\Atmel Studio\7.0\MEng_Project_Arm\MEng_Project_02\ArduinoCore\Debug\libArduinoCore.a(HardwareSerial.o)
                0x00000dec                _ZN14HardwareSerial4readEv
 .text._ZN14HardwareSerial17availableForWriteEv
                0x00000e14       0x1e C:\Users\marotron\Documents\Atmel Studio\7.0\MEng_Project_Arm\MEng_Project_02\ArduinoCore\Debug\libArduinoCore.a(HardwareSerial.o)
                0x00000e14                _ZN14HardwareSerial17availableForWriteEv
 .text._Z14serialEventRunv
                0x00000e32       0x76 C:\Users\marotron\Documents\Atmel Studio\7.0\MEng_Project_Arm\MEng_Project_02\ArduinoCore\Debug\libArduinoCore.a(HardwareSerial.o)
                0x00000e32                _Z14serialEventRunv
 .text._ZN14HardwareSerial17_tx_udr_empty_irqEv
                0x00000ea8       0x44 C:\Users\marotron\Documents\Atmel Studio\7.0\MEng_Project_Arm\MEng_Project_02\ArduinoCore\Debug\libArduinoCore.a(HardwareSerial.o)
                0x00000ea8                _ZN14HardwareSerial17_tx_udr_empty_irqEv
 .text._ZN14HardwareSerial5writeEh
                0x00000eec       0x98 C:\Users\marotron\Documents\Atmel Studio\7.0\MEng_Project_Arm\MEng_Project_02\ArduinoCore\Debug\libArduinoCore.a(HardwareSerial.o)
                0x00000eec                _ZN14HardwareSerial5writeEh
 .text._ZN14HardwareSerial5flushEv
                0x00000f84       0x42 C:\Users\marotron\Documents\Atmel Studio\7.0\MEng_Project_Arm\MEng_Project_02\ArduinoCore\Debug\libArduinoCore.a(HardwareSerial.o)
                0x00000f84                _ZN14HardwareSerial5flushEv
 .text._ZN14HardwareSerial5beginEmh
                0x00000fc6       0xca C:\Users\marotron\Documents\Atmel Studio\7.0\MEng_Project_Arm\MEng_Project_02\ArduinoCore\Debug\libArduinoCore.a(HardwareSerial.o)
                0x00000fc6                _ZN14HardwareSerial5beginEmh
 .text._ZN5Print17availableForWriteEv
                0x00001090        0x6 C:\Users\marotron\Documents\Atmel Studio\7.0\MEng_Project_Arm\MEng_Project_02\ArduinoCore\Debug\libArduinoCore.a(HardwareSerial0.o)
                0x00001090                _ZN5Print17availableForWriteEv
 .text._ZN5Print5flushEv
                0x00001096        0x2 C:\Users\marotron\Documents\Atmel Studio\7.0\MEng_Project_Arm\MEng_Project_02\ArduinoCore\Debug\libArduinoCore.a(HardwareSerial0.o)
                0x00001096                _ZN5Print5flushEv
 .text.__vector_25
                0x00001098       0x6c C:\Users\marotron\Documents\Atmel Studio\7.0\MEng_Project_Arm\MEng_Project_02\ArduinoCore\Debug\libArduinoCore.a(HardwareSerial0.o)
                0x00001098                __vector_25
 .text.__vector_26
                0x00001104       0x52 C:\Users\marotron\Documents\Atmel Studio\7.0\MEng_Project_Arm\MEng_Project_02\ArduinoCore\Debug\libArduinoCore.a(HardwareSerial0.o)
                0x00001104                __vector_26
 .text._Z17Serial0_availablev
                0x00001156       0x12 C:\Users\marotron\Documents\Atmel Studio\7.0\MEng_Project_Arm\MEng_Project_02\ArduinoCore\Debug\libArduinoCore.a(HardwareSerial0.o)
                0x00001156                _Z17Serial0_availablev
 .text.startup._GLOBAL__sub_I___vector_25
                0x00001168       0x5a C:\Users\marotron\Documents\Atmel Studio\7.0\MEng_Project_Arm\MEng_Project_02\ArduinoCore\Debug\libArduinoCore.a(HardwareSerial0.o)
 .text.__vector_36
                0x000011c2       0x6c C:\Users\marotron\Documents\Atmel Studio\7.0\MEng_Project_Arm\MEng_Project_02\ArduinoCore\Debug\libArduinoCore.a(HardwareSerial1.o)
                0x000011c2                __vector_36
 .text.__vector_37
                0x0000122e       0x52 C:\Users\marotron\Documents\Atmel Studio\7.0\MEng_Project_Arm\MEng_Project_02\ArduinoCore\Debug\libArduinoCore.a(HardwareSerial1.o)
                0x0000122e                __vector_37
 .text._Z17Serial1_availablev
                0x00001280       0x12 C:\Users\marotron\Documents\Atmel Studio\7.0\MEng_Project_Arm\MEng_Project_02\ArduinoCore\Debug\libArduinoCore.a(HardwareSerial1.o)
                0x00001280                _Z17Serial1_availablev
 .text.startup._GLOBAL__sub_I___vector_36
                0x00001292       0x5a C:\Users\marotron\Documents\Atmel Studio\7.0\MEng_Project_Arm\MEng_Project_02\ArduinoCore\Debug\libArduinoCore.a(HardwareSerial1.o)
 .text.initVariant
                0x000012ec        0x2 C:\Users\marotron\Documents\Atmel Studio\7.0\MEng_Project_Arm\MEng_Project_02\ArduinoCore\Debug\libArduinoCore.a(main.o)
                0x000012ec                initVariant
 .text.startup.main
                0x000012ee       0x14 C:\Users\marotron\Documents\Atmel Studio\7.0\MEng_Project_Arm\MEng_Project_02\ArduinoCore\Debug\libArduinoCore.a(main.o)
                0x000012ee                main
 .text._ZN5Print5writeEPKhj
                0x00001302       0x54 C:\Users\marotron\Documents\Atmel Studio\7.0\MEng_Project_Arm\MEng_Project_02\ArduinoCore\Debug\libArduinoCore.a(Print.o)
                0x00001302                _ZN5Print5writeEPKhj
 .text._ZN5Print5writeEPKc
                0x00001356       0x2a C:\Users\marotron\Documents\Atmel Studio\7.0\MEng_Project_Arm\MEng_Project_02\ArduinoCore\Debug\libArduinoCore.a(Print.o)
                0x00001356                _ZN5Print5writeEPKc
 .text._ZN5Print5printEPKc
                0x00001380        0x2 C:\Users\marotron\Documents\Atmel Studio\7.0\MEng_Project_Arm\MEng_Project_02\ArduinoCore\Debug\libArduinoCore.a(Print.o)
                0x00001380                _ZN5Print5printEPKc
 .text._ZN5Print5printEc
                0x00001382        0xe C:\Users\marotron\Documents\Atmel Studio\7.0\MEng_Project_Arm\MEng_Project_02\ArduinoCore\Debug\libArduinoCore.a(Print.o)
                0x00001382                _ZN5Print5printEc
 .text._ZN5Print7printlnEv
                0x00001390        0x6 C:\Users\marotron\Documents\Atmel Studio\7.0\MEng_Project_Arm\MEng_Project_02\ArduinoCore\Debug\libArduinoCore.a(Print.o)
                0x00001390                _ZN5Print7printlnEv
 .text._ZN5Print7printlnEPKc
                0x00001396       0x20 C:\Users\marotron\Documents\Atmel Studio\7.0\MEng_Project_Arm\MEng_Project_02\ArduinoCore\Debug\libArduinoCore.a(Print.o)
                0x00001396                _ZN5Print7printlnEPKc
 .text._ZN5Print11printNumberEmh
                0x000013b6       0x8e C:\Users\marotron\Documents\Atmel Studio\7.0\MEng_Project_Arm\MEng_Project_02\ArduinoCore\Debug\libArduinoCore.a(Print.o)
                0x000013b6                _ZN5Print11printNumberEmh
 .text._ZN5Print5printEmi
                0x00001444       0x18 C:\Users\marotron\Documents\Atmel Studio\7.0\MEng_Project_Arm\MEng_Project_02\ArduinoCore\Debug\libArduinoCore.a(Print.o)
                0x00001444                _ZN5Print5printEmi
 .text._ZN5Print5printEhi
                0x0000145c        0xc C:\Users\marotron\Documents\Atmel Studio\7.0\MEng_Project_Arm\MEng_Project_02\ArduinoCore\Debug\libArduinoCore.a(Print.o)
                0x0000145c                _ZN5Print5printEhi
 .text._ZN5Print5printEli
                0x00001468       0x8a C:\Users\marotron\Documents\Atmel Studio\7.0\MEng_Project_Arm\MEng_Project_02\ArduinoCore\Debug\libArduinoCore.a(Print.o)
                0x00001468                _ZN5Print5printEli
 .text._ZN5Print5printEii
                0x000014f2        0xc C:\Users\marotron\Documents\Atmel Studio\7.0\MEng_Project_Arm\MEng_Project_02\ArduinoCore\Debug\libArduinoCore.a(Print.o)
                0x000014f2                _ZN5Print5printEii
 .text._ZN5Print7printlnEii
                0x000014fe       0x20 C:\Users\marotron\Documents\Atmel Studio\7.0\MEng_Project_Arm\MEng_Project_02\ArduinoCore\Debug\libArduinoCore.a(Print.o)
                0x000014fe                _ZN5Print7printlnEii
 .text.__vector_23
                0x0000151e       0x94 C:\Users\marotron\Documents\Atmel Studio\7.0\MEng_Project_Arm\MEng_Project_02\ArduinoCore\Debug\libArduinoCore.a(wiring.o)
                0x0000151e                __vector_23
 .text.millis   0x000015b2       0x18 C:\Users\marotron\Documents\Atmel Studio\7.0\MEng_Project_Arm\MEng_Project_02\ArduinoCore\Debug\libArduinoCore.a(wiring.o)
                0x000015b2                millis
 .text.micros   0x000015ca       0x4a C:\Users\marotron\Documents\Atmel Studio\7.0\MEng_Project_Arm\MEng_Project_02\ArduinoCore\Debug\libArduinoCore.a(wiring.o)
                0x000015ca                micros
 .text.delay    0x00001614       0x72 C:\Users\marotron\Documents\Atmel Studio\7.0\MEng_Project_Arm\MEng_Project_02\ArduinoCore\Debug\libArduinoCore.a(wiring.o)
                0x00001614                delay
 .text.delayMicroseconds
                0x00001686       0x16 C:\Users\marotron\Documents\Atmel Studio\7.0\MEng_Project_Arm\MEng_Project_02\ArduinoCore\Debug\libArduinoCore.a(wiring.o)
                0x00001686                delayMicroseconds
 .text.init     0x0000169c       0xc4 C:\Users\marotron\Documents\Atmel Studio\7.0\MEng_Project_Arm\MEng_Project_02\ArduinoCore\Debug\libArduinoCore.a(wiring.o)
                0x0000169c                init
 .text.turnOffPWM
                0x00001760       0xaa C:\Users\marotron\Documents\Atmel Studio\7.0\MEng_Project_Arm\MEng_Project_02\ArduinoCore\Debug\libArduinoCore.a(wiring_digital.o)
 .text.pinMode  0x0000180a       0x78 C:\Users\marotron\Documents\Atmel Studio\7.0\MEng_Project_Arm\MEng_Project_02\ArduinoCore\Debug\libArduinoCore.a(wiring_digital.o)
                0x0000180a                pinMode
 .text.digitalWrite
                0x00001882       0x5c C:\Users\marotron\Documents\Atmel Studio\7.0\MEng_Project_Arm\MEng_Project_02\ArduinoCore\Debug\libArduinoCore.a(wiring_digital.o)
                0x00001882                digitalWrite
 .text._ZN17LiquidCrystal_I2CC2Ehhh
                0x000018de       0x18 C:\Users\marotron\Documents\Atmel Studio\7.0\MEng_Project_Arm\MEng_Project_02\ArduinoCore\Debug\libArduinoCore.a(LiquidCrystal_I2C.o)
                0x000018de                _ZN17LiquidCrystal_I2CC1Ehhh
                0x000018de                _ZN17LiquidCrystal_I2CC2Ehhh
 .text._ZN17LiquidCrystal_I2C13expanderWriteEh
                0x000018f6       0x28 C:\Users\marotron\Documents\Atmel Studio\7.0\MEng_Project_Arm\MEng_Project_02\ArduinoCore\Debug\libArduinoCore.a(LiquidCrystal_I2C.o)
                0x000018f6                _ZN17LiquidCrystal_I2C13expanderWriteEh
 .text._ZN17LiquidCrystal_I2C9backlightEv
                0x0000191e        0xa C:\Users\marotron\Documents\Atmel Studio\7.0\MEng_Project_Arm\MEng_Project_02\ArduinoCore\Debug\libArduinoCore.a(LiquidCrystal_I2C.o)
                0x0000191e                _ZN17LiquidCrystal_I2C9backlightEv
 .text._ZN17LiquidCrystal_I2C11pulseEnableEh
                0x00001928       0x28 C:\Users\marotron\Documents\Atmel Studio\7.0\MEng_Project_Arm\MEng_Project_02\ArduinoCore\Debug\libArduinoCore.a(LiquidCrystal_I2C.o)
                0x00001928                _ZN17LiquidCrystal_I2C11pulseEnableEh
 .text._ZN17LiquidCrystal_I2C10write4bitsEh
                0x00001950       0x18 C:\Users\marotron\Documents\Atmel Studio\7.0\MEng_Project_Arm\MEng_Project_02\ArduinoCore\Debug\libArduinoCore.a(LiquidCrystal_I2C.o)
                0x00001950                _ZN17LiquidCrystal_I2C10write4bitsEh
 .text._ZN17LiquidCrystal_I2C4sendEhh
                0x00001968       0x2a C:\Users\marotron\Documents\Atmel Studio\7.0\MEng_Project_Arm\MEng_Project_02\ArduinoCore\Debug\libArduinoCore.a(LiquidCrystal_I2C.o)
                0x00001968                _ZN17LiquidCrystal_I2C4sendEhh
 .text._ZN17LiquidCrystal_I2C7commandEh
                0x00001992        0x4 C:\Users\marotron\Documents\Atmel Studio\7.0\MEng_Project_Arm\MEng_Project_02\ArduinoCore\Debug\libArduinoCore.a(LiquidCrystal_I2C.o)
                0x00001992                _ZN17LiquidCrystal_I2C7commandEh
 .text._ZN17LiquidCrystal_I2C5clearEv
                0x00001996        0xa C:\Users\marotron\Documents\Atmel Studio\7.0\MEng_Project_Arm\MEng_Project_02\ArduinoCore\Debug\libArduinoCore.a(LiquidCrystal_I2C.o)
                0x00001996                _ZN17LiquidCrystal_I2C5clearEv
 .text._ZN17LiquidCrystal_I2C4homeEv
                0x000019a0        0xa C:\Users\marotron\Documents\Atmel Studio\7.0\MEng_Project_Arm\MEng_Project_02\ArduinoCore\Debug\libArduinoCore.a(LiquidCrystal_I2C.o)
                0x000019a0                _ZN17LiquidCrystal_I2C4homeEv
 .text._ZN17LiquidCrystal_I2C9setCursorEhh
                0x000019aa       0x5a C:\Users\marotron\Documents\Atmel Studio\7.0\MEng_Project_Arm\MEng_Project_02\ArduinoCore\Debug\libArduinoCore.a(LiquidCrystal_I2C.o)
                0x000019aa                _ZN17LiquidCrystal_I2C9setCursorEhh
 .text._ZN17LiquidCrystal_I2C7displayEv
                0x00001a04        0xe C:\Users\marotron\Documents\Atmel Studio\7.0\MEng_Project_Arm\MEng_Project_02\ArduinoCore\Debug\libArduinoCore.a(LiquidCrystal_I2C.o)
                0x00001a04                _ZN17LiquidCrystal_I2C7displayEv
 .text._ZN17LiquidCrystal_I2C5writeEh
                0x00001a12        0xa C:\Users\marotron\Documents\Atmel Studio\7.0\MEng_Project_Arm\MEng_Project_02\ArduinoCore\Debug\libArduinoCore.a(LiquidCrystal_I2C.o)
                0x00001a12                _ZN17LiquidCrystal_I2C5writeEh
 .text._ZN17LiquidCrystal_I2C5beginEhhh
                0x00001a1c       0x8a C:\Users\marotron\Documents\Atmel Studio\7.0\MEng_Project_Arm\MEng_Project_02\ArduinoCore\Debug\libArduinoCore.a(LiquidCrystal_I2C.o)
                0x00001a1c                _ZN17LiquidCrystal_I2C5beginEhhh
 .text._ZN17LiquidCrystal_I2C9init_privEv
                0x00001aa6       0x1c C:\Users\marotron\Documents\Atmel Studio\7.0\MEng_Project_Arm\MEng_Project_02\ArduinoCore\Debug\libArduinoCore.a(LiquidCrystal_I2C.o)
                0x00001aa6                _ZN17LiquidCrystal_I2C9init_privEv
 .text._ZN17LiquidCrystal_I2C4initEv
                0x00001ac2        0x2 C:\Users\marotron\Documents\Atmel Studio\7.0\MEng_Project_Arm\MEng_Project_02\ArduinoCore\Debug\libArduinoCore.a(LiquidCrystal_I2C.o)
                0x00001ac2                _ZN17LiquidCrystal_I2C4initEv
 .text._ZN7TwoWire9availableEv
                0x00001ac4       0x10 C:\Users\marotron\Documents\Atmel Studio\7.0\MEng_Project_Arm\MEng_Project_02\ArduinoCore\Debug\libArduinoCore.a(Wire.o)
                0x00001ac4                _ZN7TwoWire9availableEv
 .text._ZN7TwoWire4readEv
                0x00001ad4       0x28 C:\Users\marotron\Documents\Atmel Studio\7.0\MEng_Project_Arm\MEng_Project_02\ArduinoCore\Debug\libArduinoCore.a(Wire.o)
                0x00001ad4                _ZN7TwoWire4readEv
 .text._ZN7TwoWire4peekEv
                0x00001afc       0x1e C:\Users\marotron\Documents\Atmel Studio\7.0\MEng_Project_Arm\MEng_Project_02\ArduinoCore\Debug\libArduinoCore.a(Wire.o)
                0x00001afc                _ZN7TwoWire4peekEv
 .text._ZN7TwoWire5flushEv
                0x00001b1a        0x2 C:\Users\marotron\Documents\Atmel Studio\7.0\MEng_Project_Arm\MEng_Project_02\ArduinoCore\Debug\libArduinoCore.a(Wire.o)
                0x00001b1a                _ZN7TwoWire5flushEv
 .text._ZN7TwoWire16onReceiveServiceEPhi
                0x00001b1c       0x54 C:\Users\marotron\Documents\Atmel Studio\7.0\MEng_Project_Arm\MEng_Project_02\ArduinoCore\Debug\libArduinoCore.a(Wire.o)
                0x00001b1c                _ZN7TwoWire16onReceiveServiceEPhi
 .text._ZN7TwoWire16onRequestServiceEv
                0x00001b70       0x18 C:\Users\marotron\Documents\Atmel Studio\7.0\MEng_Project_Arm\MEng_Project_02\ArduinoCore\Debug\libArduinoCore.a(Wire.o)
                0x00001b70                _ZN7TwoWire16onRequestServiceEv
 .text._ZN7TwoWire5writeEPKhj
                0x00001b88       0x58 C:\Users\marotron\Documents\Atmel Studio\7.0\MEng_Project_Arm\MEng_Project_02\ArduinoCore\Debug\libArduinoCore.a(Wire.o)
                0x00001b88                _ZN7TwoWire5writeEPKhj
 .text._ZN7TwoWire5writeEh
                0x00001be0       0x5c C:\Users\marotron\Documents\Atmel Studio\7.0\MEng_Project_Arm\MEng_Project_02\ArduinoCore\Debug\libArduinoCore.a(Wire.o)
                0x00001be0                _ZN7TwoWire5writeEh
 .text._ZN7TwoWireC2Ev
                0x00001c3c       0x20 C:\Users\marotron\Documents\Atmel Studio\7.0\MEng_Project_Arm\MEng_Project_02\ArduinoCore\Debug\libArduinoCore.a(Wire.o)
                0x00001c3c                _ZN7TwoWireC1Ev
                0x00001c3c                _ZN7TwoWireC2Ev
 .text._ZN7TwoWire5beginEv
                0x00001c5c       0x1e C:\Users\marotron\Documents\Atmel Studio\7.0\MEng_Project_Arm\MEng_Project_02\ArduinoCore\Debug\libArduinoCore.a(Wire.o)
                0x00001c5c                _ZN7TwoWire5beginEv
 .text._ZN7TwoWire17beginTransmissionEh
                0x00001c7a       0x14 C:\Users\marotron\Documents\Atmel Studio\7.0\MEng_Project_Arm\MEng_Project_02\ArduinoCore\Debug\libArduinoCore.a(Wire.o)
                0x00001c7a                _ZN7TwoWire17beginTransmissionEh
 .text._ZN7TwoWire15endTransmissionEh
                0x00001c8e       0x24 C:\Users\marotron\Documents\Atmel Studio\7.0\MEng_Project_Arm\MEng_Project_02\ArduinoCore\Debug\libArduinoCore.a(Wire.o)
                0x00001c8e                _ZN7TwoWire15endTransmissionEh
 .text._ZN7TwoWire15endTransmissionEv
                0x00001cb2        0x4 C:\Users\marotron\Documents\Atmel Studio\7.0\MEng_Project_Arm\MEng_Project_02\ArduinoCore\Debug\libArduinoCore.a(Wire.o)
                0x00001cb2                _ZN7TwoWire15endTransmissionEv
 .text.startup._GLOBAL__sub_I__ZN7TwoWire8rxBufferE
                0x00001cb6        0x6 C:\Users\marotron\Documents\Atmel Studio\7.0\MEng_Project_Arm\MEng_Project_02\ArduinoCore\Debug\libArduinoCore.a(Wire.o)
 .text.__empty  0x00001cbc        0x2 C:\Users\marotron\Documents\Atmel Studio\7.0\MEng_Project_Arm\MEng_Project_02\ArduinoCore\Debug\libArduinoCore.a(hooks.o)
                0x00001cbc                yield
 .text.twi_init
                0x00001cbe       0x38 C:\Users\marotron\Documents\Atmel Studio\7.0\MEng_Project_Arm\MEng_Project_02\ArduinoCore\Debug\libArduinoCore.a(twi.o)
                0x00001cbe                twi_init
 .text.twi_writeTo
                0x00001cf6       0xac C:\Users\marotron\Documents\Atmel Studio\7.0\MEng_Project_Arm\MEng_Project_02\ArduinoCore\Debug\libArduinoCore.a(twi.o)
                0x00001cf6                twi_writeTo
 .text.twi_transmit
                0x00001da2       0x50 C:\Users\marotron\Documents\Atmel Studio\7.0\MEng_Project_Arm\MEng_Project_02\ArduinoCore\Debug\libArduinoCore.a(twi.o)
                0x00001da2                twi_transmit
 .text.twi_attachSlaveRxEvent
                0x00001df2        0xa C:\Users\marotron\Documents\Atmel Studio\7.0\MEng_Project_Arm\MEng_Project_02\ArduinoCore\Debug\libArduinoCore.a(twi.o)
                0x00001df2                twi_attachSlaveRxEvent
 .text.twi_attachSlaveTxEvent
                0x00001dfc        0xa C:\Users\marotron\Documents\Atmel Studio\7.0\MEng_Project_Arm\MEng_Project_02\ArduinoCore\Debug\libArduinoCore.a(twi.o)
                0x00001dfc                twi_attachSlaveTxEvent
 .text.twi_stop
                0x00001e06       0x14 C:\Users\marotron\Documents\Atmel Studio\7.0\MEng_Project_Arm\MEng_Project_02\ArduinoCore\Debug\libArduinoCore.a(twi.o)
                0x00001e06                twi_stop
 .text.twi_releaseBus
                0x00001e1a        0xc C:\Users\marotron\Documents\Atmel Studio\7.0\MEng_Project_Arm\MEng_Project_02\ArduinoCore\Debug\libArduinoCore.a(twi.o)
                0x00001e1a                twi_releaseBus
 .text.__vector_39
                0x00001e26      0x25c C:\Users\marotron\Documents\Atmel Studio\7.0\MEng_Project_Arm\MEng_Project_02\ArduinoCore\Debug\libArduinoCore.a(twi.o)
                0x00001e26                __vector_39
 .text.libgcc.div
                0x00002082       0x44 c:/program files (x86)/atmel/studio/7.0/toolchain/avr8/avr8-gnu-toolchain/bin/../lib/gcc/avr/5.4.0/avr6\libgcc.a(_udivmodsi4.o)
                0x00002082                __udivmodsi4
 .text.libgcc   0x000020c6       0x10 c:/program files (x86)/atmel/studio/7.0/toolchain/avr8/avr8-gnu-toolchain/bin/../lib/gcc/avr/5.4.0/avr6\libgcc.a(_tablejump2.o)
                0x000020c6                __tablejump2__
 .text.avr-libc
                0x000020d6       0x5c c:/program files (x86)/atmel/studio/7.0/toolchain/avr8/avr8-gnu-toolchain/bin/../lib/gcc/avr/5.4.0/../../../../avr/lib/avr6\libc.a(sprintf.o)
                0x000020d6                sprintf
 .text.avr-libc
                0x00002132      0x3fa c:/program files (x86)/atmel/studio/7.0/toolchain/avr8/avr8-gnu-toolchain/bin/../lib/gcc/avr/5.4.0/../../../../avr/lib/avr6\libc.a(vfprintf_std.o)
                0x00002132                vfprintf
 .text.avr-libc
                0x0000252c       0x16 c:/program files (x86)/atmel/studio/7.0/toolchain/avr8/avr8-gnu-toolchain/bin/../lib/gcc/avr/5.4.0/../../../../avr/lib/avr6\libc.a(strnlen_P.o)
                0x0000252c                strnlen_P
 .text.avr-libc
                0x00002542       0x16 c:/program files (x86)/atmel/studio/7.0/toolchain/avr8/avr8-gnu-toolchain/bin/../lib/gcc/avr/5.4.0/../../../../avr/lib/avr6\libc.a(strnlen.o)
                0x00002542                strnlen
 .text.avr-libc
                0x00002558       0x78 c:/program files (x86)/atmel/studio/7.0/toolchain/avr8/avr8-gnu-toolchain/bin/../lib/gcc/avr/5.4.0/../../../../avr/lib/avr6\libc.a(fputc.o)
                0x00002558                fputc
 .text.avr-libc
                0x000025d0       0xbc c:/program files (x86)/atmel/studio/7.0/toolchain/avr8/avr8-gnu-toolchain/bin/../lib/gcc/avr/5.4.0/../../../../avr/lib/avr6\libc.a(ultoa_invert.o)
                0x000025d0                __ultoa_invert
                0x0000268c                . = ALIGN (0x2)
 *(.fini9)
 .fini9         0x0000268c        0x0 c:/program files (x86)/atmel/studio/7.0/toolchain/avr8/avr8-gnu-toolchain/bin/../lib/gcc/avr/5.4.0/avr6\libgcc.a(_exit.o)
                0x0000268c                _exit
                0x0000268c                exit
 *(.fini9)
 *(.fini8)
 *(.fini8)
 *(.fini7)
 *(.fini7)
 *(.fini6)
 *(.fini6)
 *(.fini5)
 *(.fini5)
 *(.fini4)
 *(.fini4)
 *(.fini3)
 *(.fini3)
 *(.fini2)
 *(.fini2)
 *(.fini1)
 *(.fini1)
 *(.fini0)
 .fini0         0x0000268c        0x4 c:/program files (x86)/atmel/studio/7.0/toolchain/avr8/avr8-gnu-toolchain/bin/../lib/gcc/avr/5.4.0/avr6\libgcc.a(_exit.o)
 *(.fini0)
                0x00002690                _etext = .

.data           0x00800200       0xe8 load address 0x00002690
                0x00800200                PROVIDE (__data_start, .)
 *(.data)
 *(.data*)
 .data.angle    0x00800200        0x2 Main.o
                0x00800200                angle
 .data.id       0x00800202        0x1 Main.o
                0x00800202                id
 *(.gnu.linkonce.d*)
 *(.rodata)
 .rodata        0x00800203        0x8 C:\Users\marotron\Documents\Atmel Studio\7.0\MEng_Project_Arm\MEng_Project_02\ArduinoCore\Debug\libArduinoCore.a(LiquidCrystal_I2C.o)
 *(.rodata*)
 .rodata.str1.1
                0x0080020b       0x9d Main.o
                                 0xa5 (size before relaxing)
 .rodata._ZTV14HardwareSerial
                0x008002a8       0x12 C:\Users\marotron\Documents\Atmel Studio\7.0\MEng_Project_Arm\MEng_Project_02\ArduinoCore\Debug\libArduinoCore.a(HardwareSerial.o)
                0x008002a8                _ZTV14HardwareSerial
 .rodata.str1.1
                0x008002ba        0xf C:\Users\marotron\Documents\Atmel Studio\7.0\MEng_Project_Arm\MEng_Project_02\ArduinoCore\Debug\libArduinoCore.a(Print.o)
 .rodata._ZTV17LiquidCrystal_I2C
                0x008002c9        0xc C:\Users\marotron\Documents\Atmel Studio\7.0\MEng_Project_Arm\MEng_Project_02\ArduinoCore\Debug\libArduinoCore.a(LiquidCrystal_I2C.o)
                0x008002c9                _ZTV17LiquidCrystal_I2C
 .rodata._ZTV7TwoWire
                0x008002d5       0x12 C:\Users\marotron\Documents\Atmel Studio\7.0\MEng_Project_Arm\MEng_Project_02\ArduinoCore\Debug\libArduinoCore.a(Wire.o)
                0x008002d5                _ZTV7TwoWire
 *(.gnu.linkonce.r*)
                0x008002e8                . = ALIGN (0x2)
 *fill*         0x008002e7        0x1 
                0x008002e8                _edata = .
                0x008002e8                PROVIDE (__data_end, .)

.bss            0x008002e8      0x222
                0x008002e8                PROVIDE (__bss_start, .)
 *(.bss)
 *(.bss*)
 .bss.lcd       0x008002e8        0xc Main.o
                0x008002e8                lcd
 .bss.cycle_counter
                0x008002f4        0x2 Main.o
                0x008002f4                cycle_counter
 .bss.error_counter
                0x008002f6        0x2 Main.o
                0x008002f6                error_counter
 .bss.error_byte_old
                0x008002f8        0x1 Main.o
                0x008002f8                error_byte_old
 .bss.currPos   0x008002f9        0x2 Main.o
                0x008002f9                currPos
 .bss.rotations
                0x008002fb        0x2 Main.o
                0x008002fb                rotations
 .bss.position_old
                0x008002fd        0x2 Main.o
                0x008002fd                position_old
 .bss.startTime
                0x008002ff        0x4 Main.o
                0x008002ff                startTime
 .bss.Serial    0x00800303       0x9d C:\Users\marotron\Documents\Atmel Studio\7.0\MEng_Project_Arm\MEng_Project_02\ArduinoCore\Debug\libArduinoCore.a(HardwareSerial0.o)
                0x00800303                Serial
 .bss.Serial1   0x008003a0       0x9d C:\Users\marotron\Documents\Atmel Studio\7.0\MEng_Project_Arm\MEng_Project_02\ArduinoCore\Debug\libArduinoCore.a(HardwareSerial1.o)
                0x008003a0                Serial1
 .bss.timer0_fract
                0x0080043d        0x1 C:\Users\marotron\Documents\Atmel Studio\7.0\MEng_Project_Arm\MEng_Project_02\ArduinoCore\Debug\libArduinoCore.a(wiring.o)
 .bss.timer0_millis
                0x0080043e        0x4 C:\Users\marotron\Documents\Atmel Studio\7.0\MEng_Project_Arm\MEng_Project_02\ArduinoCore\Debug\libArduinoCore.a(wiring.o)
                0x0080043e                timer0_millis
 .bss.timer0_overflow_count
                0x00800442        0x4 C:\Users\marotron\Documents\Atmel Studio\7.0\MEng_Project_Arm\MEng_Project_02\ArduinoCore\Debug\libArduinoCore.a(wiring.o)
                0x00800442                timer0_overflow_count
 .bss.Wire      0x00800446        0xc C:\Users\marotron\Documents\Atmel Studio\7.0\MEng_Project_Arm\MEng_Project_02\ArduinoCore\Debug\libArduinoCore.a(Wire.o)
                0x00800446                Wire
 .bss._ZN7TwoWire14user_onReceiveE
                0x00800452        0x2 C:\Users\marotron\Documents\Atmel Studio\7.0\MEng_Project_Arm\MEng_Project_02\ArduinoCore\Debug\libArduinoCore.a(Wire.o)
                0x00800452                _ZN7TwoWire14user_onReceiveE
 .bss._ZN7TwoWire14user_onRequestE
                0x00800454        0x2 C:\Users\marotron\Documents\Atmel Studio\7.0\MEng_Project_Arm\MEng_Project_02\ArduinoCore\Debug\libArduinoCore.a(Wire.o)
                0x00800454                _ZN7TwoWire14user_onRequestE
 .bss._ZN7TwoWire12transmittingE
                0x00800456        0x1 C:\Users\marotron\Documents\Atmel Studio\7.0\MEng_Project_Arm\MEng_Project_02\ArduinoCore\Debug\libArduinoCore.a(Wire.o)
                0x00800456                _ZN7TwoWire12transmittingE
 .bss._ZN7TwoWire14txBufferLengthE
                0x00800457        0x1 C:\Users\marotron\Documents\Atmel Studio\7.0\MEng_Project_Arm\MEng_Project_02\ArduinoCore\Debug\libArduinoCore.a(Wire.o)
                0x00800457                _ZN7TwoWire14txBufferLengthE
 .bss._ZN7TwoWire13txBufferIndexE
                0x00800458        0x1 C:\Users\marotron\Documents\Atmel Studio\7.0\MEng_Project_Arm\MEng_Project_02\ArduinoCore\Debug\libArduinoCore.a(Wire.o)
                0x00800458                _ZN7TwoWire13txBufferIndexE
 .bss._ZN7TwoWire8txBufferE
                0x00800459       0x20 C:\Users\marotron\Documents\Atmel Studio\7.0\MEng_Project_Arm\MEng_Project_02\ArduinoCore\Debug\libArduinoCore.a(Wire.o)
                0x00800459                _ZN7TwoWire8txBufferE
 .bss._ZN7TwoWire9txAddressE
                0x00800479        0x1 C:\Users\marotron\Documents\Atmel Studio\7.0\MEng_Project_Arm\MEng_Project_02\ArduinoCore\Debug\libArduinoCore.a(Wire.o)
                0x00800479                _ZN7TwoWire9txAddressE
 .bss._ZN7TwoWire14rxBufferLengthE
                0x0080047a        0x1 C:\Users\marotron\Documents\Atmel Studio\7.0\MEng_Project_Arm\MEng_Project_02\ArduinoCore\Debug\libArduinoCore.a(Wire.o)
                0x0080047a                _ZN7TwoWire14rxBufferLengthE
 .bss._ZN7TwoWire13rxBufferIndexE
                0x0080047b        0x1 C:\Users\marotron\Documents\Atmel Studio\7.0\MEng_Project_Arm\MEng_Project_02\ArduinoCore\Debug\libArduinoCore.a(Wire.o)
                0x0080047b                _ZN7TwoWire13rxBufferIndexE
 .bss._ZN7TwoWire8rxBufferE
                0x0080047c       0x20 C:\Users\marotron\Documents\Atmel Studio\7.0\MEng_Project_Arm\MEng_Project_02\ArduinoCore\Debug\libArduinoCore.a(Wire.o)
                0x0080047c                _ZN7TwoWire8rxBufferE
 .bss.twi_error
                0x0080049c        0x1 C:\Users\marotron\Documents\Atmel Studio\7.0\MEng_Project_Arm\MEng_Project_02\ArduinoCore\Debug\libArduinoCore.a(twi.o)
 .bss.twi_rxBufferIndex
                0x0080049d        0x1 C:\Users\marotron\Documents\Atmel Studio\7.0\MEng_Project_Arm\MEng_Project_02\ArduinoCore\Debug\libArduinoCore.a(twi.o)
 .bss.twi_rxBuffer
                0x0080049e       0x20 C:\Users\marotron\Documents\Atmel Studio\7.0\MEng_Project_Arm\MEng_Project_02\ArduinoCore\Debug\libArduinoCore.a(twi.o)
 .bss.twi_txBufferLength
                0x008004be        0x1 C:\Users\marotron\Documents\Atmel Studio\7.0\MEng_Project_Arm\MEng_Project_02\ArduinoCore\Debug\libArduinoCore.a(twi.o)
 .bss.twi_txBufferIndex
                0x008004bf        0x1 C:\Users\marotron\Documents\Atmel Studio\7.0\MEng_Project_Arm\MEng_Project_02\ArduinoCore\Debug\libArduinoCore.a(twi.o)
 .bss.twi_txBuffer
                0x008004c0       0x20 C:\Users\marotron\Documents\Atmel Studio\7.0\MEng_Project_Arm\MEng_Project_02\ArduinoCore\Debug\libArduinoCore.a(twi.o)
 .bss.twi_masterBufferLength
                0x008004e0        0x1 C:\Users\marotron\Documents\Atmel Studio\7.0\MEng_Project_Arm\MEng_Project_02\ArduinoCore\Debug\libArduinoCore.a(twi.o)
 .bss.twi_masterBufferIndex
                0x008004e1        0x1 C:\Users\marotron\Documents\Atmel Studio\7.0\MEng_Project_Arm\MEng_Project_02\ArduinoCore\Debug\libArduinoCore.a(twi.o)
 .bss.twi_masterBuffer
                0x008004e2       0x20 C:\Users\marotron\Documents\Atmel Studio\7.0\MEng_Project_Arm\MEng_Project_02\ArduinoCore\Debug\libArduinoCore.a(twi.o)
 .bss.twi_onSlaveReceive
                0x00800502        0x2 C:\Users\marotron\Documents\Atmel Studio\7.0\MEng_Project_Arm\MEng_Project_02\ArduinoCore\Debug\libArduinoCore.a(twi.o)
 .bss.twi_onSlaveTransmit
                0x00800504        0x2 C:\Users\marotron\Documents\Atmel Studio\7.0\MEng_Project_Arm\MEng_Project_02\ArduinoCore\Debug\libArduinoCore.a(twi.o)
 .bss.twi_inRepStart
                0x00800506        0x1 C:\Users\marotron\Documents\Atmel Studio\7.0\MEng_Project_Arm\MEng_Project_02\ArduinoCore\Debug\libArduinoCore.a(twi.o)
 .bss.twi_sendStop
                0x00800507        0x1 C:\Users\marotron\Documents\Atmel Studio\7.0\MEng_Project_Arm\MEng_Project_02\ArduinoCore\Debug\libArduinoCore.a(twi.o)
 .bss.twi_slarw
                0x00800508        0x1 C:\Users\marotron\Documents\Atmel Studio\7.0\MEng_Project_Arm\MEng_Project_02\ArduinoCore\Debug\libArduinoCore.a(twi.o)
 .bss.twi_state
                0x00800509        0x1 C:\Users\marotron\Documents\Atmel Studio\7.0\MEng_Project_Arm\MEng_Project_02\ArduinoCore\Debug\libArduinoCore.a(twi.o)
 *(COMMON)
                0x0080050a                PROVIDE (__bss_end, .)
                0x00002690                __data_load_start = LOADADDR (.data)
                0x00002778                __data_load_end = (__data_load_start + SIZEOF (.data))

.noinit         0x0080050a        0x0
                [!provide]                PROVIDE (__noinit_start, .)
 *(.noinit*)
                [!provide]                PROVIDE (__noinit_end, .)
                0x0080050a                _end = .
                0x0080050a                PROVIDE (__heap_start, .)

.eeprom         0x00810000        0x0
 *(.eeprom*)
                0x00810000                __eeprom_end = .

.fuse
 *(.fuse)
 *(.lfuse)
 *(.hfuse)
 *(.efuse)

.lock
 *(.lock*)

.signature
 *(.signature*)

.user_signatures
 *(.user_signatures*)

.stab
 *(.stab)

.stabstr
 *(.stabstr)

.stab.excl
 *(.stab.excl)

.stab.exclstr
 *(.stab.exclstr)

.stab.index
 *(.stab.index)

.stab.indexstr
 *(.stab.indexstr)

.comment        0x00000000       0x5c
 *(.comment)
 .comment       0x00000000       0x30 Main.o
                                 0x31 (size before relaxing)
 .comment       0x00000030       0x31 C:\Users\marotron\Documents\Atmel Studio\7.0\MEng_Project_Arm\MEng_Project_02\ArduinoCore\Debug\libArduinoCore.a(HardwareSerial.o)
 .comment       0x00000030       0x31 C:\Users\marotron\Documents\Atmel Studio\7.0\MEng_Project_Arm\MEng_Project_02\ArduinoCore\Debug\libArduinoCore.a(HardwareSerial0.o)
 .comment       0x00000030       0x31 C:\Users\marotron\Documents\Atmel Studio\7.0\MEng_Project_Arm\MEng_Project_02\ArduinoCore\Debug\libArduinoCore.a(HardwareSerial1.o)
 .comment       0x00000030       0x31 C:\Users\marotron\Documents\Atmel Studio\7.0\MEng_Project_Arm\MEng_Project_02\ArduinoCore\Debug\libArduinoCore.a(main.o)
 .comment       0x00000030       0x31 C:\Users\marotron\Documents\Atmel Studio\7.0\MEng_Project_Arm\MEng_Project_02\ArduinoCore\Debug\libArduinoCore.a(Print.o)
 .comment       0x00000030       0x31 C:\Users\marotron\Documents\Atmel Studio\7.0\MEng_Project_Arm\MEng_Project_02\ArduinoCore\Debug\libArduinoCore.a(wiring.o)
 .comment       0x00000030       0x31 C:\Users\marotron\Documents\Atmel Studio\7.0\MEng_Project_Arm\MEng_Project_02\ArduinoCore\Debug\libArduinoCore.a(wiring_digital.o)
 .comment       0x00000030       0x31 C:\Users\marotron\Documents\Atmel Studio\7.0\MEng_Project_Arm\MEng_Project_02\ArduinoCore\Debug\libArduinoCore.a(LiquidCrystal_I2C.o)
 .comment       0x00000030       0x31 C:\Users\marotron\Documents\Atmel Studio\7.0\MEng_Project_Arm\MEng_Project_02\ArduinoCore\Debug\libArduinoCore.a(Wire.o)
 .comment       0x00000030       0x31 C:\Users\marotron\Documents\Atmel Studio\7.0\MEng_Project_Arm\MEng_Project_02\ArduinoCore\Debug\libArduinoCore.a(hooks.o)
 .comment       0x00000030       0x31 C:\Users\marotron\Documents\Atmel Studio\7.0\MEng_Project_Arm\MEng_Project_02\ArduinoCore\Debug\libArduinoCore.a(twi.o)
 .comment       0x00000030       0x31 c:/program files (x86)/atmel/studio/7.0/toolchain/avr8/avr8-gnu-toolchain/bin/../lib/gcc/avr/5.4.0/../../../../avr/lib/avr6\libc.a(sprintf.o)
 .comment       0x00000030       0x2c c:/program files (x86)/atmel/studio/7.0/toolchain/avr8/avr8-gnu-toolchain/bin/../lib/gcc/avr/5.4.0/../../../../avr/lib/avr6\libc.a(vfprintf_std.o)
                                 0x2d (size before relaxing)
 .comment       0x0000005c       0x31 c:/program files (x86)/atmel/studio/7.0/toolchain/avr8/avr8-gnu-toolchain/bin/../lib/gcc/avr/5.4.0/../../../../avr/lib/avr6\libc.a(fputc.o)

.note.gnu.avr.deviceinfo
                0x00000000       0x40
 .note.gnu.avr.deviceinfo
                0x00000000       0x40 C:/Program Files (x86)/Atmel/Studio/7.0/Packs/atmel/ATmega_DFP/1.2.209/gcc/dev/atmega2560/avr6/crtatmega2560.o

.note.gnu.build-id
 *(.note.gnu.build-id)

.debug
 *(.debug)

.line
 *(.line)

.debug_srcinfo
 *(.debug_srcinfo)

.debug_sfnames
 *(.debug_sfnames)

.debug_aranges  0x00000000      0x700
 *(.debug_aranges)
 .debug_aranges
                0x00000000      0x150 Main.o
 .debug_aranges
                0x00000150       0x68 C:\Users\marotron\Documents\Atmel Studio\7.0\MEng_Project_Arm\MEng_Project_02\ArduinoCore\Debug\libArduinoCore.a(HardwareSerial.o)
 .debug_aranges
                0x000001b8       0x48 C:\Users\marotron\Documents\Atmel Studio\7.0\MEng_Project_Arm\MEng_Project_02\ArduinoCore\Debug\libArduinoCore.a(HardwareSerial0.o)
 .debug_aranges
                0x00000200       0x48 C:\Users\marotron\Documents\Atmel Studio\7.0\MEng_Project_Arm\MEng_Project_02\ArduinoCore\Debug\libArduinoCore.a(HardwareSerial1.o)
 .debug_aranges
                0x00000248       0x30 C:\Users\marotron\Documents\Atmel Studio\7.0\MEng_Project_Arm\MEng_Project_02\ArduinoCore\Debug\libArduinoCore.a(main.o)
 .debug_aranges
                0x00000278      0x100 C:\Users\marotron\Documents\Atmel Studio\7.0\MEng_Project_Arm\MEng_Project_02\ArduinoCore\Debug\libArduinoCore.a(Print.o)
 .debug_aranges
                0x00000378       0x48 C:\Users\marotron\Documents\Atmel Studio\7.0\MEng_Project_Arm\MEng_Project_02\ArduinoCore\Debug\libArduinoCore.a(wiring.o)
 .debug_aranges
                0x000003c0       0x38 C:\Users\marotron\Documents\Atmel Studio\7.0\MEng_Project_Arm\MEng_Project_02\ArduinoCore\Debug\libArduinoCore.a(wiring_digital.o)
 .debug_aranges
                0x000003f8      0x170 C:\Users\marotron\Documents\Atmel Studio\7.0\MEng_Project_Arm\MEng_Project_02\ArduinoCore\Debug\libArduinoCore.a(LiquidCrystal_I2C.o)
 .debug_aranges
                0x00000568       0xf8 C:\Users\marotron\Documents\Atmel Studio\7.0\MEng_Project_Arm\MEng_Project_02\ArduinoCore\Debug\libArduinoCore.a(Wire.o)
 .debug_aranges
                0x00000660       0x20 C:\Users\marotron\Documents\Atmel Studio\7.0\MEng_Project_Arm\MEng_Project_02\ArduinoCore\Debug\libArduinoCore.a(hooks.o)
 .debug_aranges
                0x00000680       0x80 C:\Users\marotron\Documents\Atmel Studio\7.0\MEng_Project_Arm\MEng_Project_02\ArduinoCore\Debug\libArduinoCore.a(twi.o)

.debug_pubnames
 *(.debug_pubnames)

.debug_info     0x00000000    0x11ea8
 *(.debug_info .gnu.linkonce.wi.*)
 .debug_info    0x00000000      0xbbc C:/Program Files (x86)/Atmel/Studio/7.0/Packs/atmel/ATmega_DFP/1.2.209/gcc/dev/atmega2560/avr6/crtatmega2560.o
 .debug_info    0x00000bbc     0x3dd2 Main.o
 .debug_info    0x0000498e     0x205e C:\Users\marotron\Documents\Atmel Studio\7.0\MEng_Project_Arm\MEng_Project_02\ArduinoCore\Debug\libArduinoCore.a(HardwareSerial.o)
 .debug_info    0x000069ec     0x1b74 C:\Users\marotron\Documents\Atmel Studio\7.0\MEng_Project_Arm\MEng_Project_02\ArduinoCore\Debug\libArduinoCore.a(HardwareSerial0.o)
 .debug_info    0x00008560     0x1b74 C:\Users\marotron\Documents\Atmel Studio\7.0\MEng_Project_Arm\MEng_Project_02\ArduinoCore\Debug\libArduinoCore.a(HardwareSerial1.o)
 .debug_info    0x0000a0d4      0x295 C:\Users\marotron\Documents\Atmel Studio\7.0\MEng_Project_Arm\MEng_Project_02\ArduinoCore\Debug\libArduinoCore.a(main.o)
 .debug_info    0x0000a369     0x295d C:\Users\marotron\Documents\Atmel Studio\7.0\MEng_Project_Arm\MEng_Project_02\ArduinoCore\Debug\libArduinoCore.a(Print.o)
 .debug_info    0x0000ccc6      0x329 C:\Users\marotron\Documents\Atmel Studio\7.0\MEng_Project_Arm\MEng_Project_02\ArduinoCore\Debug\libArduinoCore.a(wiring.o)
 .debug_info    0x0000cfef      0x63a C:\Users\marotron\Documents\Atmel Studio\7.0\MEng_Project_Arm\MEng_Project_02\ArduinoCore\Debug\libArduinoCore.a(wiring_digital.o)
 .debug_info    0x0000d629     0x1a2f C:\Users\marotron\Documents\Atmel Studio\7.0\MEng_Project_Arm\MEng_Project_02\ArduinoCore\Debug\libArduinoCore.a(LiquidCrystal_I2C.o)
 .debug_info    0x0000f058     0x27b0 C:\Users\marotron\Documents\Atmel Studio\7.0\MEng_Project_Arm\MEng_Project_02\ArduinoCore\Debug\libArduinoCore.a(Wire.o)
 .debug_info    0x00011808       0x3e C:\Users\marotron\Documents\Atmel Studio\7.0\MEng_Project_Arm\MEng_Project_02\ArduinoCore\Debug\libArduinoCore.a(hooks.o)
 .debug_info    0x00011846      0x662 C:\Users\marotron\Documents\Atmel Studio\7.0\MEng_Project_Arm\MEng_Project_02\ArduinoCore\Debug\libArduinoCore.a(twi.o)

.debug_abbrev   0x00000000     0x31ce
 *(.debug_abbrev)
 .debug_abbrev  0x00000000      0xb1a C:/Program Files (x86)/Atmel/Studio/7.0/Packs/atmel/ATmega_DFP/1.2.209/gcc/dev/atmega2560/avr6/crtatmega2560.o
 .debug_abbrev  0x00000b1a      0x62e Main.o
 .debug_abbrev  0x00001148      0x4b7 C:\Users\marotron\Documents\Atmel Studio\7.0\MEng_Project_Arm\MEng_Project_02\ArduinoCore\Debug\libArduinoCore.a(HardwareSerial.o)
 .debug_abbrev  0x000015ff      0x3ce C:\Users\marotron\Documents\Atmel Studio\7.0\MEng_Project_Arm\MEng_Project_02\ArduinoCore\Debug\libArduinoCore.a(HardwareSerial0.o)
 .debug_abbrev  0x000019cd      0x3ce C:\Users\marotron\Documents\Atmel Studio\7.0\MEng_Project_Arm\MEng_Project_02\ArduinoCore\Debug\libArduinoCore.a(HardwareSerial1.o)
 .debug_abbrev  0x00001d9b      0x12d C:\Users\marotron\Documents\Atmel Studio\7.0\MEng_Project_Arm\MEng_Project_02\ArduinoCore\Debug\libArduinoCore.a(main.o)
 .debug_abbrev  0x00001ec8      0x47a C:\Users\marotron\Documents\Atmel Studio\7.0\MEng_Project_Arm\MEng_Project_02\ArduinoCore\Debug\libArduinoCore.a(Print.o)
 .debug_abbrev  0x00002342      0x146 C:\Users\marotron\Documents\Atmel Studio\7.0\MEng_Project_Arm\MEng_Project_02\ArduinoCore\Debug\libArduinoCore.a(wiring.o)
 .debug_abbrev  0x00002488      0x15a C:\Users\marotron\Documents\Atmel Studio\7.0\MEng_Project_Arm\MEng_Project_02\ArduinoCore\Debug\libArduinoCore.a(wiring_digital.o)
 .debug_abbrev  0x000025e2      0x3e1 C:\Users\marotron\Documents\Atmel Studio\7.0\MEng_Project_Arm\MEng_Project_02\ArduinoCore\Debug\libArduinoCore.a(LiquidCrystal_I2C.o)
 .debug_abbrev  0x000029c3      0x581 C:\Users\marotron\Documents\Atmel Studio\7.0\MEng_Project_Arm\MEng_Project_02\ArduinoCore\Debug\libArduinoCore.a(Wire.o)
 .debug_abbrev  0x00002f44       0x2a C:\Users\marotron\Documents\Atmel Studio\7.0\MEng_Project_Arm\MEng_Project_02\ArduinoCore\Debug\libArduinoCore.a(hooks.o)
 .debug_abbrev  0x00002f6e      0x260 C:\Users\marotron\Documents\Atmel Studio\7.0\MEng_Project_Arm\MEng_Project_02\ArduinoCore\Debug\libArduinoCore.a(twi.o)

.debug_line     0x00000000     0x396a
 *(.debug_line .debug_line.* .debug_line_end)
 .debug_line    0x00000000      0x1f9 C:/Program Files (x86)/Atmel/Studio/7.0/Packs/atmel/ATmega_DFP/1.2.209/gcc/dev/atmega2560/avr6/crtatmega2560.o
 .debug_line    0x000001f9      0xd1c Main.o
 .debug_line    0x00000f15      0x527 C:\Users\marotron\Documents\Atmel Studio\7.0\MEng_Project_Arm\MEng_Project_02\ArduinoCore\Debug\libArduinoCore.a(HardwareSerial.o)
 .debug_line    0x0000143c      0x288 C:\Users\marotron\Documents\Atmel Studio\7.0\MEng_Project_Arm\MEng_Project_02\ArduinoCore\Debug\libArduinoCore.a(HardwareSerial0.o)
 .debug_line    0x000016c4      0x288 C:\Users\marotron\Documents\Atmel Studio\7.0\MEng_Project_Arm\MEng_Project_02\ArduinoCore\Debug\libArduinoCore.a(HardwareSerial1.o)
 .debug_line    0x0000194c      0x161 C:\Users\marotron\Documents\Atmel Studio\7.0\MEng_Project_Arm\MEng_Project_02\ArduinoCore\Debug\libArduinoCore.a(main.o)
 .debug_line    0x00001aad      0x681 C:\Users\marotron\Documents\Atmel Studio\7.0\MEng_Project_Arm\MEng_Project_02\ArduinoCore\Debug\libArduinoCore.a(Print.o)
 .debug_line    0x0000212e      0x2cb C:\Users\marotron\Documents\Atmel Studio\7.0\MEng_Project_Arm\MEng_Project_02\ArduinoCore\Debug\libArduinoCore.a(wiring.o)
 .debug_line    0x000023f9      0x284 C:\Users\marotron\Documents\Atmel Studio\7.0\MEng_Project_Arm\MEng_Project_02\ArduinoCore\Debug\libArduinoCore.a(wiring_digital.o)
 .debug_line    0x0000267d      0x7cf C:\Users\marotron\Documents\Atmel Studio\7.0\MEng_Project_Arm\MEng_Project_02\ArduinoCore\Debug\libArduinoCore.a(LiquidCrystal_I2C.o)
 .debug_line    0x00002e4c      0x5ec C:\Users\marotron\Documents\Atmel Studio\7.0\MEng_Project_Arm\MEng_Project_02\ArduinoCore\Debug\libArduinoCore.a(Wire.o)
 .debug_line    0x00003438       0x41 C:\Users\marotron\Documents\Atmel Studio\7.0\MEng_Project_Arm\MEng_Project_02\ArduinoCore\Debug\libArduinoCore.a(hooks.o)
 .debug_line    0x00003479      0x4f1 C:\Users\marotron\Documents\Atmel Studio\7.0\MEng_Project_Arm\MEng_Project_02\ArduinoCore\Debug\libArduinoCore.a(twi.o)

.debug_frame    0x00000000     0x1414
 *(.debug_frame)
 .debug_frame   0x00000000      0x4ac Main.o
 .debug_frame   0x000004ac      0x110 C:\Users\marotron\Documents\Atmel Studio\7.0\MEng_Project_Arm\MEng_Project_02\ArduinoCore\Debug\libArduinoCore.a(HardwareSerial.o)
 .debug_frame   0x000005bc       0xe0 C:\Users\marotron\Documents\Atmel Studio\7.0\MEng_Project_Arm\MEng_Project_02\ArduinoCore\Debug\libArduinoCore.a(HardwareSerial0.o)
 .debug_frame   0x0000069c       0xe0 C:\Users\marotron\Documents\Atmel Studio\7.0\MEng_Project_Arm\MEng_Project_02\ArduinoCore\Debug\libArduinoCore.a(HardwareSerial1.o)
 .debug_frame   0x0000077c       0x54 C:\Users\marotron\Documents\Atmel Studio\7.0\MEng_Project_Arm\MEng_Project_02\ArduinoCore\Debug\libArduinoCore.a(main.o)
 .debug_frame   0x000007d0      0x3ac C:\Users\marotron\Documents\Atmel Studio\7.0\MEng_Project_Arm\MEng_Project_02\ArduinoCore\Debug\libArduinoCore.a(Print.o)
 .debug_frame   0x00000b7c       0xc4 C:\Users\marotron\Documents\Atmel Studio\7.0\MEng_Project_Arm\MEng_Project_02\ArduinoCore\Debug\libArduinoCore.a(wiring.o)
 .debug_frame   0x00000c40       0x7c C:\Users\marotron\Documents\Atmel Studio\7.0\MEng_Project_Arm\MEng_Project_02\ArduinoCore\Debug\libArduinoCore.a(wiring_digital.o)
 .debug_frame   0x00000cbc      0x380 C:\Users\marotron\Documents\Atmel Studio\7.0\MEng_Project_Arm\MEng_Project_02\ArduinoCore\Debug\libArduinoCore.a(LiquidCrystal_I2C.o)
 .debug_frame   0x0000103c      0x280 C:\Users\marotron\Documents\Atmel Studio\7.0\MEng_Project_Arm\MEng_Project_02\ArduinoCore\Debug\libArduinoCore.a(Wire.o)
 .debug_frame   0x000012bc       0x24 C:\Users\marotron\Documents\Atmel Studio\7.0\MEng_Project_Arm\MEng_Project_02\ArduinoCore\Debug\libArduinoCore.a(hooks.o)
 .debug_frame   0x000012e0      0x134 C:\Users\marotron\Documents\Atmel Studio\7.0\MEng_Project_Arm\MEng_Project_02\ArduinoCore\Debug\libArduinoCore.a(twi.o)

.debug_str      0x00000000     0x38f2
 *(.debug_str)
 .debug_str     0x00000000      0x3e6 C:/Program Files (x86)/Atmel/Studio/7.0/Packs/atmel/ATmega_DFP/1.2.209/gcc/dev/atmega2560/avr6/crtatmega2560.o
 .debug_str     0x000003e6     0x15d4 Main.o
                               0x16c4 (size before relaxing)
 .debug_str     0x000019ba      0x85f C:\Users\marotron\Documents\Atmel Studio\7.0\MEng_Project_Arm\MEng_Project_02\ArduinoCore\Debug\libArduinoCore.a(HardwareSerial.o)
                               0x1700 (size before relaxing)
 .debug_str     0x00002219       0x86 C:\Users\marotron\Documents\Atmel Studio\7.0\MEng_Project_Arm\MEng_Project_02\ArduinoCore\Debug\libArduinoCore.a(HardwareSerial0.o)
                               0x141b (size before relaxing)
 .debug_str     0x0000229f       0x47 C:\Users\marotron\Documents\Atmel Studio\7.0\MEng_Project_Arm\MEng_Project_02\ArduinoCore\Debug\libArduinoCore.a(HardwareSerial1.o)
                               0x141c (size before relaxing)
 .debug_str     0x000022e6       0x37 C:\Users\marotron\Documents\Atmel Studio\7.0\MEng_Project_Arm\MEng_Project_02\ArduinoCore\Debug\libArduinoCore.a(main.o)
                                0x2c7 (size before relaxing)
 .debug_str     0x0000231d      0x325 C:\Users\marotron\Documents\Atmel Studio\7.0\MEng_Project_Arm\MEng_Project_02\ArduinoCore\Debug\libArduinoCore.a(Print.o)
                               0x1255 (size before relaxing)
 .debug_str     0x00002642      0x164 C:\Users\marotron\Documents\Atmel Studio\7.0\MEng_Project_Arm\MEng_Project_02\ArduinoCore\Debug\libArduinoCore.a(wiring.o)
                                0x25d (size before relaxing)
 .debug_str     0x000027a6       0xc2 C:\Users\marotron\Documents\Atmel Studio\7.0\MEng_Project_Arm\MEng_Project_02\ArduinoCore\Debug\libArduinoCore.a(wiring_digital.o)
                                0x2c2 (size before relaxing)
 .debug_str     0x00002868      0xa13 C:\Users\marotron\Documents\Atmel Studio\7.0\MEng_Project_Arm\MEng_Project_02\ArduinoCore\Debug\libArduinoCore.a(LiquidCrystal_I2C.o)
                                0xe24 (size before relaxing)
 .debug_str     0x0000327b      0x50a C:\Users\marotron\Documents\Atmel Studio\7.0\MEng_Project_Arm\MEng_Project_02\ArduinoCore\Debug\libArduinoCore.a(Wire.o)
                               0x18d4 (size before relaxing)
 .debug_str     0x00003785       0x1c C:\Users\marotron\Documents\Atmel Studio\7.0\MEng_Project_Arm\MEng_Project_02\ArduinoCore\Debug\libArduinoCore.a(hooks.o)
                                0x152 (size before relaxing)
 .debug_str     0x000037a1      0x151 C:\Users\marotron\Documents\Atmel Studio\7.0\MEng_Project_Arm\MEng_Project_02\ArduinoCore\Debug\libArduinoCore.a(twi.o)
                                0x3dd (size before relaxing)

.debug_loc      0x00000000     0x6201
 *(.debug_loc)
 .debug_loc     0x00000000     0x18f8 Main.o
 .debug_loc     0x000018f8      0x4dc C:\Users\marotron\Documents\Atmel Studio\7.0\MEng_Project_Arm\MEng_Project_02\ArduinoCore\Debug\libArduinoCore.a(HardwareSerial.o)
 .debug_loc     0x00001dd4      0x1b0 C:\Users\marotron\Documents\Atmel Studio\7.0\MEng_Project_Arm\MEng_Project_02\ArduinoCore\Debug\libArduinoCore.a(HardwareSerial0.o)
 .debug_loc     0x00001f84      0x1b0 C:\Users\marotron\Documents\Atmel Studio\7.0\MEng_Project_Arm\MEng_Project_02\ArduinoCore\Debug\libArduinoCore.a(HardwareSerial1.o)
 .debug_loc     0x00002134     0x1c87 C:\Users\marotron\Documents\Atmel Studio\7.0\MEng_Project_Arm\MEng_Project_02\ArduinoCore\Debug\libArduinoCore.a(Print.o)
 .debug_loc     0x00003dbb      0x28d C:\Users\marotron\Documents\Atmel Studio\7.0\MEng_Project_Arm\MEng_Project_02\ArduinoCore\Debug\libArduinoCore.a(wiring.o)
 .debug_loc     0x00004048      0x56b C:\Users\marotron\Documents\Atmel Studio\7.0\MEng_Project_Arm\MEng_Project_02\ArduinoCore\Debug\libArduinoCore.a(wiring_digital.o)
 .debug_loc     0x000045b3      0xc82 C:\Users\marotron\Documents\Atmel Studio\7.0\MEng_Project_Arm\MEng_Project_02\ArduinoCore\Debug\libArduinoCore.a(LiquidCrystal_I2C.o)
 .debug_loc     0x00005235      0xbe6 C:\Users\marotron\Documents\Atmel Studio\7.0\MEng_Project_Arm\MEng_Project_02\ArduinoCore\Debug\libArduinoCore.a(Wire.o)
 .debug_loc     0x00005e1b      0x3e6 C:\Users\marotron\Documents\Atmel Studio\7.0\MEng_Project_Arm\MEng_Project_02\ArduinoCore\Debug\libArduinoCore.a(twi.o)

.debug_macinfo
 *(.debug_macinfo)

.debug_weaknames
 *(.debug_weaknames)

.debug_funcnames
 *(.debug_funcnames)

.debug_typenames
 *(.debug_typenames)

.debug_varnames
 *(.debug_varnames)

.debug_pubtypes
 *(.debug_pubtypes)

.debug_ranges   0x00000000      0x6a0
 *(.debug_ranges)
 .debug_ranges  0x00000000      0x170 Main.o
 .debug_ranges  0x00000170       0x58 C:\Users\marotron\Documents\Atmel Studio\7.0\MEng_Project_Arm\MEng_Project_02\ArduinoCore\Debug\libArduinoCore.a(HardwareSerial.o)
 .debug_ranges  0x000001c8       0x38 C:\Users\marotron\Documents\Atmel Studio\7.0\MEng_Project_Arm\MEng_Project_02\ArduinoCore\Debug\libArduinoCore.a(HardwareSerial0.o)
 .debug_ranges  0x00000200       0x38 C:\Users\marotron\Documents\Atmel Studio\7.0\MEng_Project_Arm\MEng_Project_02\ArduinoCore\Debug\libArduinoCore.a(HardwareSerial1.o)
 .debug_ranges  0x00000238       0x20 C:\Users\marotron\Documents\Atmel Studio\7.0\MEng_Project_Arm\MEng_Project_02\ArduinoCore\Debug\libArduinoCore.a(main.o)
 .debug_ranges  0x00000258      0x120 C:\Users\marotron\Documents\Atmel Studio\7.0\MEng_Project_Arm\MEng_Project_02\ArduinoCore\Debug\libArduinoCore.a(Print.o)
 .debug_ranges  0x00000378       0x38 C:\Users\marotron\Documents\Atmel Studio\7.0\MEng_Project_Arm\MEng_Project_02\ArduinoCore\Debug\libArduinoCore.a(wiring.o)
 .debug_ranges  0x000003b0       0x28 C:\Users\marotron\Documents\Atmel Studio\7.0\MEng_Project_Arm\MEng_Project_02\ArduinoCore\Debug\libArduinoCore.a(wiring_digital.o)
 .debug_ranges  0x000003d8      0x160 C:\Users\marotron\Documents\Atmel Studio\7.0\MEng_Project_Arm\MEng_Project_02\ArduinoCore\Debug\libArduinoCore.a(LiquidCrystal_I2C.o)
 .debug_ranges  0x00000538       0xe8 C:\Users\marotron\Documents\Atmel Studio\7.0\MEng_Project_Arm\MEng_Project_02\ArduinoCore\Debug\libArduinoCore.a(Wire.o)
 .debug_ranges  0x00000620       0x10 C:\Users\marotron\Documents\Atmel Studio\7.0\MEng_Project_Arm\MEng_Project_02\ArduinoCore\Debug\libArduinoCore.a(hooks.o)
 .debug_ranges  0x00000630       0x70 C:\Users\marotron\Documents\Atmel Studio\7.0\MEng_Project_Arm\MEng_Project_02\ArduinoCore\Debug\libArduinoCore.a(twi.o)

.debug_macro
 *(.debug_macro)
OUTPUT(MEngProjectArm.elf elf32-avr)
LOAD linker stubs
